Open Watcom Linker Version 1.9
Portions Copyright (c) 1985-2002 Sybase, Inc. All Rights Reserved.
Created on:       20/06/03 18:31:49
Executable Image: lab42.exe
creating a Windows NT character-mode executable


                        +------------+
                        |   Groups   |
                        +------------+

Group                           Address              Size
=====                           =======              ====

.idata                          00416000             00000786
DGROUP                          00417000             00013170



                        +--------------+
                        |   Segments   |
                        +--------------+

Segment                Class          Group          Address         Size
=======                =====          =====          =======         ====

BEGTEXT                CODE           AUTO           00401000        00000007
_TEXT                  CODE           AUTO           00401010        00014c88
TRANSFER CODE          CODE           AUTO           00415c98        0000019e
.idata                 .idata         .idata         00416000        00000786
_NULL                  BEGDATA        DGROUP         00417000        00000004
_AFTERNULL             BEGDATA        DGROUP         00417004        00000000
CONST                  DATA           DGROUP         00417010        000002f4
_DATA                  DATA           DGROUP         00417310        0000111c
XIB                    DATA           DGROUP         0041842c        00000000
XI                     DATA           DGROUP         0041842c        0000004e
XIE                    DATA           DGROUP         0041847a        00000000
YIB                    DATA           DGROUP         0041847a        00000000
YI                     DATA           DGROUP         0041847a        00000030
YIE                    DATA           DGROUP         004184aa        00000000
CONST2                 DATA           DGROUP         004184ac        00000000
DATA32                 DATA           DGROUP         004184ac        00000134
TIB                    DATA           DGROUP         004185e0        00000000
TI                     DATA           DGROUP         004185e0        00000000
TIE                    DATA           DGROUP         004185e0        00000000
DATA                   DATA           DGROUP         004185e0        00000000
CONST32                CONST          DGROUP         00419000        00000000
_BSS                   BSS            DGROUP         00419000        00001170
BSS32                  BSS            DGROUP         0041a170        00000000
STACK                  STACK          DGROUP         0041a170        00010000


                        +----------------+
                        |   Memory Map   |
                        +----------------+

* = unreferenced symbol
+ = symbol only referenced locally

Address        Symbol
=======        ======

Module: laba42.obj(C:\Users\angry\OneDrive\Desktop\lab4\lab4.2\laba42.for)
00401010+      F
0040104c+      G
0040108a+      RECTPOLY
00401148+      RECTOSCIL
00401202+      SIMPPOLY
00401353+      SIMPOSCIL
00401497+      GAUSSPOLY
00401655+      GAUSSOSCIL
0040180f       FMAIN
Module: D:\WATCOM/lib386\math387r.lib(trig87)
00402101*      sin_
004020f5*      cos_
00402122*      tan_
004020b4*      IF@COS
004020b4       IF@DCOS
004020be*      IF@SIN
004020be*      IF@DSIN
0040210d*      IF@TAN
0040210d*      IF@DTAN
Module: D:\WATCOM/lib386\math387r.lib(exp87)
00402197*      exp_
00402130*      __@DEXP1
00402138*      IF@EXP
00402138       IF@DEXP
0040213a       __@DEXP
Module: D:\WATCOM/lib386\math387r.lib(pow87)
004022fd*      pow_
004021a4       IF@DPOW
004021a4*      IF@POW
Module: D:\WATCOM/lib386/nt\flib7.lib(cowrite)
0040230d       RT@IOWrite
0040231c*      RT@OutLOG1
0040232e*      RT@OutLOG4
0040233c*      RT@OutINT1
0040234e*      RT@OutINT2
0040235e       RT@OutINT4
0040236d*      RT@OutREAL
0040237d       RT@OutDBLE
0040238d*      RT@OutXTND
0040239d*      RT@OutCPLX
004023b3*      RT@OutDBCX
004023c9*      RT@OutXTCX
004023df       RT@OutCHAR
004023e4*      RT@OutSTR
004023e9*      RT@PrtArr
004023ee*      RT@PrtChArr
Module: D:\WATCOM/lib386/nt\flib7.lib(cortns)
004173e4*      _FRT_SaveESP
004023fe*      SwitchToGen
0040241c       SwitchToRT
0040243a       RdWrCommon
004024de       IOType_
004024fc       IOChar
00402517       IOStr
0040252c       IOArr
00402547       IOChArr
00402569       RT@EndIO
Module: D:\WATCOM/lib386/nt\flib7.lib(coread)
00402573       RT@IORead
00402582*      RT@InpLOG1
00402591*      RT@InpLOG4
004025a0*      RT@InpINT1
004025af*      RT@InpINT2
004025be       RT@InpINT4
004025cd*      RT@InpREAL
004025dc       RT@InpDBLE
004025eb*      RT@InpXTND
004025fa*      RT@InpCPLX
00402609*      RT@InpDBCX
00402618*      RT@InpXTCX
00402627*      RT@InpCHAR
0040262c*      RT@InpSTR
00402631*      RT@InpArr
00402636*      RT@InpChArr
Module: D:\WATCOM/lib386/nt\flib7.lib(setunit.c)
00402640       RT@SetUnit
Module: D:\WATCOM/lib386/nt\flib7.lib(setfile.c)
00402680       RT@SetFile
Module: D:\WATCOM/lib386/nt\flib7.lib(setstat.c)
004026a0       RT@SetStat
Module: D:\WATCOM/lib386/nt\flib7.lib(seterr.c)
004026c0       RT@SetErr
Module: D:\WATCOM/lib386/nt\flib7.lib(exopen.c)
00402e00       RT@IOOpen
00417404+      _AccModTab
00417414+      _FormTab
00417420+      _OpStatTab
00417434+      _BlnkTab
00417440+      _RecFmTab
00417450+      _CCtrlTab
0041745c+      _ActionTab
0041746c+      _ShareTab
Module: D:\WATCOM/lib386/nt\flib7.lib(setfmt.c)
00402e20       RT@SetFmt
Module: D:\WATCOM/lib386/nt\flib7.lib(exclose.c)
00402f30       RT@IOClose
Module: D:\WATCOM/lib386/nt\flib7.lib(pause.c)
00402f60       RT@Pause
00417494*      LG@PAUSE_HOOK
Module: D:\WATCOM/lib386/nt\clib3r.lib(cstrtwnt)
00402fa4       _cstart_
00402fa4*      mainCRTStartup
Module: D:\WATCOM/lib386/nt\clib3r.lib(_8087)
00417498       __8087
00417499       __real87
Module: D:\WATCOM/lib386/nt\emu387.lib(386)
00403000       __init_387_emulator
00403001*      __fini_387_emulator
Module: D:\WATCOM/lib386/nt\flib7.lib(initeng.c)
00419080       __init_english
Module: D:\WATCOM/lib386/nt\flib7.lib(initerr.c)
00419084       __init_error
Module: D:\WATCOM/lib386/nt\clib3r.lib(chipvar)
0041749c       ___chipbug
0041749c       __chipbug
Module: D:\WATCOM/lib386/nt\clib3r.lib(chipt32.asm)
00403010       __fptan_chk
Module: D:\WATCOM/lib386\math387r.lib(math87e.c)
004030c2       __math87_err_
Module: D:\WATCOM/lib386\math387r.lib(pow87e.c)
0040312d       __pow87_err_
Module: D:\WATCOM/lib386/nt\clib3r.lib(chipd32.asm)
004032cb       __fdiv_fpr
0040378d*      __fdiv_chk
004037a0*      __fdiv_m32
004037ed*      __fdiv_m64
0040383a*      __fdiv_m32r
00403887*      __fdiv_m64r
Module: D:\WATCOM/lib386/nt\flib7.lib(exwrite.c)
00403950       DoWrite_
Module: D:\WATCOM/lib386/nt\flib7.lib(setiocb.c)
00403980       RT@SetIOCB
Module: D:\WATCOM/lib386/nt\flib7.lib(rdata.c)
00419090       _IORslt
004190a0       _FmtBuff
004190a4*      _Fmt_revert
004190a8*      _Fmt_start
004190ac*      _Fmt_paren_level
004190b0*      _Fmt_charptr
004190b4*      _FmtEmStruct
004190b8       _IOTypeRtn
004190bc*      _Fmt_end
004190c0*      _Fmt_rep_spec
004190c4       _FmtRoutine
004190c8       _IOCB
004190cc       _Files
004190d0*      _Fmt_delimited
Module: D:\WATCOM/lib386/nt\flib7.lib(iomain.c)
00403a10       __ReleaseIOSys_
00403a30       IOMain_
Module: D:\WATCOM/lib386/nt\clib3r.lib(crwdata)
004174e4       __osmajor
004174e5       __osminor
004174e6       __osbuild
004174e8       __osver
004174ec       __winmajor
004174f0       __winminor
004174f4       __winver
004174b0       __LpDllName
004174b4       __LpwCmdLine
004174b8       __LpwPgmName
004174bc       __LpwDllName
004174a8       __LpCmdLine
004174ac       __LpPgmName
004174a0*      __dynend
004174a4       __curbrk
004174c0*      __STACKLOW
004174c4       __STACKTOP
004174c8       __ASTACKSIZ
004174cc       __ASTACKPTR
004174d0*      __cbyte
004174d4*      __cbyte2
004174d8*      __child
004174de       __Envptr
004174e2*      __Envseg
004174dc       __no87
004174f8       ___FPE_handler
Module: D:\WATCOM/lib386/nt\flib7.lib(thrdutil.c)
00403c40*      __InitMultiThreadIO_
00417500       ___SwitchStkLow
Module: D:\WATCOM/lib386/nt\flib7.lib(exread.c)
00403cd0       DoRead_
Module: D:\WATCOM/lib386/nt\flib7.lib(rtutls.c)
00403d20       FindFtnFile_
00403e10       RChkAlloc_
00403e40       F_Connect_
00403ec0       ConnectFile_
00403ed0       GetFileInfo_
00403fc0       DiscoFile_
00404030*      ChkFileName_
00404060+      ChkLogFile_
004040a0       ChkIOOperation_
004040e0       GetIOErr_
004040f0       ChkIOErr_
00404110       ChkUnitId_
00404150*      ChkConnected_
00404170       SetEOF_
004041a0       ClearEOF_
004041e0       SysEOF_
00404210       IsFixed_
00404220       IsCarriage_
00404230*      ChkRecordStructure_
00404260*      ChkSequential_
00404280*      ChkExist_
004042b0       StrItem_
Module: D:\WATCOM/lib386/nt\flib7.lib(exutil.c)
00404330       FindKWord_
004043c0*      ClrBuff_
00417504       _SpecId
Module: D:\WATCOM/lib386/nt\flib7.lib(ioerr.c)
00404410       IOErr_
Module: D:\WATCOM/lib386/nt\flib7.lib(rtsysutl.c)
004044a0       GetSysIOInfo_
004044c0       GetSysFileInfo_
004044f0       IsDevice_
004046c0       OpenAction_
00404700*      DfltRecType_
00404720+      _FileAttrs_
004047e0       CloseFile_
00404850       Scrtched_
00404870       CloseDeleteFile_
004048c0       Errf_
004048e0       FPutBuff_
00404950       FGetBuff_
004049a0       SeekFile_
004049c0       NoEOF_
004049d0       SysClearEOF_
004049e0       SameFile_
004049f0*      Rewindf_
00404a10       SysCreateFile_
00404a50       CheckLogicalRecord_
00404a70       SkipLogicalRecord_
00404a90*      BackSpacef_
00404ac0*      EndFilef_
00404b00       GetIOErrMsg_
00404b40       ReportNExist_
00404b60       ReportEOF_
00404b70       WaitForEnter_
Module: D:\WATCOM/lib386/nt\flib7.lib(runmain.c)
00404b80*      __InitUnit6CC_
00404b90       __DevicesCC_
00404ba0*      __InitAllowCommaSeparator_
00404bb0       __AllowCommaSep_
00404bc0+      _InitIO_
00404c30+      CloseAllFiles_
00404c70*      _FiniEx_
00404c70       RunExit_
00404cb0       RunEntry_
Module: D:\WATCOM/lib386/nt\flib7.lib(rdwr.c)
00404ce0       DoOpen_
00404d10+      _AllocBuffer_
00404d50       IOPrologue_
00404f90       UpdateRecNum_
Module: D:\WATCOM/lib386/nt\flib7.lib(rfmtexec.c)
00405900       R_FExec_
Module: D:\WATCOM/lib386/nt\flib7.lib(rtinit.c)
00417530       ___FAppType
00417534       __ExceptionInit
00417538       __ExceptionFini
00405940*      __InitFThreadData_
00405980+      RTSysFini_
00405990       RTSysInit_
00417540       __AccessFIO
00417544       __ReleaseFIO
00417548       __PartialReleaseFIO
004190d8       ___FThreadDataOffset
0041844a*      ___fthread_data_size
Module: D:\WATCOM/lib386/nt\flib7.lib(rterr.c)
0041754c+      _TraceRoutine
00405a10       FlushStdUnit_
00405a60+      WriteErr_
00405b30       ErrHandler_
00405b70       RTErr_
00417558+      LG@ERR_HOOK
Module: D:\WATCOM/lib386/nt\flib7.lib(stdio.c)
00405bb0       StdBuffer_
00405bd0       StdWrite_
00405cb0       StdFlush_
00405ce0       StdWriteNL_
Module: D:\WATCOM/lib386/nt\clib3r.lib(main2wnt.c)
00405d10       __NTMain
Module: D:\WATCOM/lib386/nt\clib3r.lib(segdefns)
00401003       ___begtext
00417000*      __nullarea
0041842c       __Start_XI
0041847a       __End_XI
0041847a       __Start_YI
004184aa       __End_YI
Module: D:\WATCOM/lib386/nt\clib3r.lib(chk8087.c)
00405d90*      _fpreset_
00405dd0       __chk8087_
00405de0*      __init_8087_
Module: D:\WATCOM/lib386/nt\flib7.lib(english.c)
00405e30       __UseEnglishCharSet_
Module: D:\WATCOM/lib386/nt\flib7.lib(errincl.c)
00405f40       __InitError_
00417964+      _PGroupTable
00417968+      _PErrWord
Module: D:\WATCOM/lib386/nt\clib3r.lib(chipbug.c)
00405f60       __verify_pentium_fdiv_bug_
Module: D:\WATCOM/lib386/nt\flib7.lib(_matherr.c)
00405fc0*      __imath2err_
00406000*      __amath1err_
00406030*      __amath2err_
00406060       __math2err_
00406170       __math1err_
00406180*      __zmath2err_
004061e0*      __qmath2err_
Module: D:\WATCOM/lib386/nt\flib7.lib(unfmtout.c)
00406330       UnFmtOut_
Module: D:\WATCOM/lib386/nt\flib7.lib(freeout.c)
00406780       FreeOut_
0041796c+      _OutRtn
Module: D:\WATCOM/lib386/nt\clib3r.lib(mainwnt.c)
004179a0       ___TlsIndex
004179a4       ___FirstThreadData
004179a8       ___GetThreadPtr
004179ac       __AccessFileH
004179b0       __ReleaseFileH
004179b4       __AccessIOB
004179b8       __ReleaseIOB
004179bc       __AccessNHeap
004179c0       __AccessFHeap
004179c4       __ReleaseNHeap
00406870*      __threadid_
00406890+      __sig_null_rtn_
004068a0+      __NTInit_
00406a80+      __NTFini_
00406ae0       __NTMainInit_
00406b40       __exit_
004179c8       __ReleaseFHeap
004179cc       __AccessTDList
004179d0       __ReleaseTDList
004179d4       __AccessFList
004179d8       __ReleaseFList
004179dc       __ThreadExitRtn
004179e0       ___sig_init_rtn
004179e4       ___sig_fini_rtn
004179e8       ___process_fini
004190e8       ___Is_DLL
Module: D:\WATCOM/lib386/nt\flib7.lib(ioinit.c)
00406ba0       IOSysInit_
Module: D:\WATCOM/lib386/nt\flib7.lib(spawn.c)
00406bd0       Spawn_
00406c30       Suicide_
Module: D:\WATCOM/lib386/nt\flib7.lib(unfmtin.c)
00406c70       UnFmtIn_
00406d10+      NextUnFmtRec_
Module: D:\WATCOM/lib386/nt\flib7.lib(freein.c)
004070f0+      GetNum_
004072f0       FreeIn_
00407300*      DoFreeIn_
00407330+      BumpComma_
00407360+      Blanks_
00407380+      CheckEor_
Module: D:\WATCOM/lib386/nt\flib7.lib(fdutil.c)
00407990       LocFile_
004079a0       LocUnit_
004079d0       ExtractInfo_
Module: D:\WATCOM/lib386/nt\flib7.lib(rstdio.c)
00407b00       _InitStandardInput_
00407b30       _InitStandardOutput_
Module: D:\WATCOM/lib386/nt\flib7.lib(rmemmgr.c)
00407b60       RMemAlloc_
00407b70       RMemFree_
Module: D:\WATCOM/lib386/nt\clib3r.lib(memset.c)
00407b80       memset_
Module: D:\WATCOM/lib386/nt\flib7.lib(deffname.c)
004179f0       _DefFName
Module: D:\WATCOM/lib386/nt\flib7.lib(stracc.c)
00407ba0       TrimStr_
00407be0       GetStr_
Module: D:\WATCOM/lib386/nt\clib3r.lib(memicmp.c)
00407c10       memicmp_
Module: D:\WATCOM/lib386/nt\flib7.lib(blderr.c)
00407cd0       Substitute_
00407e90       ErrCodOrg_
Module: D:\WATCOM/lib386/nt\clib3r.lib(accsswnt.c)
00407ea0       access_
Module: D:\WATCOM/lib386/nt\clib3r.lib(fullpath.c)
00407ee0+      _sys_fullpath_
00407f60       _fullpath_
Module: D:\WATCOM/lib386/nt\clib3r.lib(fstatwnt.c)
00407fd0       fstat_
Module: D:\WATCOM/lib386/nt\flib7.lib(poserr.c)
00408330       Errorf_
00408350*      EOFile_
00408370       ErrorMsg_
004083b0       FSetTrunc_
004083c0       FSetSysErr_
004083e0       FSetErr_
00408400       FSetEof_
00408420       IOOk_
Module: D:\WATCOM/lib386/nt\clib3r.lib(statwnt.c)
00408545       stat_
Module: D:\WATCOM/lib386/nt\flib7.lib(posopen.c)
00408780       InitStd_
00408840       SetIOBufferSize_
00408860+      _AllocFile_
00408950       Openf_
00408a40       Closef_
Module: D:\WATCOM/lib386/nt\flib7.lib(posdat.c)
00417be0       _FStdIn
00417be4       _FStdOut
00417be8       _FStdErr
Module: D:\WATCOM/lib386/nt\flib7.lib(posflush.c)
00408ac0       FlushBuffer_
Module: D:\WATCOM/lib386/nt\flib7.lib(posdel.c)
00408b70       Scratchf_
Module: D:\WATCOM/lib386/nt\clib3r.lib(nodefwin.c)
00417bec*      __WindowsIsWindowedHandle
00417bf0*      __WindowsRemoveWindowedHandle
00417bf4*      __WindowsNewWindow
00417bf8*      __WindowsCloseWindow
00417bfc*      __WindowsSetAbout
00417c00*      __WindowsSetAppTitle
00417c04*      __WindowsSetConTitle
00417c08*      __WindowsDestroyOnClose
00417c0c*      __WindowsYieldControl
00417c10*      __WindowsShutDown
00417c14*      __WindowsStdin
00417c18       __WindowsStdout
00417c1c*      __WindowsKbhit
00417c20*      __WindowsGetch
00417c24*      __WindowsGetche
00417c28*      __WindowsPutch
00408b90*      _dwShutDown_
00408b90*      _dwYield_
00408b90*      _dwSetConTitle_
00408b90*      _dwSetAppTitle_
00408b90*      _dwSetAboutDlg_
00408b90       _dwDeleteOnClose_
00417c2c*      __WindowsExitRtn
00419704*      __init_default_win
Module: D:\WATCOM/lib386/nt\flib7.lib(posput.c)
00408ba0       FPutRec_
00408be0       ChopFile_
00408c30*      PutRec_
00408d50       writebytes_
00408dd0       SysWrite_
Module: D:\WATCOM/lib386/nt\flib7.lib(posget.c)
00408f10       readbytes_
00408fe0       SysRead_
00409450       FGetRec_
00409480*      GetRec_
004094a0       GetStdChar_
004094f0       FCheckLogical_
00409570       FSkipLogical_
00409640*      FGetVarRecLen_
Module: D:\WATCOM/lib386/nt\flib7.lib(posseek.c)
00409730       FSeekRec_
00409770       CurrFileOffset_
00409770       FGetFilePos_
00409790       SysSeek_
00409980*      FSeekAbs_
Module: D:\WATCOM/lib386/nt\clib3r.lib(stricmp.c)
00409990       stricmp_
Module: D:\WATCOM/lib386/nt\flib7.lib(posrew.c)
004099d0       FRewind_
Module: D:\WATCOM/lib386/nt\flib7.lib(posback.c)
00409a40       FBackspace_
Module: D:\WATCOM/lib386/nt\flib7.lib(postrunc.c)
00409b20       FTruncate_
Module: D:\WATCOM/lib386/nt\clib3r.lib(errno.c)
00409b40       __get_errno_ptr_
00409b50*      __get_doserrno_ptr_
Module: D:\WATCOM/lib386/nt\flib7.lib(sdfile.c)
00417c30*      _FFCtrlSeq
00417c32*      _SkipCtrlSeq
00417c34       _NormalCtrlSeq
00417c36       _SDTermIn
00417c3a       _SDTermOut
00417c3e*      _SDPrtName
Module: D:\WATCOM/lib386/nt\flib7.lib(wrutils.c)
00409b60       F_SendData_
00409bc0*      SendLine_
00409bd0       SendEOR_
00409c60*      SendInt_
00409c90       SendStr_
00409cb0+      SendWSLStr_
00409cd0       SendChar_
00409cf0       Drop_
00409eb0       IOItemResult_
Module: D:\WATCOM/lib386/nt\flib7.lib(rfmtutil.c)
00409f60       R_ChkType_
00409f90       R_NewRec_
00409fd0       R_ChkIType_
0040a000       R_ChkFType_
0040a030       R_ChkRecLen_
0040a050+      GetLen_
0040a090       R_FOStr_
0040a0a0*      FOString_
0040a110       R_FIStr_
0040a1d0       R_FOLog_
0040a220       R_FILog_
0040a300       R_FIFloat_
0040a4f0       GetReal_
0040a600       R_FOF_
0040a680       R_FOE_
0040a7c0+      FmtH2B_
0040a8b0       R_FIHex_
0040aa30       R_FOHex_
0040aa40*      FOHex_
0040ab40       R_FIInt_
0040ac50       R_FOInt_
0040aeb0       R_FOG_
0040b130+      ChkBuffLen_
Module: D:\WATCOM/lib386/nt\flib7.lib(arrayio.c)
0040b1f0       ArrayIOType_
Module: D:\WATCOM/lib386/nt\flib7.lib(rttraps.c)
0040b360       __EnableF77RTExceptionHandling_
0040b370       R_TrapInit_
0040b400       R_TrapFini_
0040b410*      __InitExceptionVectors_
Module: D:\WATCOM/lib386/nt\flib7.lib(errrtns.c)
00419708       ___ErrorFini
0041970c       ___ErrorInit
00419710       ___BldErrMsg
Module: D:\WATCOM/lib386/nt\clib3r.lib(atexit.c)
0040b430       atexit_
Module: D:\WATCOM/lib386/nt\clib3r.lib(regdata.c)
0040b490       __RegisterThreadDataSize_
Module: D:\WATCOM/lib386/nt\flib7.lib(errutil.c)
0040b4c0       BldErrCode_
0040b520*      MsgFormat_
0040b550*      MsgBuffer_
00417c44+      _PGrpCodes
Module: D:\WATCOM/lib386/nt\clib3r.lib(enterdb.c)
0040b580       __EnterWVIDEO_
00417c48       ___WD_Present
Module: D:\WATCOM/lib386/nt\clib3r.lib(iob.c)
00417c4c       ___iob
00417e54       __fmode
00419798       ___OpenStreams
0041979c       ___ClosedStreams
Module: D:\WATCOM/lib386/nt\clib3r.lib(setmd.c)
0040b5b0       setmode_
Module: D:\WATCOM/lib386/nt\clib3r.lib(write.c)
0040b8f0       write_
Module: D:\WATCOM/lib386/nt\clib3r.lib(initrtns.c)
0040bb60       __InitRtns
0040bbb0       __FiniRtns
Module: D:\WATCOM/lib386/nt\clib3r.lib(mthrdini.c)
0040bc10       __InitThreadData_
00417e58       ___ThreadDataSize
Module: D:\WATCOM/lib386/nt\clib3r.lib(cmain386.c)
0040bc40       __CMain
Module: D:\WATCOM/lib386/nt\clib3r.lib(dosseg)
00001234       __DOSseg__
Module: D:\WATCOM/lib386/nt\clib3r.lib(8087cw.c)
00417e5c       __8087cw
Module: D:\WATCOM/lib386/nt\clib3r.lib(save8087.c)
00417e60       ___Save8087
00417e64       ___Rest8087
Module: D:\WATCOM/lib386/nt\clib3r.lib(init8087)
0040bc84       __x87id
Module: D:\WATCOM/lib386/nt\flib7.lib(csetinfo.c)
004197a0       _CharSetInfo
Module: D:\WATCOM/lib386/nt\flib7.lib(errmsg.c)
0040bff0       _GroupTable
0040c0a0       _ErrWord
Module: D:\WATCOM/lib386/nt\flib7.lib(unfmtutl.c)
0040c6d0       _SizeVars
Module: D:\WATCOM/lib386/nt\flib7.lib(undefcg.c)
0040c770       OutLogCG_
0040c780       OutIntCG_
0040c7c0+      FmtRealCG_
0040c7f0+      FmtDoubleCG_
0040c820+      FmtExtendedCG_
0040c850+      UndefIntCG_
0040c850+      UndefLogCG_
0040c850+      UndefExtendedCG_
0040c850+      UndefDoubleCG_
0040c850+      UndefRealCG_
0040c860+      GetRealCG_
00417e68       _FmtRealRtn
00417e6c       _FmtDoubleRtn
00417e70       _FmtExtendedRtn
00417e74       _SendStrRtn
00417e78       _UndefRealRtn
00417e7c       _UndefDoubleRtn
00417e80       _UndefExtendedRtn
00417e84       _UndefLogRtn
00417e88       _UndefIntRtn
00417e8c       _GetRealRtn
Module: D:\WATCOM/lib386/nt\flib7.lib(cctrl.c)
0040c870       CheckCCtrl_
Module: D:\WATCOM/lib386/nt\clib3r.lib(hdlman.c)
00417e90+      ___NHandles
00417e94+      ___OSHandles
00417e98+      ___FakeHandles
0040c8e0+      __growPOSIXHandles_
0040c980       __allocPOSIXHandle_
0040ca40       __freePOSIXHandle_
0040ca60       __getOSHandle_
0040ca70       __setOSHandle_
0040cac0+      __NTGetFakeHandle_
0040cb30       __initPOSIXHandles_
0040cc10*      __set_handles_
0040cc20*      _grow_handles_
Module: D:\WATCOM/lib386/nt\clib3r.lib(environ.c)
004197b4       ___env_mask
004197b8       _environ
004197bc       __wenviron
Module: D:\WATCOM/lib386/nt\clib3r.lib(getmodfn.c)
0040cc60       __lib_GetModuleFileNameW_
Module: D:\WATCOM/lib386/nt\clib3r.lib(strdup.c)
0040cd00       __clib_strdup_
Module: D:\WATCOM/lib386/nt\clib3r.lib(istable.c)
0040cd40       __IsTable
Module: D:\WATCOM/lib386/nt\clib3r.lib(ustrdup.c)
0040ce41       __clib_wcsdup_
Module: D:\WATCOM/lib386/nt\clib3r.lib(nfree.c)
0040ce70       _nfree_
0040ce70       free_
004197c0       ___MiniHeapFreeRover
Module: D:\WATCOM/lib386/nt\clib3r.lib(excptwnt.c)
0040d5e0+      ___ReportException@4
0040da30       __DefaultExceptionHandler_
0040da70+      ___ExceptionFilter
0040dc80       __NewExceptionFilter_
0040dcb0       __DoneExceptionFilter_
00417ea4       ___oscode_check_func
00417ea8       ___raise_func
004197c4*      _sw
004197c8       ___ExceptionHandled
004197c9+      ___ReportInvoked
Module: D:\WATCOM/lib386/nt\clib3r.lib(stklmwnt.c)
0040dcf0       __init_stack_limits_
Module: D:\WATCOM/lib386/nt\clib3r.lib(setjmp)
0040dd60       _setjmp_
0040dd99       longjmp_
Module: D:\WATCOM/lib386/nt\clib3r.lib(exit.c)
0040de21+      __null_int23_exit_
0040de22       exit_
0040de72*      _exit_
00417ec0+      ___int23_exit
00417ec4+      ___FPE_handler_exit
Module: D:\WATCOM/lib386/nt\flib7.lib(rdutils.c)
0040de90       NextRec_
Module: D:\WATCOM/lib386/nt\clib3r.lib(toupper.c)
0040dfa0       toupper_
Module: D:\WATCOM/lib386/nt\flib7.lib(chrutils.c)
0040dfb0       JmpBlanks_
Module: D:\WATCOM/lib386/nt\flib7.lib(fmtcnvt.c)
0040dfd0       FmtS2I_
0040e100       FmtS2F_
Module: D:\WATCOM/lib386/nt\clib3r.lib(getenv.c)
0040e4d0       getenv_
Module: D:\WATCOM/lib386/nt\clib3r.lib(ltoa.c)
0040e560       ultoa_
0040e5b0       ltoa_
Module: D:\WATCOM/lib386/nt\clib3r.lib(nmalloc.c)
0040e5e0       _nmalloc_
0040e5e0       malloc_
00417ec8       ___nheapbeg
00417ecc       ___MiniHeapRover
00417ed0       ___LargestSizeB4MiniHeapRover
Module: D:\WATCOM/lib386/nt\clib3r.lib(__stos)
0040e6e0       __STOSB
0040e717*      __STOSD
Module: D:\WATCOM/lib386/nt\clib3r.lib(memmove.c)
0040e790       memmove_
Module: D:\WATCOM/lib386/nt\clib3r.lib(itoa.c)
0040e7f0       utoa_
0040e840       itoa_
Module: D:\WATCOM/lib386/nt\clib3r.lib(fgtattr.c)
0040e870       __fixed_GetFileAttributesA_
Module: D:\WATCOM/lib386/nt\clib3r.lib(dosret.c)
0040e910*      _dosretax_
0040e920*      _dosret0_
0040e930       __set_errno_dos_
0040e960*      __set_errno_dos_reterr_
0040e970       __set_errno_nt_
0040e980*      __set_errno_nt_reterr_
Module: D:\WATCOM/lib386/nt\clib3r.lib(seterrno.c)
0040e994       __set_errno_
0040e9a2*      __set_EDOM_
0040e9b0       __set_ERANGE_
0040e9be*      __set_EINVAL_
0040e9d1       __set_doserrno_
Module: D:\WATCOM/lib386/nt\clib3r.lib(gtcwdwnt.c)
0040e9e0       getcwd_
Module: D:\WATCOM/lib386/nt\clib3r.lib(iomode.c)
0040ea70       __GetIOMode_
0040ea90       __SetIOMode_nogrow_
00417fd8       ___NFiles
00417fdc       ___init_mode
0041802c       ___io_mode
Module: D:\WATCOM/lib386/nt\clib3r.lib(iomodtty.c)
0040eab0       __ChkTTYIOMode_
0040eaf0       __IOMode_
Module: D:\WATCOM/lib386/nt\clib3r.lib(ntdirinf.c)
0040eb10       __MakeDOSDT_
0040eb40*      __FromDOSDT_
0040eb70*      __GetNTDirInfo_
0040ebb0*      __NTFindNextFileWithAttr_
Module: D:\WATCOM/lib386/nt\clib3r.lib(d2ttime.c)
0040ec10       _d2ttime_
Module: D:\WATCOM/lib386/nt\clib3r.lib(strerror.c)
0040efb0       strerror_
0040efd0*      _strerror_
0040f0a0*      _doserror_
00418030+      __sys_errlist
004180d4+      __sys_nerr
Module: D:\WATCOM/lib386/nt\clib3r.lib(_strcmp)
0040f0d0       strcmp_
Module: D:\WATCOM/lib386/nt\clib3r.lib(mbspbrk.c)
0040f210       _mbspbrk_
Module: D:\WATCOM/lib386/nt\clib3r.lib(mbsinc.c)
0040f260       _mbsinc_
Module: D:\WATCOM/lib386/nt\clib3r.lib(tolower.c)
0040f290       tolower_
Module: D:\WATCOM/lib386/nt\clib3r.lib(stiomode.c)
0040f2a0       __grow_iomode_
0040f370+      __shrink_iomode_
0040f3b0       __SetIOMode_
Module: D:\WATCOM/lib386/nt\clib3r.lib(close.c)
0040f420       close_
Module: D:\WATCOM/lib386/nt\clib3r.lib(openwnt.c)
0040f640*      open_
0040f660       sopen_
Module: D:\WATCOM/lib386/nt\clib3r.lib(lseek.c)
0040f690       lseek_
Module: D:\WATCOM/lib386/nt\flib7.lib(poscc.c)
0040f6e0*      __LineFeedWithFormFeed_
0040f6f0       FSetCC_
Module: D:\WATCOM/lib386/nt\clib3r.lib(unlnkwnt.c)
0040f750       unlink_
Module: D:\WATCOM/lib386/nt\clib3r.lib(chsizwnt.c)
0040f7d0       chsize_
Module: D:\WATCOM/lib386/nt\clib3r.lib(read.c)
0040f8c0       read_
Module: D:\WATCOM/lib386/nt\flib7.lib(ifile.c)
0040fa50       SendIFBuff_
0040fa80       NextIFBuff_
Module: D:\WATCOM/lib386/nt\flib7.lib(rfmtlog.c)
0040fac0       R_FmtLog_
Module: D:\WATCOM/lib386/nt\flib7.lib(fmtrtns.c)
0040faf0       R_F2E_
0040fc60       R_F2F_
0040fdf0       SetMaxPrec_
Module: D:\WATCOM/lib386/nt\flib7.lib(flt86.c)
0040fe00       _P1d100
0040fe08       _P1d_99
Module: D:\WATCOM/lib386/nt\flib7.lib(hexcnv.c)
0040fe20       Hex_
0040fe40*      HSToB_
0040feb0       BToHS_
Module: D:\WATCOM/lib386/nt\clib3r.lib(strupr.c)
0040ff00       strupr_
Module: D:\WATCOM/lib386/nt\clib3r.lib(signlwnt.c)
004180e0+      __SignalTable
0040ff20+      __SetSignalFunc_
0040ff70+      __GetSignalFunc_
0040ffa0+      __GetSignalOSCode_
0040ffd0+      __CheckSignalExCode_
00410110+      __sigabort_
00410120       __sigfpe_handler_
00410170       signal_
00410200+      raise_
00410270+      __SigInit_
004102c0+      __SigFini_
00410300+      __sig_init_
Module: D:\WATCOM/lib386/nt\flib7.lib(fptraps.c)
004103e0*      __MaskDefaultFPE_
00410400       FPTrapInit_
00410430       FPTrapFini_
Module: D:\WATCOM/lib386/nt\clib3r.lib(trdlist.c)
004104a0       __GetThreadData_
004104f0       __ReallocThreadData_
004105e0       __AddThreadData_
00410660       __RemoveThreadData_
004106c0       __ResizeThreadDataList_
004106f0       __FreeThreadDataList_
00410720*      __ActiveThreads_
Module: D:\WATCOM/lib386/nt\flib7.lib(errgrp.c)
00410740       _GrpCodes
Module: D:\WATCOM/lib386/nt\clib3r.lib(initfile.c)
00410800       __InitFiles_
Module: D:\WATCOM/lib386/nt\clib3r.lib(ioexit.c)
00410900*      fcloseall_
00410910       __full_io_exit_
Module: D:\WATCOM/lib386/nt\clib3r.lib(stackwnt.c)
00410920       stackavail_
Module: D:\WATCOM/lib386/nt\clib3r.lib(stk)
00410931*      __CHK
00410941*      __STK
00410960       __STKOVERFLOW_
00410970*      __GRO
00410990*      __alloca_probe
Module: D:\WATCOM/lib386/nt\clib3r.lib(cinit.c)
004109b0       __CommonInit_
Module: D:\WATCOM/lib386/nt\clib3r.lib(___argc.c)
004198d4       ____Argc
004198d8       ____Argv
Module: D:\WATCOM/lib386/nt\flib7.lib(rtmain.c)
004109c0       main_
Module: D:\WATCOM/lib386/nt\flib7.lib(expchk.c)
004109e0       ToFFormat_
Module: D:\WATCOM/lib386/nt\clib3r.lib(nrealloc.c)
00410a30*      _nrealloc_
00410a30       realloc_
Module: D:\WATCOM/lib386/nt\clib3r.lib(setenvp.c)
00410ab0       __setenvp_
00410b70       __freeenvp_
Module: D:\WATCOM/lib386/nt\clib3r.lib(ustrlen.c)
00410bbd       wcslen_
Module: D:\WATCOM/lib386/nt\clib3r.lib(memcpy.c)
00410bd0       memcpy_
Module: D:\WATCOM/lib386/nt\clib3r.lib(mem.c)
00410bf0       __MemAllocator
00410ca0       __MemFree
Module: D:\WATCOM/lib386/nt\clib3r.lib(conutwnt.c)
00410df0*      __NTRealKey_
00410ea0*      __NTConsoleInput_
00410eb0       __NTConsoleOutput_
Module: D:\WATCOM/lib386/nt\clib3r.lib(fclex387.c)
00410ec0       _ClearFPE_
Module: D:\WATCOM/lib386/nt\clib3r.lib(ljmphdl.c)
00418164       ___longjmp_handler
Module: D:\WATCOM/lib386/nt\flib7.lib(intarith.c)
00410ee0       AddIOFlo_
00410ef0*      SubIOFlo_
00410f00       MulIOFlo_
Module: D:\WATCOM/lib386\math387r.lib(strtod.c)
00411423+      __Strtold_
0041158a       strtod_
Module: D:\WATCOM/lib386/nt\clib3r.lib(mbterm.c)
004116d0       _mbterm_
Module: D:\WATCOM/lib386/nt\clib3r.lib(mbsnextc.c)
00411710       _mbsnextc_
Module: D:\WATCOM/lib386/nt\clib3r.lib(mbcupper.c)
00411750       _mbctoupper_
Module: D:\WATCOM/lib386/nt\clib3r.lib(alphabet.c)
004172a8       ___Alphabet
Module: D:\WATCOM/lib386/nt\clib3r.lib(nmemneed.c)
00411780       __nmemneed_
Module: D:\WATCOM/lib386/nt\clib3r.lib(grownear.c)
004118f0       __ExpandDGROUP_
Module: D:\WATCOM/lib386/nt\clib3r.lib(isattwnt.c)
00411910       isatty_
Module: D:\WATCOM/lib386/nt\clib3r.lib(strncpy.c)
00411930       strncpy_
Module: D:\WATCOM/lib386/nt\clib3r.lib(mktime.c)
00411970       mktime_
Module: D:\WATCOM/lib386/nt\clib3r.lib(mbschr.c)
00411a00       _mbschr_
Module: D:\WATCOM/lib386/nt\clib3r.lib(mbisdbcs.c)
004198e0       ___IsDBCS
Module: D:\WATCOM/lib386/nt\clib3r.lib(mbislead.c)
00411a60*      _ismbblead_
004198e4       ___MBCSIsTable
Module: D:\WATCOM/lib386/nt\clib3r.lib(_clsewnt.c)
00411a80       __close_
Module: D:\WATCOM/lib386/nt\clib3r.lib(ntfio.c)
00411ae0*      __GetNTCreateAttr_
00411b20       __GetNTAccessAttr_
00411b50       __GetNTShareAttr_
Module: D:\WATCOM/lib386/nt\clib3r.lib(umaskval.c)
00418168       ___umaskval
Module: D:\WATCOM/lib386/nt\clib3r.lib(__lseek.c)
00411bb0       __lseek_
Module: D:\WATCOM/lib386\math387r.lib(ldcvt.c)
00411ccb       _LDScale10x_
00412272       __LDcvt_
Module: D:\WATCOM/lib386/nt\clib3r.lib(abort.c)
004126d4*      abort_
004126e6       __terminate_
00418214       ___abort
Module: D:\WATCOM/lib386/nt\clib3r.lib(cntrl87.c)
00412700       _control87_
Module: D:\WATCOM/lib386/nt\clib3r.lib(mthread.c)
004128e0+      __CloseSemaphore_
00412920+      __AccessIOB_
00412930+      __ReleaseIOB_
00412940+      __AccessFileH_
00412950+      __ReleaseFileH_
00412960+      __AccessNHeap_
00412970+      __ReleaseNHeap_
00412980+      __AccessFHeap_
00412990+      __ReleaseFHeap_
004129a0+      __AccessTDList_
004129b0+      __ReleaseTDList_
004129c0+      __AccessFList_
004129d0+      __AccessSemaphore_
00412a30+      __ReleaseFList_
00412a40+      __ReleaseSemaphore_
00412a70+      __MultipleThread_
00412ac0+      __AllocInitThreadData_
00412b10*      __FreeInitThreadData_
00412b20       __NTThreadInit_
00412b90       __NTAddThread_
00412be0       __NTRemoveThread_
00412c70       __InitMultipleThread_
00418218+      ___AccessSema4
0041821c+      ___ReleaseSema4
00418220+      ___CloseSema4
Module: D:\WATCOM/lib386/nt\clib3r.lib(xmsgwnt.c)
00412e30+      __exit_with_msg_
00412e90       __fatal_runtime_error_
Module: D:\WATCOM/lib386/nt\clib3r.lib(calloc.c)
00412eb0       calloc_
Module: D:\WATCOM/lib386/nt\clib3r.lib(register.c)
00412ee0       __initthread_
00412ef0*      _beginthread_
00412f00       _endthread_
00412f10*      __RegisterThreadData_
Module: D:\WATCOM/lib386/nt\clib3r.lib(fclose.c)
00412f60+      __doclose_
00413000       __shutdown_stream_
00413020*      fclose_
0041a154+      ___RmTmpFileFn
Module: D:\WATCOM/lib386/nt\clib3r.lib(freefp.c)
00413070       __freefp_
004130c0       __purgefp_
Module: D:\WATCOM/lib386/nt\clib3r.lib(argcv.c)
0041a158       __argc
0041a15c       __argv
0041a160       ___argv
0041a164       ___argc
Module: D:\WATCOM/lib386/nt\clib3r.lib(nmsize.c)
004130f0       _nmsize_
004130f0*      _msize_
Module: D:\WATCOM/lib386/nt\clib3r.lib(nexpand.c)
00413100       _nexpand_
00413100*      _expand_
00413140+      __HeapManager_expand_
Module: D:\WATCOM/lib386/nt\clib3r.lib(dofilstr.c)
00413320       __ParsePosixHandleStr_
Module: D:\WATCOM/lib386/nt\clib3r.lib(clearenv.c)
00413440       clearenv_
Module: D:\WATCOM/lib386\math387r.lib(bufld386)
004134d0       __ZBuf2LD
Module: D:\WATCOM/lib386\math387r.lib(inf_nan.c)
00413573*      ___f_infinity
00413577*      ___f_posqnan
0041357b       ___d_infinity
00413583       ___d_posqnan
0041358b*      ___ld_infinity
00413593*      ___ld_posqnan
Module: D:\WATCOM/lib386/nt\clib3r.lib(hugeval.c)
004135a0       __HugeValue
Module: D:\WATCOM/lib386/nt\clib3r.lib(mbconv.c)
004135b0       _mbvtop_
Module: D:\WATCOM/lib386/nt\clib3r.lib(amblksiz.c)
00418230       __amblksiz
Module: D:\WATCOM/lib386/nt\clib3r.lib(heapen.c)
004135d0*      _heapenable_
00418234       ___heap_enabled
Module: D:\WATCOM/lib386/nt\clib3r.lib(nheapmin.c)
00413600       _nheapshrink_
00413600*      _nheapmin_
00413600*      _heapmin_
00413600       _heapshrink_
Module: D:\WATCOM/lib386/nt\clib3r.lib(locmktim.c)
004136f0       __local_mktime_
Module: D:\WATCOM/lib386/nt\clib3r.lib(gmtime.c)
00413870       __brktime_
00413970+      _gmtime_
00413990*      gmtime_
Module: D:\WATCOM/lib386/nt\clib3r.lib(tzset.c)
00418238       ___start_dst
0041825c       ___end_dst
00418384*      _tzname
0041838c       _timezone
00418390       _daylight
00418394       ___dst_adjust
00413a00*      __DontCacheOSTZ_
00413a10*      __CacheOSTZ_
00413ef0+      __parse_tz_
004142e0       tzset_
Module: D:\WATCOM/lib386/nt\clib3r.lib(timeutil.c)
00414450       __isindst_
Module: D:\WATCOM/lib386/nt\clib3r.lib(mbclen.c)
00414780       _mbclen_
Module: D:\WATCOM/lib386/nt\clib3r.lib(mbccmp.c)
004147b0       _mbccmp_
Module: D:\WATCOM/lib386/nt\clib3r.lib(mbinit.c)
00414825       __mbinit_
0041839c       ___MBCodePage
Module: D:\WATCOM/lib386\math387r.lib(ldclass.c)
00414913       __LDClass_
00414963*      _FLClass_
Module: D:\WATCOM/lib386/nt\clib3r.lib(trdalloc.c)
00414980       __FiniThreadProcessing_
Module: D:\WATCOM/lib386/nt\clib3r.lib(thredwnt.c)
00414a40       __CBeginThread_
00414ae0       __CEndThread_
Module: D:\WATCOM/lib386/nt\clib3r.lib(flush.c)
00414b20       __flush_
Module: D:\WATCOM/lib386/nt\clib3r.lib(initargv.c)
00414c20       __Init_Argv_
00414c70+      _getargv_
00414e10       __Fini_Argv_
Module: D:\WATCOM/lib386/nt\clib3r.lib(strtol.c)
00415040*      strtoul_
00415050       strtol_
Module: D:\WATCOM/lib386/nt\clib3r.lib(putenv.c)
00415060       putenv_
004152f0       __putenv_
Module: D:\WATCOM/lib386/nt\clib3r.lib(leapyear.c)
00415460       __leapyear_
004172d0       ___diyr
004172ea       ___dilyr
Module: D:\WATCOM/lib386/nt\clib3r.lib(wcstombs.c)
004154a0       wcstombs_
Module: D:\WATCOM/lib386/nt\clib3r.lib(fsync.c)
00415540       fsync_
Module: D:\WATCOM/lib386/nt\clib3r.lib(qwrit.c)
00415590       __qwrite_
Module: D:\WATCOM/lib386/nt\clib3r.lib(histsplt.c)
0041a16c       ___historical_splitparms
Module: D:\WATCOM/lib386/nt\clib3r.lib(mbslen.c)
00415670       _mbslen_
Module: D:\WATCOM/lib386/nt\clib3r.lib(mbstowcs.c)
004156a0       mbstowcs_
Module: D:\WATCOM/lib386/nt\clib3r.lib(uputenv.c)
00415720*      _wputenv_
00415940       __wputenv_
Module: D:\WATCOM/lib386/nt\clib3r.lib(wctomb.c)
00415a40       wctomb_
Module: D:\WATCOM/lib386/nt\clib3r.lib(mbtowc.c)
00415a80       mbtowc_
Module: D:\WATCOM/lib386/nt\clib3r.lib(ustrchr.c)
00415b10       wcschr_
Module: D:\WATCOM/lib386/nt\clib3r.lib(setenvar.c)
00415b30       __lib_SetEnvironmentVariableW_
Module: D:\WATCOM/lib386/nt\clib3r.lib(crtwenv.c)
00415c20       __create_wide_environment_
Module: D:\WATCOM/lib386/nt\clib3r.lib(utoupper.c)
00415c88       towupper_


                        +----------------------+
                        |   Imported Symbols   |
                        +----------------------+

Symbol                              Module
======                              ======

_MessageBoxA@16                     USER32.DLL
_GetEnvironmentStringsA@0           KERNEL32.DLL
_GetVersion@0                       KERNEL32.DLL
_GetModuleFileNameA@12              KERNEL32.DLL
_GetCommandLineA@0                  KERNEL32.DLL
_GetCommandLineW@0                  KERNEL32.DLL
_FreeEnvironmentStringsA@4          KERNEL32.DLL
_GetModuleHandleA@4                 KERNEL32.DLL
_ExitProcess@4                      KERNEL32.DLL
_RtlUnwind@16                       KERNEL32.DLL
_GetFullPathNameA@16                KERNEL32.DLL
_GetFileType@4                      KERNEL32.DLL
_GetFileInformationByHandle@8       KERNEL32.DLL
_GetFileTime@16                     KERNEL32.DLL
_GetFileSize@8                      KERNEL32.DLL
_CreateFileA@28                     KERNEL32.DLL
_CloseHandle@4                      KERNEL32.DLL
_GetLastError@0                     KERNEL32.DLL
_GetDriveTypeA@4                    KERNEL32.DLL
_FindFirstFileA@8                   KERNEL32.DLL
_FindClose@4                        KERNEL32.DLL
_SetFilePointer@16                  KERNEL32.DLL
_WriteFile@20                       KERNEL32.DLL
_GetCurrentThreadId@0               KERNEL32.DLL
_SetStdHandle@8                     KERNEL32.DLL
_CreateEventA@16                    KERNEL32.DLL
_GetStdHandle@4                     KERNEL32.DLL
_GetModuleFileNameW@12              KERNEL32.DLL
_MultiByteToWideChar@24             KERNEL32.DLL
_LoadLibraryA@4                     KERNEL32.DLL
_GetProcAddress@8                   KERNEL32.DLL
_SetUnhandledExceptionFilter@4      KERNEL32.DLL
_UnhandledExceptionFilter@4         KERNEL32.DLL
_VirtualQuery@12                    KERNEL32.DLL
_GetFileAttributesA@4               KERNEL32.DLL
_GetCurrentDirectoryA@8             KERNEL32.DLL
_FileTimeToLocalFileTime@8          KERNEL32.DLL
_FileTimeToDosDateTime@12           KERNEL32.DLL
_DosDateTimeToFileTime@12           KERNEL32.DLL
_LocalFileTimeToFileTime@8          KERNEL32.DLL
_FindNextFileA@8                    KERNEL32.DLL
_FormatMessageA@28                  KERNEL32.DLL
_DeleteFileA@4                      KERNEL32.DLL
_SetEndOfFile@4                     KERNEL32.DLL
_ReadFile@20                        KERNEL32.DLL
_SetConsoleCtrlHandler@8            KERNEL32.DLL
_TlsGetValue@4                      KERNEL32.DLL
_TlsSetValue@8                      KERNEL32.DLL
_CharUpperA@4                       USER32.DLL
_VirtualAlloc@16                    KERNEL32.DLL
_InitializeCriticalSection@4        KERNEL32.DLL
_DeleteCriticalSection@4            KERNEL32.DLL
_LeaveCriticalSection@4             KERNEL32.DLL
_EnterCriticalSection@4             KERNEL32.DLL
_SetLastError@4                     KERNEL32.DLL
_TlsAlloc@0                         KERNEL32.DLL
_TlsFree@4                          KERNEL32.DLL
_VirtualFree@12                     KERNEL32.DLL
_GetTimeZoneInformation@4           KERNEL32.DLL
_GetACP@0                           KERNEL32.DLL
_GetOEMCP@0                         KERNEL32.DLL
_GetCPInfo@8                        KERNEL32.DLL
_CreateThread@24                    KERNEL32.DLL
_ResumeThread@4                     KERNEL32.DLL
_ExitThread@4                       KERNEL32.DLL
_SetEnvironmentVariableA@8          KERNEL32.DLL
_FlushFileBuffers@4                 KERNEL32.DLL
_WideCharToMultiByte@32             KERNEL32.DLL
_SetEnvironmentVariableW@8          KERNEL32.DLL


                        +--------------------+
                        |   Libraries Used   |
                        +--------------------+

D:\WATCOM/lib386/nt\kernel32.lib
D:\WATCOM/lib386/nt\user32.lib
D:\WATCOM/lib386/nt\flib7.lib
D:\WATCOM/lib386\math387r.lib
D:\WATCOM/lib386/nt\clib3r.lib
D:\WATCOM/lib386/nt\emu387.lib


                        +-----------------------+
                        |   Linker Statistics   |
                        +-----------------------+

Stack size:  00010000 (65536.)
Memory size:  0002872c (165676.)
Entry point address: 00402fa4
Link time: 00:00.56
