Open Watcom Linker Version 1.9
Portions Copyright (c) 1985-2002 Sybase, Inc. All Rights Reserved.
Created on:       20/06/03 21:54:58
Executable Image: laba41.exe
creating a Windows NT character-mode executable


                        +------------+
                        |   Groups   |
                        +------------+

Group                           Address              Size
=====                           =======              ====

.idata                          00416000             00000786
DGROUP                          00417000             00013130



                        +--------------+
                        |   Segments   |
                        +--------------+

Segment                Class          Group          Address         Size
=======                =====          =====          =======         ====

BEGTEXT                CODE           AUTO           00401000        00000007
_TEXT                  CODE           AUTO           00401010        00014b98
TRANSFER CODE          CODE           AUTO           00415ba8        0000019e
.idata                 .idata         .idata         00416000        00000786
_NULL                  BEGDATA        DGROUP         00417000        00000004
_AFTERNULL             BEGDATA        DGROUP         00417004        00000000
CONST                  DATA           DGROUP         00417010        000002b0
_DATA                  DATA           DGROUP         004172c0        0000111c
XIB                    DATA           DGROUP         004183dc        00000000
XI                     DATA           DGROUP         004183dc        0000004e
XIE                    DATA           DGROUP         0041842a        00000000
YIB                    DATA           DGROUP         0041842a        00000000
YI                     DATA           DGROUP         0041842a        00000030
YIE                    DATA           DGROUP         0041845a        00000000
CONST2                 DATA           DGROUP         0041845c        00000000
DATA32                 DATA           DGROUP         0041845c        00000134
TIB                    DATA           DGROUP         00418590        00000000
TI                     DATA           DGROUP         00418590        00000000
TIE                    DATA           DGROUP         00418590        00000000
DATA                   DATA           DGROUP         00418590        00000000
CONST32                CONST          DGROUP         00419000        00000000
_BSS                   BSS            DGROUP         00419000        00001130
BSS32                  BSS            DGROUP         0041a130        00000000
STACK                  STACK          DGROUP         0041a130        00010000


                        +----------------+
                        |   Memory Map   |
                        +----------------+

* = unreferenced symbol
+ = symbol only referenced locally

Address        Symbol
=======        ======

Module: laba41.obj(C:\Users\angry\OneDrive\Desktop\lab4\lab4.1\laba41.for)
00401010+      F
0040104c+      G
0040108a+      RECTPOLY
0040113b+      RECTOSCIL
004011e8+      SIMPPOLY
0040132b+      SIMPOSCIL
00401461+      GAUSSPOLY
004015c1+      GAUSSOSCIL
0040171d       FMAIN
Module: D:\WATCOM/lib386\math387r.lib(trig87)
00402011*      sin_
00402005*      cos_
00402032*      tan_
00401fc4       IF@COS
00401fc4*      IF@DCOS
00401fce*      IF@SIN
00401fce*      IF@DSIN
0040201d*      IF@TAN
0040201d*      IF@DTAN
Module: D:\WATCOM/lib386\math387r.lib(exp87)
004020a7*      exp_
00402040*      __@DEXP1
00402048       IF@EXP
00402048*      IF@DEXP
0040204a       __@DEXP
Module: D:\WATCOM/lib386\math387r.lib(pow87)
0040220d*      pow_
004020b4       IF@DPOW
004020b4       IF@POW
Module: D:\WATCOM/lib386/nt\flib7.lib(cowrite)
0040221d       RT@IOWrite
0040222c*      RT@OutLOG1
0040223e*      RT@OutLOG4
0040224c*      RT@OutINT1
0040225e*      RT@OutINT2
0040226e       RT@OutINT4
0040227d       RT@OutREAL
0040228d*      RT@OutDBLE
0040229d*      RT@OutXTND
004022ad*      RT@OutCPLX
004022c3*      RT@OutDBCX
004022d9*      RT@OutXTCX
004022ef       RT@OutCHAR
004022f4*      RT@OutSTR
004022f9*      RT@PrtArr
004022fe*      RT@PrtChArr
Module: D:\WATCOM/lib386/nt\flib7.lib(cortns)
00417394*      _FRT_SaveESP
0040230e*      SwitchToGen
0040232c       SwitchToRT
0040234a       RdWrCommon
004023ee       IOType_
0040240c       IOChar
00402427       IOStr
0040243c       IOArr
00402457       IOChArr
00402479       RT@EndIO
Module: D:\WATCOM/lib386/nt\flib7.lib(coread)
00402483       RT@IORead
00402492*      RT@InpLOG1
004024a1*      RT@InpLOG4
004024b0*      RT@InpINT1
004024bf*      RT@InpINT2
004024ce       RT@InpINT4
004024dd       RT@InpREAL
004024ec*      RT@InpDBLE
004024fb*      RT@InpXTND
0040250a*      RT@InpCPLX
00402519*      RT@InpDBCX
00402528*      RT@InpXTCX
00402537*      RT@InpCHAR
0040253c*      RT@InpSTR
00402541*      RT@InpArr
00402546*      RT@InpChArr
Module: D:\WATCOM/lib386/nt\flib7.lib(setunit.c)
00402550       RT@SetUnit
Module: D:\WATCOM/lib386/nt\flib7.lib(setfile.c)
00402590       RT@SetFile
Module: D:\WATCOM/lib386/nt\flib7.lib(setstat.c)
004025b0       RT@SetStat
Module: D:\WATCOM/lib386/nt\flib7.lib(seterr.c)
004025d0       RT@SetErr
Module: D:\WATCOM/lib386/nt\flib7.lib(exopen.c)
00402d10       RT@IOOpen
004173b4+      _AccModTab
004173c4+      _FormTab
004173d0+      _OpStatTab
004173e4+      _BlnkTab
004173f0+      _RecFmTab
00417400+      _CCtrlTab
0041740c+      _ActionTab
0041741c+      _ShareTab
Module: D:\WATCOM/lib386/nt\flib7.lib(setfmt.c)
00402d30       RT@SetFmt
Module: D:\WATCOM/lib386/nt\flib7.lib(exclose.c)
00402e40       RT@IOClose
Module: D:\WATCOM/lib386/nt\flib7.lib(pause.c)
00402e70       RT@Pause
00417444*      LG@PAUSE_HOOK
Module: D:\WATCOM/lib386/nt\clib3r.lib(cstrtwnt)
00402eb4       _cstart_
00402eb4*      mainCRTStartup
Module: D:\WATCOM/lib386/nt\clib3r.lib(_8087)
00417448       __8087
00417449       __real87
Module: D:\WATCOM/lib386/nt\emu387.lib(386)
00402f10       __init_387_emulator
00402f11*      __fini_387_emulator
Module: D:\WATCOM/lib386/nt\flib7.lib(initeng.c)
00419040       __init_english
Module: D:\WATCOM/lib386/nt\flib7.lib(initerr.c)
00419044       __init_error
Module: D:\WATCOM/lib386/nt\clib3r.lib(chipvar)
0041744c       ___chipbug
0041744c       __chipbug
Module: D:\WATCOM/lib386/nt\clib3r.lib(chipt32.asm)
00402f20       __fptan_chk
Module: D:\WATCOM/lib386\math387r.lib(math87e.c)
00402fd2       __math87_err_
Module: D:\WATCOM/lib386\math387r.lib(pow87e.c)
0040303d       __pow87_err_
Module: D:\WATCOM/lib386/nt\clib3r.lib(chipd32.asm)
004031db       __fdiv_fpr
0040369d*      __fdiv_chk
004036b0*      __fdiv_m32
004036fd*      __fdiv_m64
0040374a*      __fdiv_m32r
00403797*      __fdiv_m64r
Module: D:\WATCOM/lib386/nt\flib7.lib(exwrite.c)
00403860       DoWrite_
Module: D:\WATCOM/lib386/nt\flib7.lib(setiocb.c)
00403890       RT@SetIOCB
Module: D:\WATCOM/lib386/nt\flib7.lib(rdata.c)
00419050       _IORslt
00419060       _FmtBuff
00419064*      _Fmt_revert
00419068*      _Fmt_start
0041906c*      _Fmt_paren_level
00419070*      _Fmt_charptr
00419074*      _FmtEmStruct
00419078       _IOTypeRtn
0041907c*      _Fmt_end
00419080*      _Fmt_rep_spec
00419084       _FmtRoutine
00419088       _IOCB
0041908c       _Files
00419090*      _Fmt_delimited
Module: D:\WATCOM/lib386/nt\flib7.lib(iomain.c)
00403920       __ReleaseIOSys_
00403940       IOMain_
Module: D:\WATCOM/lib386/nt\clib3r.lib(crwdata)
00417494       __osmajor
00417495       __osminor
00417496       __osbuild
00417498       __osver
0041749c       __winmajor
004174a0       __winminor
004174a4       __winver
00417460       __LpDllName
00417464       __LpwCmdLine
00417468       __LpwPgmName
0041746c       __LpwDllName
00417458       __LpCmdLine
0041745c       __LpPgmName
00417450*      __dynend
00417454       __curbrk
00417470*      __STACKLOW
00417474       __STACKTOP
00417478       __ASTACKSIZ
0041747c       __ASTACKPTR
00417480*      __cbyte
00417484*      __cbyte2
00417488*      __child
0041748e       __Envptr
00417492*      __Envseg
0041748c       __no87
004174a8       ___FPE_handler
Module: D:\WATCOM/lib386/nt\flib7.lib(thrdutil.c)
00403b50*      __InitMultiThreadIO_
004174b0       ___SwitchStkLow
Module: D:\WATCOM/lib386/nt\flib7.lib(exread.c)
00403be0       DoRead_
Module: D:\WATCOM/lib386/nt\flib7.lib(rtutls.c)
00403c30       FindFtnFile_
00403d20       RChkAlloc_
00403d50       F_Connect_
00403dd0       ConnectFile_
00403de0       GetFileInfo_
00403ed0       DiscoFile_
00403f40*      ChkFileName_
00403f70+      ChkLogFile_
00403fb0       ChkIOOperation_
00403ff0       GetIOErr_
00404000       ChkIOErr_
00404020       ChkUnitId_
00404060*      ChkConnected_
00404080       SetEOF_
004040b0       ClearEOF_
004040f0       SysEOF_
00404120       IsFixed_
00404130       IsCarriage_
00404140*      ChkRecordStructure_
00404170*      ChkSequential_
00404190*      ChkExist_
004041c0       StrItem_
Module: D:\WATCOM/lib386/nt\flib7.lib(exutil.c)
00404240       FindKWord_
004042d0*      ClrBuff_
004174b4       _SpecId
Module: D:\WATCOM/lib386/nt\flib7.lib(ioerr.c)
00404320       IOErr_
Module: D:\WATCOM/lib386/nt\flib7.lib(rtsysutl.c)
004043b0       GetSysIOInfo_
004043d0       GetSysFileInfo_
00404400       IsDevice_
004045d0       OpenAction_
00404610*      DfltRecType_
00404630+      _FileAttrs_
004046f0       CloseFile_
00404760       Scrtched_
00404780       CloseDeleteFile_
004047d0       Errf_
004047f0       FPutBuff_
00404860       FGetBuff_
004048b0       SeekFile_
004048d0       NoEOF_
004048e0       SysClearEOF_
004048f0       SameFile_
00404900*      Rewindf_
00404920       SysCreateFile_
00404960       CheckLogicalRecord_
00404980       SkipLogicalRecord_
004049a0*      BackSpacef_
004049d0*      EndFilef_
00404a10       GetIOErrMsg_
00404a50       ReportNExist_
00404a70       ReportEOF_
00404a80       WaitForEnter_
Module: D:\WATCOM/lib386/nt\flib7.lib(runmain.c)
00404a90*      __InitUnit6CC_
00404aa0       __DevicesCC_
00404ab0*      __InitAllowCommaSeparator_
00404ac0       __AllowCommaSep_
00404ad0+      _InitIO_
00404b40+      CloseAllFiles_
00404b80*      _FiniEx_
00404b80       RunExit_
00404bc0       RunEntry_
Module: D:\WATCOM/lib386/nt\flib7.lib(rdwr.c)
00404bf0       DoOpen_
00404c20+      _AllocBuffer_
00404c60       IOPrologue_
00404ea0       UpdateRecNum_
Module: D:\WATCOM/lib386/nt\flib7.lib(rfmtexec.c)
00405810       R_FExec_
Module: D:\WATCOM/lib386/nt\flib7.lib(rtinit.c)
004174e0       ___FAppType
004174e4       __ExceptionInit
004174e8       __ExceptionFini
00405850*      __InitFThreadData_
00405890+      RTSysFini_
004058a0       RTSysInit_
004174f0       __AccessFIO
004174f4       __ReleaseFIO
004174f8       __PartialReleaseFIO
00419098       ___FThreadDataOffset
004183fa*      ___fthread_data_size
Module: D:\WATCOM/lib386/nt\flib7.lib(rterr.c)
004174fc+      _TraceRoutine
00405920       FlushStdUnit_
00405970+      WriteErr_
00405a40       ErrHandler_
00405a80       RTErr_
00417508+      LG@ERR_HOOK
Module: D:\WATCOM/lib386/nt\flib7.lib(stdio.c)
00405ac0       StdBuffer_
00405ae0       StdWrite_
00405bc0       StdFlush_
00405bf0       StdWriteNL_
Module: D:\WATCOM/lib386/nt\clib3r.lib(main2wnt.c)
00405c20       __NTMain
Module: D:\WATCOM/lib386/nt\clib3r.lib(segdefns)
00401003       ___begtext
00417000*      __nullarea
004183dc       __Start_XI
0041842a       __End_XI
0041842a       __Start_YI
0041845a       __End_YI
Module: D:\WATCOM/lib386/nt\clib3r.lib(chk8087.c)
00405ca0*      _fpreset_
00405ce0       __chk8087_
00405cf0*      __init_8087_
Module: D:\WATCOM/lib386/nt\flib7.lib(english.c)
00405d40       __UseEnglishCharSet_
Module: D:\WATCOM/lib386/nt\flib7.lib(errincl.c)
00405e50       __InitError_
00417914+      _PGroupTable
00417918+      _PErrWord
Module: D:\WATCOM/lib386/nt\clib3r.lib(chipbug.c)
00405e70       __verify_pentium_fdiv_bug_
Module: D:\WATCOM/lib386/nt\flib7.lib(_matherr.c)
00405ed0*      __imath2err_
00405f10*      __amath1err_
00405f40*      __amath2err_
00405f70       __math2err_
00406080       __math1err_
00406090*      __zmath2err_
004060f0*      __qmath2err_
Module: D:\WATCOM/lib386/nt\flib7.lib(unfmtout.c)
00406240       UnFmtOut_
Module: D:\WATCOM/lib386/nt\flib7.lib(freeout.c)
00406690       FreeOut_
0041791c+      _OutRtn
Module: D:\WATCOM/lib386/nt\clib3r.lib(mainwnt.c)
00417950       ___TlsIndex
00417954       ___FirstThreadData
00417958       ___GetThreadPtr
0041795c       __AccessFileH
00417960       __ReleaseFileH
00417964       __AccessIOB
00417968       __ReleaseIOB
0041796c       __AccessNHeap
00417970       __AccessFHeap
00417974       __ReleaseNHeap
00406780*      __threadid_
004067a0+      __sig_null_rtn_
004067b0+      __NTInit_
00406990+      __NTFini_
004069f0       __NTMainInit_
00406a50       __exit_
00417978       __ReleaseFHeap
0041797c       __AccessTDList
00417980       __ReleaseTDList
00417984       __AccessFList
00417988       __ReleaseFList
0041798c       __ThreadExitRtn
00417990       ___sig_init_rtn
00417994       ___sig_fini_rtn
00417998       ___process_fini
004190a8       ___Is_DLL
Module: D:\WATCOM/lib386/nt\flib7.lib(ioinit.c)
00406ab0       IOSysInit_
Module: D:\WATCOM/lib386/nt\flib7.lib(spawn.c)
00406ae0       Spawn_
00406b40       Suicide_
Module: D:\WATCOM/lib386/nt\flib7.lib(unfmtin.c)
00406b80       UnFmtIn_
00406c20+      NextUnFmtRec_
Module: D:\WATCOM/lib386/nt\flib7.lib(freein.c)
00407000+      GetNum_
00407200       FreeIn_
00407210*      DoFreeIn_
00407240+      BumpComma_
00407270+      Blanks_
00407290+      CheckEor_
Module: D:\WATCOM/lib386/nt\flib7.lib(fdutil.c)
004078a0       LocFile_
004078b0       LocUnit_
004078e0       ExtractInfo_
Module: D:\WATCOM/lib386/nt\flib7.lib(rstdio.c)
00407a10       _InitStandardInput_
00407a40       _InitStandardOutput_
Module: D:\WATCOM/lib386/nt\flib7.lib(rmemmgr.c)
00407a70       RMemAlloc_
00407a80       RMemFree_
Module: D:\WATCOM/lib386/nt\clib3r.lib(memset.c)
00407a90       memset_
Module: D:\WATCOM/lib386/nt\flib7.lib(deffname.c)
004179a0       _DefFName
Module: D:\WATCOM/lib386/nt\flib7.lib(stracc.c)
00407ab0       TrimStr_
00407af0       GetStr_
Module: D:\WATCOM/lib386/nt\clib3r.lib(memicmp.c)
00407b20       memicmp_
Module: D:\WATCOM/lib386/nt\flib7.lib(blderr.c)
00407be0       Substitute_
00407da0       ErrCodOrg_
Module: D:\WATCOM/lib386/nt\clib3r.lib(accsswnt.c)
00407db0       access_
Module: D:\WATCOM/lib386/nt\clib3r.lib(fullpath.c)
00407df0+      _sys_fullpath_
00407e70       _fullpath_
Module: D:\WATCOM/lib386/nt\clib3r.lib(fstatwnt.c)
00407ee0       fstat_
Module: D:\WATCOM/lib386/nt\flib7.lib(poserr.c)
00408240       Errorf_
00408260*      EOFile_
00408280       ErrorMsg_
004082c0       FSetTrunc_
004082d0       FSetSysErr_
004082f0       FSetErr_
00408310       FSetEof_
00408330       IOOk_
Module: D:\WATCOM/lib386/nt\clib3r.lib(statwnt.c)
00408455       stat_
Module: D:\WATCOM/lib386/nt\flib7.lib(posopen.c)
00408690       InitStd_
00408750       SetIOBufferSize_
00408770+      _AllocFile_
00408860       Openf_
00408950       Closef_
Module: D:\WATCOM/lib386/nt\flib7.lib(posdat.c)
00417b90       _FStdIn
00417b94       _FStdOut
00417b98       _FStdErr
Module: D:\WATCOM/lib386/nt\flib7.lib(posflush.c)
004089d0       FlushBuffer_
Module: D:\WATCOM/lib386/nt\flib7.lib(posdel.c)
00408a80       Scratchf_
Module: D:\WATCOM/lib386/nt\clib3r.lib(nodefwin.c)
00417b9c*      __WindowsIsWindowedHandle
00417ba0*      __WindowsRemoveWindowedHandle
00417ba4*      __WindowsNewWindow
00417ba8*      __WindowsCloseWindow
00417bac*      __WindowsSetAbout
00417bb0*      __WindowsSetAppTitle
00417bb4*      __WindowsSetConTitle
00417bb8*      __WindowsDestroyOnClose
00417bbc*      __WindowsYieldControl
00417bc0*      __WindowsShutDown
00417bc4*      __WindowsStdin
00417bc8       __WindowsStdout
00417bcc*      __WindowsKbhit
00417bd0*      __WindowsGetch
00417bd4*      __WindowsGetche
00417bd8*      __WindowsPutch
00408aa0*      _dwShutDown_
00408aa0*      _dwYield_
00408aa0*      _dwSetConTitle_
00408aa0*      _dwSetAppTitle_
00408aa0*      _dwSetAboutDlg_
00408aa0       _dwDeleteOnClose_
00417bdc*      __WindowsExitRtn
004196c4*      __init_default_win
Module: D:\WATCOM/lib386/nt\flib7.lib(posput.c)
00408ab0       FPutRec_
00408af0       ChopFile_
00408b40*      PutRec_
00408c60       writebytes_
00408ce0       SysWrite_
Module: D:\WATCOM/lib386/nt\flib7.lib(posget.c)
00408e20       readbytes_
00408ef0       SysRead_
00409360       FGetRec_
00409390*      GetRec_
004093b0       GetStdChar_
00409400       FCheckLogical_
00409480       FSkipLogical_
00409550*      FGetVarRecLen_
Module: D:\WATCOM/lib386/nt\flib7.lib(posseek.c)
00409640       FSeekRec_
00409680       CurrFileOffset_
00409680       FGetFilePos_
004096a0       SysSeek_
00409890*      FSeekAbs_
Module: D:\WATCOM/lib386/nt\clib3r.lib(stricmp.c)
004098a0       stricmp_
Module: D:\WATCOM/lib386/nt\flib7.lib(posrew.c)
004098e0       FRewind_
Module: D:\WATCOM/lib386/nt\flib7.lib(posback.c)
00409950       FBackspace_
Module: D:\WATCOM/lib386/nt\flib7.lib(postrunc.c)
00409a30       FTruncate_
Module: D:\WATCOM/lib386/nt\clib3r.lib(errno.c)
00409a50       __get_errno_ptr_
00409a60*      __get_doserrno_ptr_
Module: D:\WATCOM/lib386/nt\flib7.lib(sdfile.c)
00417be0*      _FFCtrlSeq
00417be2*      _SkipCtrlSeq
00417be4       _NormalCtrlSeq
00417be6       _SDTermIn
00417bea       _SDTermOut
00417bee*      _SDPrtName
Module: D:\WATCOM/lib386/nt\flib7.lib(wrutils.c)
00409a70       F_SendData_
00409ad0*      SendLine_
00409ae0       SendEOR_
00409b70*      SendInt_
00409ba0       SendStr_
00409bc0+      SendWSLStr_
00409be0       SendChar_
00409c00       Drop_
00409dc0       IOItemResult_
Module: D:\WATCOM/lib386/nt\flib7.lib(rfmtutil.c)
00409e70       R_ChkType_
00409ea0       R_NewRec_
00409ee0       R_ChkIType_
00409f10       R_ChkFType_
00409f40       R_ChkRecLen_
00409f60+      GetLen_
00409fa0       R_FOStr_
00409fb0*      FOString_
0040a020       R_FIStr_
0040a0e0       R_FOLog_
0040a130       R_FILog_
0040a210       R_FIFloat_
0040a400       GetReal_
0040a510       R_FOF_
0040a590       R_FOE_
0040a6d0+      FmtH2B_
0040a7c0       R_FIHex_
0040a940       R_FOHex_
0040a950*      FOHex_
0040aa50       R_FIInt_
0040ab60       R_FOInt_
0040adc0       R_FOG_
0040b040+      ChkBuffLen_
Module: D:\WATCOM/lib386/nt\flib7.lib(arrayio.c)
0040b100       ArrayIOType_
Module: D:\WATCOM/lib386/nt\flib7.lib(rttraps.c)
0040b270       __EnableF77RTExceptionHandling_
0040b280       R_TrapInit_
0040b310       R_TrapFini_
0040b320*      __InitExceptionVectors_
Module: D:\WATCOM/lib386/nt\flib7.lib(errrtns.c)
004196c8       ___ErrorFini
004196cc       ___ErrorInit
004196d0       ___BldErrMsg
Module: D:\WATCOM/lib386/nt\clib3r.lib(atexit.c)
0040b340       atexit_
Module: D:\WATCOM/lib386/nt\clib3r.lib(regdata.c)
0040b3a0       __RegisterThreadDataSize_
Module: D:\WATCOM/lib386/nt\flib7.lib(errutil.c)
0040b3d0       BldErrCode_
0040b430*      MsgFormat_
0040b460*      MsgBuffer_
00417bf4+      _PGrpCodes
Module: D:\WATCOM/lib386/nt\clib3r.lib(enterdb.c)
0040b490       __EnterWVIDEO_
00417bf8       ___WD_Present
Module: D:\WATCOM/lib386/nt\clib3r.lib(iob.c)
00417bfc       ___iob
00417e04       __fmode
00419758       ___OpenStreams
0041975c       ___ClosedStreams
Module: D:\WATCOM/lib386/nt\clib3r.lib(setmd.c)
0040b4c0       setmode_
Module: D:\WATCOM/lib386/nt\clib3r.lib(write.c)
0040b800       write_
Module: D:\WATCOM/lib386/nt\clib3r.lib(initrtns.c)
0040ba70       __InitRtns
0040bac0       __FiniRtns
Module: D:\WATCOM/lib386/nt\clib3r.lib(mthrdini.c)
0040bb20       __InitThreadData_
00417e08       ___ThreadDataSize
Module: D:\WATCOM/lib386/nt\clib3r.lib(cmain386.c)
0040bb50       __CMain
Module: D:\WATCOM/lib386/nt\clib3r.lib(dosseg)
00001234       __DOSseg__
Module: D:\WATCOM/lib386/nt\clib3r.lib(8087cw.c)
00417e0c       __8087cw
Module: D:\WATCOM/lib386/nt\clib3r.lib(save8087.c)
00417e10       ___Save8087
00417e14       ___Rest8087
Module: D:\WATCOM/lib386/nt\clib3r.lib(init8087)
0040bb94       __x87id
Module: D:\WATCOM/lib386/nt\flib7.lib(csetinfo.c)
00419760       _CharSetInfo
Module: D:\WATCOM/lib386/nt\flib7.lib(errmsg.c)
0040bf00       _GroupTable
0040bfb0       _ErrWord
Module: D:\WATCOM/lib386/nt\flib7.lib(unfmtutl.c)
0040c5e0       _SizeVars
Module: D:\WATCOM/lib386/nt\flib7.lib(undefcg.c)
0040c680       OutLogCG_
0040c690       OutIntCG_
0040c6d0+      FmtRealCG_
0040c700+      FmtDoubleCG_
0040c730+      FmtExtendedCG_
0040c760+      UndefIntCG_
0040c760+      UndefLogCG_
0040c760+      UndefExtendedCG_
0040c760+      UndefDoubleCG_
0040c760+      UndefRealCG_
0040c770+      GetRealCG_
00417e18       _FmtRealRtn
00417e1c       _FmtDoubleRtn
00417e20       _FmtExtendedRtn
00417e24       _SendStrRtn
00417e28       _UndefRealRtn
00417e2c       _UndefDoubleRtn
00417e30       _UndefExtendedRtn
00417e34       _UndefLogRtn
00417e38       _UndefIntRtn
00417e3c       _GetRealRtn
Module: D:\WATCOM/lib386/nt\flib7.lib(cctrl.c)
0040c780       CheckCCtrl_
Module: D:\WATCOM/lib386/nt\clib3r.lib(hdlman.c)
00417e40+      ___NHandles
00417e44+      ___OSHandles
00417e48+      ___FakeHandles
0040c7f0+      __growPOSIXHandles_
0040c890       __allocPOSIXHandle_
0040c950       __freePOSIXHandle_
0040c970       __getOSHandle_
0040c980       __setOSHandle_
0040c9d0+      __NTGetFakeHandle_
0040ca40       __initPOSIXHandles_
0040cb20*      __set_handles_
0040cb30*      _grow_handles_
Module: D:\WATCOM/lib386/nt\clib3r.lib(environ.c)
00419774       ___env_mask
00419778       _environ
0041977c       __wenviron
Module: D:\WATCOM/lib386/nt\clib3r.lib(getmodfn.c)
0040cb70       __lib_GetModuleFileNameW_
Module: D:\WATCOM/lib386/nt\clib3r.lib(strdup.c)
0040cc10       __clib_strdup_
Module: D:\WATCOM/lib386/nt\clib3r.lib(istable.c)
0040cc50       __IsTable
Module: D:\WATCOM/lib386/nt\clib3r.lib(ustrdup.c)
0040cd51       __clib_wcsdup_
Module: D:\WATCOM/lib386/nt\clib3r.lib(nfree.c)
0040cd80       _nfree_
0040cd80       free_
00419780       ___MiniHeapFreeRover
Module: D:\WATCOM/lib386/nt\clib3r.lib(excptwnt.c)
0040d4f0+      ___ReportException@4
0040d940       __DefaultExceptionHandler_
0040d980+      ___ExceptionFilter
0040db90       __NewExceptionFilter_
0040dbc0       __DoneExceptionFilter_
00417e54       ___oscode_check_func
00417e58       ___raise_func
00419784*      _sw
00419788       ___ExceptionHandled
00419789+      ___ReportInvoked
Module: D:\WATCOM/lib386/nt\clib3r.lib(stklmwnt.c)
0040dc00       __init_stack_limits_
Module: D:\WATCOM/lib386/nt\clib3r.lib(setjmp)
0040dc70       _setjmp_
0040dca9       longjmp_
Module: D:\WATCOM/lib386/nt\clib3r.lib(exit.c)
0040dd31+      __null_int23_exit_
0040dd32       exit_
0040dd82*      _exit_
00417e70+      ___int23_exit
00417e74+      ___FPE_handler_exit
Module: D:\WATCOM/lib386/nt\flib7.lib(rdutils.c)
0040dda0       NextRec_
Module: D:\WATCOM/lib386/nt\clib3r.lib(toupper.c)
0040deb0       toupper_
Module: D:\WATCOM/lib386/nt\flib7.lib(chrutils.c)
0040dec0       JmpBlanks_
Module: D:\WATCOM/lib386/nt\flib7.lib(fmtcnvt.c)
0040dee0       FmtS2I_
0040e010       FmtS2F_
Module: D:\WATCOM/lib386/nt\clib3r.lib(getenv.c)
0040e3e0       getenv_
Module: D:\WATCOM/lib386/nt\clib3r.lib(ltoa.c)
0040e470       ultoa_
0040e4c0       ltoa_
Module: D:\WATCOM/lib386/nt\clib3r.lib(nmalloc.c)
0040e4f0       _nmalloc_
0040e4f0       malloc_
00417e78       ___nheapbeg
00417e7c       ___MiniHeapRover
00417e80       ___LargestSizeB4MiniHeapRover
Module: D:\WATCOM/lib386/nt\clib3r.lib(__stos)
0040e5f0       __STOSB
0040e627*      __STOSD
Module: D:\WATCOM/lib386/nt\clib3r.lib(memmove.c)
0040e6a0       memmove_
Module: D:\WATCOM/lib386/nt\clib3r.lib(itoa.c)
0040e700       utoa_
0040e750       itoa_
Module: D:\WATCOM/lib386/nt\clib3r.lib(fgtattr.c)
0040e780       __fixed_GetFileAttributesA_
Module: D:\WATCOM/lib386/nt\clib3r.lib(dosret.c)
0040e820*      _dosretax_
0040e830*      _dosret0_
0040e840       __set_errno_dos_
0040e870*      __set_errno_dos_reterr_
0040e880       __set_errno_nt_
0040e890*      __set_errno_nt_reterr_
Module: D:\WATCOM/lib386/nt\clib3r.lib(seterrno.c)
0040e8a4       __set_errno_
0040e8b2*      __set_EDOM_
0040e8c0       __set_ERANGE_
0040e8ce*      __set_EINVAL_
0040e8e1       __set_doserrno_
Module: D:\WATCOM/lib386/nt\clib3r.lib(gtcwdwnt.c)
0040e8f0       getcwd_
Module: D:\WATCOM/lib386/nt\clib3r.lib(iomode.c)
0040e980       __GetIOMode_
0040e9a0       __SetIOMode_nogrow_
00417f88       ___NFiles
00417f8c       ___init_mode
00417fdc       ___io_mode
Module: D:\WATCOM/lib386/nt\clib3r.lib(iomodtty.c)
0040e9c0       __ChkTTYIOMode_
0040ea00       __IOMode_
Module: D:\WATCOM/lib386/nt\clib3r.lib(ntdirinf.c)
0040ea20       __MakeDOSDT_
0040ea50*      __FromDOSDT_
0040ea80*      __GetNTDirInfo_
0040eac0*      __NTFindNextFileWithAttr_
Module: D:\WATCOM/lib386/nt\clib3r.lib(d2ttime.c)
0040eb20       _d2ttime_
Module: D:\WATCOM/lib386/nt\clib3r.lib(strerror.c)
0040eec0       strerror_
0040eee0*      _strerror_
0040efb0*      _doserror_
00417fe0+      __sys_errlist
00418084+      __sys_nerr
Module: D:\WATCOM/lib386/nt\clib3r.lib(_strcmp)
0040efe0       strcmp_
Module: D:\WATCOM/lib386/nt\clib3r.lib(mbspbrk.c)
0040f120       _mbspbrk_
Module: D:\WATCOM/lib386/nt\clib3r.lib(mbsinc.c)
0040f170       _mbsinc_
Module: D:\WATCOM/lib386/nt\clib3r.lib(tolower.c)
0040f1a0       tolower_
Module: D:\WATCOM/lib386/nt\clib3r.lib(stiomode.c)
0040f1b0       __grow_iomode_
0040f280+      __shrink_iomode_
0040f2c0       __SetIOMode_
Module: D:\WATCOM/lib386/nt\clib3r.lib(close.c)
0040f330       close_
Module: D:\WATCOM/lib386/nt\clib3r.lib(openwnt.c)
0040f550*      open_
0040f570       sopen_
Module: D:\WATCOM/lib386/nt\clib3r.lib(lseek.c)
0040f5a0       lseek_
Module: D:\WATCOM/lib386/nt\flib7.lib(poscc.c)
0040f5f0*      __LineFeedWithFormFeed_
0040f600       FSetCC_
Module: D:\WATCOM/lib386/nt\clib3r.lib(unlnkwnt.c)
0040f660       unlink_
Module: D:\WATCOM/lib386/nt\clib3r.lib(chsizwnt.c)
0040f6e0       chsize_
Module: D:\WATCOM/lib386/nt\clib3r.lib(read.c)
0040f7d0       read_
Module: D:\WATCOM/lib386/nt\flib7.lib(ifile.c)
0040f960       SendIFBuff_
0040f990       NextIFBuff_
Module: D:\WATCOM/lib386/nt\flib7.lib(rfmtlog.c)
0040f9d0       R_FmtLog_
Module: D:\WATCOM/lib386/nt\flib7.lib(fmtrtns.c)
0040fa00       R_F2E_
0040fb70       R_F2F_
0040fd00       SetMaxPrec_
Module: D:\WATCOM/lib386/nt\flib7.lib(flt86.c)
0040fd10       _P1d100
0040fd18       _P1d_99
Module: D:\WATCOM/lib386/nt\flib7.lib(hexcnv.c)
0040fd30       Hex_
0040fd50*      HSToB_
0040fdc0       BToHS_
Module: D:\WATCOM/lib386/nt\clib3r.lib(strupr.c)
0040fe10       strupr_
Module: D:\WATCOM/lib386/nt\clib3r.lib(signlwnt.c)
00418090+      __SignalTable
0040fe30+      __SetSignalFunc_
0040fe80+      __GetSignalFunc_
0040feb0+      __GetSignalOSCode_
0040fee0+      __CheckSignalExCode_
00410020+      __sigabort_
00410030       __sigfpe_handler_
00410080       signal_
00410110+      raise_
00410180+      __SigInit_
004101d0+      __SigFini_
00410210+      __sig_init_
Module: D:\WATCOM/lib386/nt\flib7.lib(fptraps.c)
004102f0*      __MaskDefaultFPE_
00410310       FPTrapInit_
00410340       FPTrapFini_
Module: D:\WATCOM/lib386/nt\clib3r.lib(trdlist.c)
004103b0       __GetThreadData_
00410400       __ReallocThreadData_
004104f0       __AddThreadData_
00410570       __RemoveThreadData_
004105d0       __ResizeThreadDataList_
00410600       __FreeThreadDataList_
00410630*      __ActiveThreads_
Module: D:\WATCOM/lib386/nt\flib7.lib(errgrp.c)
00410650       _GrpCodes
Module: D:\WATCOM/lib386/nt\clib3r.lib(initfile.c)
00410710       __InitFiles_
Module: D:\WATCOM/lib386/nt\clib3r.lib(ioexit.c)
00410810*      fcloseall_
00410820       __full_io_exit_
Module: D:\WATCOM/lib386/nt\clib3r.lib(stackwnt.c)
00410830       stackavail_
Module: D:\WATCOM/lib386/nt\clib3r.lib(stk)
00410841*      __CHK
00410851*      __STK
00410870       __STKOVERFLOW_
00410880*      __GRO
004108a0*      __alloca_probe
Module: D:\WATCOM/lib386/nt\clib3r.lib(cinit.c)
004108c0       __CommonInit_
Module: D:\WATCOM/lib386/nt\clib3r.lib(___argc.c)
00419894       ____Argc
00419898       ____Argv
Module: D:\WATCOM/lib386/nt\flib7.lib(rtmain.c)
004108d0       main_
Module: D:\WATCOM/lib386/nt\flib7.lib(expchk.c)
004108f0       ToFFormat_
Module: D:\WATCOM/lib386/nt\clib3r.lib(nrealloc.c)
00410940*      _nrealloc_
00410940       realloc_
Module: D:\WATCOM/lib386/nt\clib3r.lib(setenvp.c)
004109c0       __setenvp_
00410a80       __freeenvp_
Module: D:\WATCOM/lib386/nt\clib3r.lib(ustrlen.c)
00410acd       wcslen_
Module: D:\WATCOM/lib386/nt\clib3r.lib(memcpy.c)
00410ae0       memcpy_
Module: D:\WATCOM/lib386/nt\clib3r.lib(mem.c)
00410b00       __MemAllocator
00410bb0       __MemFree
Module: D:\WATCOM/lib386/nt\clib3r.lib(conutwnt.c)
00410d00*      __NTRealKey_
00410db0*      __NTConsoleInput_
00410dc0       __NTConsoleOutput_
Module: D:\WATCOM/lib386/nt\clib3r.lib(fclex387.c)
00410dd0       _ClearFPE_
Module: D:\WATCOM/lib386/nt\clib3r.lib(ljmphdl.c)
00418114       ___longjmp_handler
Module: D:\WATCOM/lib386/nt\flib7.lib(intarith.c)
00410df0       AddIOFlo_
00410e00*      SubIOFlo_
00410e10       MulIOFlo_
Module: D:\WATCOM/lib386\math387r.lib(strtod.c)
00411333+      __Strtold_
0041149a       strtod_
Module: D:\WATCOM/lib386/nt\clib3r.lib(mbterm.c)
004115e0       _mbterm_
Module: D:\WATCOM/lib386/nt\clib3r.lib(mbsnextc.c)
00411620       _mbsnextc_
Module: D:\WATCOM/lib386/nt\clib3r.lib(mbcupper.c)
00411660       _mbctoupper_
Module: D:\WATCOM/lib386/nt\clib3r.lib(alphabet.c)
00417264       ___Alphabet
Module: D:\WATCOM/lib386/nt\clib3r.lib(nmemneed.c)
00411690       __nmemneed_
Module: D:\WATCOM/lib386/nt\clib3r.lib(grownear.c)
00411800       __ExpandDGROUP_
Module: D:\WATCOM/lib386/nt\clib3r.lib(isattwnt.c)
00411820       isatty_
Module: D:\WATCOM/lib386/nt\clib3r.lib(strncpy.c)
00411840       strncpy_
Module: D:\WATCOM/lib386/nt\clib3r.lib(mktime.c)
00411880       mktime_
Module: D:\WATCOM/lib386/nt\clib3r.lib(mbschr.c)
00411910       _mbschr_
Module: D:\WATCOM/lib386/nt\clib3r.lib(mbisdbcs.c)
004198a0       ___IsDBCS
Module: D:\WATCOM/lib386/nt\clib3r.lib(mbislead.c)
00411970*      _ismbblead_
004198a4       ___MBCSIsTable
Module: D:\WATCOM/lib386/nt\clib3r.lib(_clsewnt.c)
00411990       __close_
Module: D:\WATCOM/lib386/nt\clib3r.lib(ntfio.c)
004119f0*      __GetNTCreateAttr_
00411a30       __GetNTAccessAttr_
00411a60       __GetNTShareAttr_
Module: D:\WATCOM/lib386/nt\clib3r.lib(umaskval.c)
00418118       ___umaskval
Module: D:\WATCOM/lib386/nt\clib3r.lib(__lseek.c)
00411ac0       __lseek_
Module: D:\WATCOM/lib386\math387r.lib(ldcvt.c)
00411bdb       _LDScale10x_
00412182       __LDcvt_
Module: D:\WATCOM/lib386/nt\clib3r.lib(abort.c)
004125e4*      abort_
004125f6       __terminate_
004181c4       ___abort
Module: D:\WATCOM/lib386/nt\clib3r.lib(cntrl87.c)
00412610       _control87_
Module: D:\WATCOM/lib386/nt\clib3r.lib(mthread.c)
004127f0+      __CloseSemaphore_
00412830+      __AccessIOB_
00412840+      __ReleaseIOB_
00412850+      __AccessFileH_
00412860+      __ReleaseFileH_
00412870+      __AccessNHeap_
00412880+      __ReleaseNHeap_
00412890+      __AccessFHeap_
004128a0+      __ReleaseFHeap_
004128b0+      __AccessTDList_
004128c0+      __ReleaseTDList_
004128d0+      __AccessFList_
004128e0+      __AccessSemaphore_
00412940+      __ReleaseFList_
00412950+      __ReleaseSemaphore_
00412980+      __MultipleThread_
004129d0+      __AllocInitThreadData_
00412a20*      __FreeInitThreadData_
00412a30       __NTThreadInit_
00412aa0       __NTAddThread_
00412af0       __NTRemoveThread_
00412b80       __InitMultipleThread_
004181c8+      ___AccessSema4
004181cc+      ___ReleaseSema4
004181d0+      ___CloseSema4
Module: D:\WATCOM/lib386/nt\clib3r.lib(xmsgwnt.c)
00412d40+      __exit_with_msg_
00412da0       __fatal_runtime_error_
Module: D:\WATCOM/lib386/nt\clib3r.lib(calloc.c)
00412dc0       calloc_
Module: D:\WATCOM/lib386/nt\clib3r.lib(register.c)
00412df0       __initthread_
00412e00*      _beginthread_
00412e10       _endthread_
00412e20*      __RegisterThreadData_
Module: D:\WATCOM/lib386/nt\clib3r.lib(fclose.c)
00412e70+      __doclose_
00412f10       __shutdown_stream_
00412f30*      fclose_
0041a114+      ___RmTmpFileFn
Module: D:\WATCOM/lib386/nt\clib3r.lib(freefp.c)
00412f80       __freefp_
00412fd0       __purgefp_
Module: D:\WATCOM/lib386/nt\clib3r.lib(argcv.c)
0041a118       __argc
0041a11c       __argv
0041a120       ___argv
0041a124       ___argc
Module: D:\WATCOM/lib386/nt\clib3r.lib(nmsize.c)
00413000       _nmsize_
00413000*      _msize_
Module: D:\WATCOM/lib386/nt\clib3r.lib(nexpand.c)
00413010       _nexpand_
00413010*      _expand_
00413050+      __HeapManager_expand_
Module: D:\WATCOM/lib386/nt\clib3r.lib(dofilstr.c)
00413230       __ParsePosixHandleStr_
Module: D:\WATCOM/lib386/nt\clib3r.lib(clearenv.c)
00413350       clearenv_
Module: D:\WATCOM/lib386\math387r.lib(bufld386)
004133e0       __ZBuf2LD
Module: D:\WATCOM/lib386\math387r.lib(inf_nan.c)
00413483*      ___f_infinity
00413487*      ___f_posqnan
0041348b       ___d_infinity
00413493       ___d_posqnan
0041349b*      ___ld_infinity
004134a3*      ___ld_posqnan
Module: D:\WATCOM/lib386/nt\clib3r.lib(hugeval.c)
004134b0       __HugeValue
Module: D:\WATCOM/lib386/nt\clib3r.lib(mbconv.c)
004134c0       _mbvtop_
Module: D:\WATCOM/lib386/nt\clib3r.lib(amblksiz.c)
004181e0       __amblksiz
Module: D:\WATCOM/lib386/nt\clib3r.lib(heapen.c)
004134e0*      _heapenable_
004181e4       ___heap_enabled
Module: D:\WATCOM/lib386/nt\clib3r.lib(nheapmin.c)
00413510       _nheapshrink_
00413510*      _nheapmin_
00413510*      _heapmin_
00413510       _heapshrink_
Module: D:\WATCOM/lib386/nt\clib3r.lib(locmktim.c)
00413600       __local_mktime_
Module: D:\WATCOM/lib386/nt\clib3r.lib(gmtime.c)
00413780       __brktime_
00413880+      _gmtime_
004138a0*      gmtime_
Module: D:\WATCOM/lib386/nt\clib3r.lib(tzset.c)
004181e8       ___start_dst
0041820c       ___end_dst
00418334*      _tzname
0041833c       _timezone
00418340       _daylight
00418344       ___dst_adjust
00413910*      __DontCacheOSTZ_
00413920*      __CacheOSTZ_
00413e00+      __parse_tz_
004141f0       tzset_
Module: D:\WATCOM/lib386/nt\clib3r.lib(timeutil.c)
00414360       __isindst_
Module: D:\WATCOM/lib386/nt\clib3r.lib(mbclen.c)
00414690       _mbclen_
Module: D:\WATCOM/lib386/nt\clib3r.lib(mbccmp.c)
004146c0       _mbccmp_
Module: D:\WATCOM/lib386/nt\clib3r.lib(mbinit.c)
00414735       __mbinit_
0041834c       ___MBCodePage
Module: D:\WATCOM/lib386\math387r.lib(ldclass.c)
00414823       __LDClass_
00414873*      _FLClass_
Module: D:\WATCOM/lib386/nt\clib3r.lib(trdalloc.c)
00414890       __FiniThreadProcessing_
Module: D:\WATCOM/lib386/nt\clib3r.lib(thredwnt.c)
00414950       __CBeginThread_
004149f0       __CEndThread_
Module: D:\WATCOM/lib386/nt\clib3r.lib(flush.c)
00414a30       __flush_
Module: D:\WATCOM/lib386/nt\clib3r.lib(initargv.c)
00414b30       __Init_Argv_
00414b80+      _getargv_
00414d20       __Fini_Argv_
Module: D:\WATCOM/lib386/nt\clib3r.lib(strtol.c)
00414f50*      strtoul_
00414f60       strtol_
Module: D:\WATCOM/lib386/nt\clib3r.lib(putenv.c)
00414f70       putenv_
00415200       __putenv_
Module: D:\WATCOM/lib386/nt\clib3r.lib(leapyear.c)
00415370       __leapyear_
0041728c       ___diyr
004172a6       ___dilyr
Module: D:\WATCOM/lib386/nt\clib3r.lib(wcstombs.c)
004153b0       wcstombs_
Module: D:\WATCOM/lib386/nt\clib3r.lib(fsync.c)
00415450       fsync_
Module: D:\WATCOM/lib386/nt\clib3r.lib(qwrit.c)
004154a0       __qwrite_
Module: D:\WATCOM/lib386/nt\clib3r.lib(histsplt.c)
0041a12c       ___historical_splitparms
Module: D:\WATCOM/lib386/nt\clib3r.lib(mbslen.c)
00415580       _mbslen_
Module: D:\WATCOM/lib386/nt\clib3r.lib(mbstowcs.c)
004155b0       mbstowcs_
Module: D:\WATCOM/lib386/nt\clib3r.lib(uputenv.c)
00415630*      _wputenv_
00415850       __wputenv_
Module: D:\WATCOM/lib386/nt\clib3r.lib(wctomb.c)
00415950       wctomb_
Module: D:\WATCOM/lib386/nt\clib3r.lib(mbtowc.c)
00415990       mbtowc_
Module: D:\WATCOM/lib386/nt\clib3r.lib(ustrchr.c)
00415a20       wcschr_
Module: D:\WATCOM/lib386/nt\clib3r.lib(setenvar.c)
00415a40       __lib_SetEnvironmentVariableW_
Module: D:\WATCOM/lib386/nt\clib3r.lib(crtwenv.c)
00415b30       __create_wide_environment_
Module: D:\WATCOM/lib386/nt\clib3r.lib(utoupper.c)
00415b98       towupper_


                        +----------------------+
                        |   Imported Symbols   |
                        +----------------------+

Symbol                              Module
======                              ======

_MessageBoxA@16                     USER32.DLL
_GetEnvironmentStringsA@0           KERNEL32.DLL
_GetVersion@0                       KERNEL32.DLL
_GetModuleFileNameA@12              KERNEL32.DLL
_GetCommandLineA@0                  KERNEL32.DLL
_GetCommandLineW@0                  KERNEL32.DLL
_FreeEnvironmentStringsA@4          KERNEL32.DLL
_GetModuleHandleA@4                 KERNEL32.DLL
_ExitProcess@4                      KERNEL32.DLL
_RtlUnwind@16                       KERNEL32.DLL
_GetFullPathNameA@16                KERNEL32.DLL
_GetFileType@4                      KERNEL32.DLL
_GetFileInformationByHandle@8       KERNEL32.DLL
_GetFileTime@16                     KERNEL32.DLL
_GetFileSize@8                      KERNEL32.DLL
_CreateFileA@28                     KERNEL32.DLL
_CloseHandle@4                      KERNEL32.DLL
_GetLastError@0                     KERNEL32.DLL
_GetDriveTypeA@4                    KERNEL32.DLL
_FindFirstFileA@8                   KERNEL32.DLL
_FindClose@4                        KERNEL32.DLL
_SetFilePointer@16                  KERNEL32.DLL
_WriteFile@20                       KERNEL32.DLL
_GetCurrentThreadId@0               KERNEL32.DLL
_SetStdHandle@8                     KERNEL32.DLL
_CreateEventA@16                    KERNEL32.DLL
_GetStdHandle@4                     KERNEL32.DLL
_GetModuleFileNameW@12              KERNEL32.DLL
_MultiByteToWideChar@24             KERNEL32.DLL
_LoadLibraryA@4                     KERNEL32.DLL
_GetProcAddress@8                   KERNEL32.DLL
_SetUnhandledExceptionFilter@4      KERNEL32.DLL
_UnhandledExceptionFilter@4         KERNEL32.DLL
_VirtualQuery@12                    KERNEL32.DLL
_GetFileAttributesA@4               KERNEL32.DLL
_GetCurrentDirectoryA@8             KERNEL32.DLL
_FileTimeToLocalFileTime@8          KERNEL32.DLL
_FileTimeToDosDateTime@12           KERNEL32.DLL
_DosDateTimeToFileTime@12           KERNEL32.DLL
_LocalFileTimeToFileTime@8          KERNEL32.DLL
_FindNextFileA@8                    KERNEL32.DLL
_FormatMessageA@28                  KERNEL32.DLL
_DeleteFileA@4                      KERNEL32.DLL
_SetEndOfFile@4                     KERNEL32.DLL
_ReadFile@20                        KERNEL32.DLL
_SetConsoleCtrlHandler@8            KERNEL32.DLL
_TlsGetValue@4                      KERNEL32.DLL
_TlsSetValue@8                      KERNEL32.DLL
_CharUpperA@4                       USER32.DLL
_VirtualAlloc@16                    KERNEL32.DLL
_InitializeCriticalSection@4        KERNEL32.DLL
_DeleteCriticalSection@4            KERNEL32.DLL
_LeaveCriticalSection@4             KERNEL32.DLL
_EnterCriticalSection@4             KERNEL32.DLL
_SetLastError@4                     KERNEL32.DLL
_TlsAlloc@0                         KERNEL32.DLL
_TlsFree@4                          KERNEL32.DLL
_VirtualFree@12                     KERNEL32.DLL
_GetTimeZoneInformation@4           KERNEL32.DLL
_GetACP@0                           KERNEL32.DLL
_GetOEMCP@0                         KERNEL32.DLL
_GetCPInfo@8                        KERNEL32.DLL
_CreateThread@24                    KERNEL32.DLL
_ResumeThread@4                     KERNEL32.DLL
_ExitThread@4                       KERNEL32.DLL
_SetEnvironmentVariableA@8          KERNEL32.DLL
_FlushFileBuffers@4                 KERNEL32.DLL
_WideCharToMultiByte@32             KERNEL32.DLL
_SetEnvironmentVariableW@8          KERNEL32.DLL


                        +--------------------+
                        |   Libraries Used   |
                        +--------------------+

D:\WATCOM/lib386/nt\kernel32.lib
D:\WATCOM/lib386/nt\user32.lib
D:\WATCOM/lib386/nt\flib7.lib
D:\WATCOM/lib386\math387r.lib
D:\WATCOM/lib386/nt\clib3r.lib
D:\WATCOM/lib386/nt\emu387.lib


                        +-----------------------+
                        |   Linker Statistics   |
                        +-----------------------+

Stack size:  00010000 (65536.)
Memory size:  000285fc (165372.)
Entry point address: 00402eb4
Link time: 00:00.65
