Open Watcom Linker Version 1.9
Portions Copyright (c) 1985-2002 Sybase, Inc. All Rights Reserved.
Created on:       20/04/25 13:40:43
Executable Image: matr.exe
creating a Windows NT character-mode executable


                        +------------+
                        |   Groups   |
                        +------------+

Group                           Address              Size
=====                           =======              ====

.idata                          00416000             00000786
DGROUP                          00417000             00199af0



                        +--------------+
                        |   Segments   |
                        +--------------+

Segment                Class          Group          Address         Size
=======                =====          =====          =======         ====

BEGTEXT                CODE           AUTO           00401000        00000007
_TEXT                  CODE           AUTO           00401010        00014188
TRANSFER CODE          CODE           AUTO           00415198        0000019e
.idata                 .idata         .idata         00416000        00000786
_NULL                  BEGDATA        DGROUP         00417000        00000004
_AFTERNULL             BEGDATA        DGROUP         00417004        00000000
CONST                  DATA           DGROUP         00417010        00000120
_DATA                  DATA           DGROUP         00417130        000010e0
CONST2                 DATA           DGROUP         00418210        00000000
XIB                    DATA           DGROUP         00418210        00000000
XI                     DATA           DGROUP         00418210        0000004e
XIE                    DATA           DGROUP         0041825e        00000000
YIB                    DATA           DGROUP         0041825e        00000000
YI                     DATA           DGROUP         0041825e        00000030
YIE                    DATA           DGROUP         0041828e        00000000
TIB                    DATA           DGROUP         0041828e        00000000
TI                     DATA           DGROUP         0041828e        00000000
TIE                    DATA           DGROUP         0041828e        00000000
DATA                   DATA           DGROUP         0041828e        00000000
DATA32                 DATA           DGROUP         00418290        0000011c
CONST32                CONST          DGROUP         00419000        00000000
_BSS                   BSS            DGROUP         00419000        000010f0
GDATA@0                BSS            DGROUP         0041a0f0        00186a00
BSS32                  BSS            DGROUP         005a0af0        00000000
STACK                  STACK          DGROUP         005a0af0        00010000


                        +----------------+
                        |   Memory Map   |
                        +----------------+

* = unreferenced symbol
+ = symbol only referenced locally

Address        Symbol
=======        ======

Module: matr.obj(D:\WATCOM\lb3\matr\matr.for)
00401010       FMAIN
0040133e+      DENSEMATRIX
00401522+      PART
Module: D:\WATCOM/lib386/nt\flib7.lib(setunit.c)
00401640       RT@SetUnit
Module: D:\WATCOM/lib386/nt\flib7.lib(setfile.c)
00401680       RT@SetFile
Module: D:\WATCOM/lib386/nt\flib7.lib(seterr.c)
004016a0       RT@SetErr
Module: D:\WATCOM/lib386/nt\flib7.lib(exopen.c)
00401de0       RT@IOOpen
004171b8+      _AccModTab
004171c8+      _FormTab
004171d4+      _OpStatTab
004171e8+      _BlnkTab
004171f4+      _RecFmTab
00417204+      _CCtrlTab
00417210+      _ActionTab
00417220+      _ShareTab
Module: D:\WATCOM/lib386/nt\flib7.lib(coread)
00401df6       RT@IORead
00401e05*      RT@InpLOG1
00401e14*      RT@InpLOG4
00401e23*      RT@InpINT1
00401e32*      RT@InpINT2
00401e41       RT@InpINT4
00401e50       RT@InpREAL
00401e5f*      RT@InpDBLE
00401e6e*      RT@InpXTND
00401e7d*      RT@InpCPLX
00401e8c*      RT@InpDBCX
00401e9b*      RT@InpXTCX
00401eaa*      RT@InpCHAR
00401eaf*      RT@InpSTR
00401eb4*      RT@InpArr
00401eb9*      RT@InpChArr
Module: D:\WATCOM/lib386/nt\flib7.lib(cortns)
00417238*      _FRT_SaveESP
00401ec9*      SwitchToGen
00401ee7       SwitchToRT
00401f05       RdWrCommon
00401fa9       IOType_
00401fc7       IOChar
00401fe2       IOStr
00401ff7       IOArr
00402012       IOChArr
00402034       RT@EndIO
Module: D:\WATCOM/lib386/nt\flib7.lib(setform.c)
00402040       RT@SetForm
Module: D:\WATCOM/lib386/nt\flib7.lib(setacc.c)
00402060       RT@SetAcc
Module: D:\WATCOM/lib386/nt\flib7.lib(setrecl.c)
00402080       RT@SetRecl
Module: D:\WATCOM/lib386/nt\flib7.lib(setrec.c)
004020c0       RT@SetRec
Module: D:\WATCOM/lib386/nt\flib7.lib(setnofmt.c)
00402100       RT@SetNoFmt
Module: D:\WATCOM/lib386/nt\flib7.lib(pause.c)
00402130       RT@Pause
00417258*      LG@PAUSE_HOOK
Module: D:\WATCOM/lib386/nt\flib7.lib(setfmt.c)
00402180       RT@SetFmt
Module: D:\WATCOM/lib386/nt\flib7.lib(cowrite)
004021a0       RT@IOWrite
004021af*      RT@OutLOG1
004021c1*      RT@OutLOG4
004021cf*      RT@OutINT1
004021e1*      RT@OutINT2
004021f1*      RT@OutINT4
00402200       RT@OutREAL
00402210*      RT@OutDBLE
00402220*      RT@OutXTND
00402230*      RT@OutCPLX
00402246*      RT@OutDBCX
0040225c*      RT@OutXTCX
00402272       RT@OutCHAR
00402277*      RT@OutSTR
0040227c*      RT@PrtArr
00402281*      RT@PrtChArr
Module: D:\WATCOM/lib386/nt\flib7.lib(exclose.c)
00402380       RT@IOClose
Module: D:\WATCOM/lib386/nt\clib3r.lib(cstrtwnt)
00402396       _cstart_
00402396*      mainCRTStartup
Module: D:\WATCOM/lib386/nt\clib3r.lib(_8087)
0041726c       __8087
0041726d       __real87
Module: D:\WATCOM/lib386/nt\emu387.lib(386)
004023f4       __init_387_emulator
004023f5*      __fini_387_emulator
Module: D:\WATCOM/lib386/nt\flib7.lib(initeng.c)
00419000       __init_english
Module: D:\WATCOM/lib386/nt\flib7.lib(initerr.c)
00419004       __init_error
Module: D:\WATCOM/lib386/nt\flib7.lib(setiocb.c)
00402400       RT@SetIOCB
Module: D:\WATCOM/lib386/nt\flib7.lib(rdata.c)
00419010       _IORslt
00419020       _FmtBuff
00419024*      _Fmt_revert
00419028*      _Fmt_start
0041902c*      _Fmt_paren_level
00419030*      _Fmt_charptr
00419034*      _FmtEmStruct
00419038       _IOTypeRtn
0041903c*      _Fmt_end
00419040*      _Fmt_rep_spec
00419044       _FmtRoutine
00419048       _IOCB
0041904c       _Files
00419050*      _Fmt_delimited
Module: D:\WATCOM/lib386/nt\flib7.lib(rtutls.c)
004024b0       FindFtnFile_
004025a0       RChkAlloc_
004025d0       F_Connect_
00402650       ConnectFile_
00402660       GetFileInfo_
00402750       DiscoFile_
004027c0*      ChkFileName_
004027f0+      ChkLogFile_
00402830       ChkIOOperation_
00402870       GetIOErr_
00402880       ChkIOErr_
004028a0       ChkUnitId_
004028e0*      ChkConnected_
00402900       SetEOF_
00402930       ClearEOF_
00402970       SysEOF_
004029a0       IsFixed_
004029b0       IsCarriage_
004029c0*      ChkRecordStructure_
004029f0*      ChkSequential_
00402a10*      ChkExist_
00402a40       StrItem_
Module: D:\WATCOM/lib386/nt\flib7.lib(exutil.c)
00402ac0       FindKWord_
00402b50*      ClrBuff_
00417270       _SpecId
Module: D:\WATCOM/lib386/nt\flib7.lib(ioerr.c)
00402ba0       IOErr_
Module: D:\WATCOM/lib386/nt\flib7.lib(rtsysutl.c)
00402c30       GetSysIOInfo_
00402c50       GetSysFileInfo_
00402c80       IsDevice_
00402e50       OpenAction_
00402e90*      DfltRecType_
00402eb0+      _FileAttrs_
00402f70       CloseFile_
00402fe0       Scrtched_
00403000       CloseDeleteFile_
00403050       Errf_
00403070       FPutBuff_
004030e0       FGetBuff_
00403130       SeekFile_
00403150       NoEOF_
00403160       SysClearEOF_
00403170       SameFile_
00403180*      Rewindf_
004031a0       SysCreateFile_
004031e0       CheckLogicalRecord_
00403200       SkipLogicalRecord_
00403220*      BackSpacef_
00403250*      EndFilef_
00403290       GetIOErrMsg_
004032d0       ReportNExist_
004032f0       ReportEOF_
00403300       WaitForEnter_
Module: D:\WATCOM/lib386/nt\flib7.lib(runmain.c)
00403310*      __InitUnit6CC_
00403320       __DevicesCC_
00403330*      __InitAllowCommaSeparator_
00403340       __AllowCommaSep_
00403350+      _InitIO_
004033c0+      CloseAllFiles_
00403400*      _FiniEx_
00403400       RunExit_
00403440       RunEntry_
Module: D:\WATCOM/lib386/nt\flib7.lib(rdwr.c)
00403470       DoOpen_
004034a0+      _AllocBuffer_
004034e0       IOPrologue_
00403720       UpdateRecNum_
Module: D:\WATCOM/lib386/nt\flib7.lib(iomain.c)
00403760       __ReleaseIOSys_
00403780       IOMain_
Module: D:\WATCOM/lib386/nt\flib7.lib(exread.c)
004039b0       DoRead_
Module: D:\WATCOM/lib386/nt\clib3r.lib(crwdata)
004172e0       __osmajor
004172e1       __osminor
004172e2       __osbuild
004172e4       __osver
004172e8       __winmajor
004172ec       __winminor
004172f0       __winver
004172ac       __LpDllName
004172b0       __LpwCmdLine
004172b4       __LpwPgmName
004172b8       __LpwDllName
004172a4       __LpCmdLine
004172a8       __LpPgmName
0041729c*      __dynend
004172a0       __curbrk
004172bc*      __STACKLOW
004172c0       __STACKTOP
004172c4       __ASTACKSIZ
004172c8       __ASTACKPTR
004172cc*      __cbyte
004172d0*      __cbyte2
004172d4*      __child
004172da       __Envptr
004172de*      __Envseg
004172d8       __no87
004172f4       ___FPE_handler
Module: D:\WATCOM/lib386/nt\flib7.lib(thrdutil.c)
00403a40*      __InitMultiThreadIO_
004172fc       ___SwitchStkLow
Module: D:\WATCOM/lib386/nt\flib7.lib(rtinit.c)
00417300       ___FAppType
00417304       __ExceptionInit
00417308       __ExceptionFini
00403a60*      __InitFThreadData_
00403aa0+      RTSysFini_
00403ab0       RTSysInit_
00417310       __AccessFIO
00417314       __ReleaseFIO
00417318       __PartialReleaseFIO
00419058       ___FThreadDataOffset
0041822e*      ___fthread_data_size
Module: D:\WATCOM/lib386/nt\flib7.lib(rterr.c)
0041731c+      _TraceRoutine
00403b30       FlushStdUnit_
00403b80+      WriteErr_
00403c50       ErrHandler_
00403c90       RTErr_
00417328+      LG@ERR_HOOK
Module: D:\WATCOM/lib386/nt\flib7.lib(stdio.c)
00403cd0       StdBuffer_
00403cf0       StdWrite_
00403dd0       StdFlush_
00403e00       StdWriteNL_
Module: D:\WATCOM/lib386/nt\flib7.lib(rfmtexec.c)
00404760       R_FExec_
Module: D:\WATCOM/lib386/nt\flib7.lib(exwrite.c)
00404800       DoWrite_
Module: D:\WATCOM/lib386/nt\clib3r.lib(main2wnt.c)
00404830       __NTMain
Module: D:\WATCOM/lib386/nt\clib3r.lib(segdefns)
00401003       ___begtext
00417000*      __nullarea
00418210       __Start_XI
0041825e       __End_XI
0041825e       __Start_YI
0041828e       __End_YI
Module: D:\WATCOM/lib386/nt\clib3r.lib(chk8087.c)
004048b0*      _fpreset_
004048f0       __chk8087_
00404900*      __init_8087_
Module: D:\WATCOM/lib386/nt\flib7.lib(english.c)
00404950       __UseEnglishCharSet_
Module: D:\WATCOM/lib386/nt\flib7.lib(errincl.c)
00404a60       __InitError_
00417734+      _PGroupTable
00417738+      _PErrWord
Module: D:\WATCOM/lib386/nt\clib3r.lib(mainwnt.c)
0041773c       ___TlsIndex
00417740       ___FirstThreadData
00417744       ___GetThreadPtr
00417748       __AccessFileH
0041774c       __ReleaseFileH
00417750       __AccessIOB
00417754       __ReleaseIOB
00417758       __AccessNHeap
0041775c       __AccessFHeap
00417760       __ReleaseNHeap
00404a90*      __threadid_
00404ab0+      __sig_null_rtn_
00404ac0+      __NTInit_
00404ca0+      __NTFini_
00404d00       __NTMainInit_
00404d60       __exit_
00417764       __ReleaseFHeap
00417768       __AccessTDList
0041776c       __ReleaseTDList
00417770       __AccessFList
00417774       __ReleaseFList
00417778       __ThreadExitRtn
0041777c       ___sig_init_rtn
00417780       ___sig_fini_rtn
00417784       ___process_fini
00419068       ___Is_DLL
Module: D:\WATCOM/lib386/nt\flib7.lib(ioinit.c)
00404dc0       IOSysInit_
Module: D:\WATCOM/lib386/nt\flib7.lib(fdutil.c)
00404df0       LocFile_
00404e00       LocUnit_
00404e30       ExtractInfo_
Module: D:\WATCOM/lib386/nt\flib7.lib(rstdio.c)
00404f60       _InitStandardInput_
00404f90       _InitStandardOutput_
Module: D:\WATCOM/lib386/nt\flib7.lib(rmemmgr.c)
00404fc0       RMemAlloc_
00404fd0       RMemFree_
Module: D:\WATCOM/lib386/nt\clib3r.lib(memset.c)
00404fe0       memset_
Module: D:\WATCOM/lib386/nt\flib7.lib(deffname.c)
0041778c       _DefFName
Module: D:\WATCOM/lib386/nt\flib7.lib(stracc.c)
00405000       TrimStr_
00405040       GetStr_
Module: D:\WATCOM/lib386/nt\flib7.lib(spawn.c)
00405070       Spawn_
004050d0       Suicide_
Module: D:\WATCOM/lib386/nt\clib3r.lib(memicmp.c)
00405110       memicmp_
Module: D:\WATCOM/lib386/nt\flib7.lib(blderr.c)
004051d0       Substitute_
00405390       ErrCodOrg_
Module: D:\WATCOM/lib386/nt\clib3r.lib(accsswnt.c)
004053a0       access_
Module: D:\WATCOM/lib386/nt\clib3r.lib(fullpath.c)
004053e0+      _sys_fullpath_
00405460       _fullpath_
Module: D:\WATCOM/lib386/nt\clib3r.lib(fstatwnt.c)
004054d0       fstat_
Module: D:\WATCOM/lib386/nt\flib7.lib(poserr.c)
00405830       Errorf_
00405850*      EOFile_
00405870       ErrorMsg_
004058b0       FSetTrunc_
004058c0       FSetSysErr_
004058e0       FSetErr_
00405900       FSetEof_
00405920       IOOk_
Module: D:\WATCOM/lib386/nt\clib3r.lib(statwnt.c)
00405a45       stat_
Module: D:\WATCOM/lib386/nt\flib7.lib(posopen.c)
00405c80       InitStd_
00405d40       SetIOBufferSize_
00405d60+      _AllocFile_
00405e50       Openf_
00405f40       Closef_
Module: D:\WATCOM/lib386/nt\flib7.lib(posdat.c)
0041797c       _FStdIn
00417980       _FStdOut
00417984       _FStdErr
Module: D:\WATCOM/lib386/nt\flib7.lib(posflush.c)
00405fc0       FlushBuffer_
Module: D:\WATCOM/lib386/nt\flib7.lib(posdel.c)
00406070       Scratchf_
Module: D:\WATCOM/lib386/nt\clib3r.lib(nodefwin.c)
00417988*      __WindowsIsWindowedHandle
0041798c*      __WindowsRemoveWindowedHandle
00417990*      __WindowsNewWindow
00417994*      __WindowsCloseWindow
00417998*      __WindowsSetAbout
0041799c*      __WindowsSetAppTitle
004179a0*      __WindowsSetConTitle
004179a4*      __WindowsDestroyOnClose
004179a8*      __WindowsYieldControl
004179ac*      __WindowsShutDown
004179b0*      __WindowsStdin
004179b4       __WindowsStdout
004179b8*      __WindowsKbhit
004179bc*      __WindowsGetch
004179c0*      __WindowsGetche
004179c4*      __WindowsPutch
00406090*      _dwShutDown_
00406090*      _dwYield_
00406090*      _dwSetConTitle_
00406090*      _dwSetAppTitle_
00406090*      _dwSetAboutDlg_
00406090       _dwDeleteOnClose_
004179c8*      __WindowsExitRtn
00419684*      __init_default_win
Module: D:\WATCOM/lib386/nt\flib7.lib(posput.c)
004060a0       FPutRec_
004060e0       ChopFile_
00406130*      PutRec_
00406250       writebytes_
004062d0       SysWrite_
Module: D:\WATCOM/lib386/nt\flib7.lib(posget.c)
00406410       readbytes_
004064e0       SysRead_
00406950       FGetRec_
00406980*      GetRec_
004069a0       GetStdChar_
004069f0       FCheckLogical_
00406a70       FSkipLogical_
00406b40*      FGetVarRecLen_
Module: D:\WATCOM/lib386/nt\flib7.lib(posseek.c)
00406c30       FSeekRec_
00406c70       CurrFileOffset_
00406c70       FGetFilePos_
00406c90       SysSeek_
00406e80*      FSeekAbs_
Module: D:\WATCOM/lib386/nt\clib3r.lib(stricmp.c)
00406e90       stricmp_
Module: D:\WATCOM/lib386/nt\flib7.lib(posrew.c)
00406ed0       FRewind_
Module: D:\WATCOM/lib386/nt\flib7.lib(posback.c)
00406f40       FBackspace_
Module: D:\WATCOM/lib386/nt\flib7.lib(postrunc.c)
00407020       FTruncate_
Module: D:\WATCOM/lib386/nt\clib3r.lib(errno.c)
00407040       __get_errno_ptr_
00407050*      __get_doserrno_ptr_
Module: D:\WATCOM/lib386/nt\flib7.lib(sdfile.c)
004179cc*      _FFCtrlSeq
004179ce*      _SkipCtrlSeq
004179d0       _NormalCtrlSeq
004179d2       _SDTermIn
004179d6       _SDTermOut
004179da*      _SDPrtName
Module: D:\WATCOM/lib386/nt\flib7.lib(unfmtin.c)
00407060       UnFmtIn_
00407100+      NextUnFmtRec_
Module: D:\WATCOM/lib386/nt\flib7.lib(freein.c)
004074e0+      GetNum_
004076e0       FreeIn_
004076f0*      DoFreeIn_
00407720+      BumpComma_
00407750+      Blanks_
00407770+      CheckEor_
Module: D:\WATCOM/lib386/nt\flib7.lib(rttraps.c)
00407e70       __EnableF77RTExceptionHandling_
00407e80       R_TrapInit_
00407f10       R_TrapFini_
00407f20*      __InitExceptionVectors_
Module: D:\WATCOM/lib386/nt\flib7.lib(errrtns.c)
00419688       ___ErrorFini
0041968c       ___ErrorInit
00419690       ___BldErrMsg
Module: D:\WATCOM/lib386/nt\clib3r.lib(atexit.c)
00407f40       atexit_
Module: D:\WATCOM/lib386/nt\clib3r.lib(regdata.c)
00407fa0       __RegisterThreadDataSize_
Module: D:\WATCOM/lib386/nt\flib7.lib(errutil.c)
00407fd0       BldErrCode_
00408030*      MsgFormat_
00408060*      MsgBuffer_
004179e0+      _PGrpCodes
Module: D:\WATCOM/lib386/nt\clib3r.lib(enterdb.c)
00408090       __EnterWVIDEO_
004179e4       ___WD_Present
Module: D:\WATCOM/lib386/nt\clib3r.lib(iob.c)
004179e8       ___iob
00417bf0       __fmode
00419718       ___OpenStreams
0041971c       ___ClosedStreams
Module: D:\WATCOM/lib386/nt\clib3r.lib(setmd.c)
004080c0       setmode_
Module: D:\WATCOM/lib386/nt\clib3r.lib(write.c)
00408400       write_
Module: D:\WATCOM/lib386/nt\flib7.lib(wrutils.c)
00408660       F_SendData_
004086c0*      SendLine_
004086d0       SendEOR_
00408760*      SendInt_
00408790       SendStr_
004087b0+      SendWSLStr_
004087d0       SendChar_
004087f0       Drop_
004089b0       IOItemResult_
Module: D:\WATCOM/lib386/nt\flib7.lib(rfmtutil.c)
00408a60       R_ChkType_
00408a90       R_NewRec_
00408ad0       R_ChkIType_
00408b00       R_ChkFType_
00408b30       R_ChkRecLen_
00408b50+      GetLen_
00408b90       R_FOStr_
00408ba0*      FOString_
00408c10       R_FIStr_
00408cd0       R_FOLog_
00408d20       R_FILog_
00408e00       R_FIFloat_
00408ff0       GetReal_
00409100       R_FOF_
00409180       R_FOE_
004092c0+      FmtH2B_
004093b0       R_FIHex_
00409530       R_FOHex_
00409540*      FOHex_
00409640       R_FIInt_
00409750       R_FOInt_
004099b0       R_FOG_
00409c30+      ChkBuffLen_
Module: D:\WATCOM/lib386/nt\flib7.lib(arrayio.c)
00409cf0       ArrayIOType_
Module: D:\WATCOM/lib386/nt\flib7.lib(unfmtout.c)
00409e50       UnFmtOut_
Module: D:\WATCOM/lib386/nt\flib7.lib(freeout.c)
0040a2a0       FreeOut_
00417bf4+      _OutRtn
Module: D:\WATCOM/lib386/nt\clib3r.lib(initrtns.c)
0040a390       __InitRtns
0040a3e0       __FiniRtns
Module: D:\WATCOM/lib386/nt\clib3r.lib(mthrdini.c)
0040a440       __InitThreadData_
00417c28       ___ThreadDataSize
Module: D:\WATCOM/lib386/nt\clib3r.lib(cmain386.c)
0040a470       __CMain
Module: D:\WATCOM/lib386/nt\clib3r.lib(dosseg)
00001234       __DOSseg__
Module: D:\WATCOM/lib386/nt\clib3r.lib(8087cw.c)
00417c2c       __8087cw
Module: D:\WATCOM/lib386/nt\clib3r.lib(save8087.c)
00417c30       ___Save8087
00417c34       ___Rest8087
Module: D:\WATCOM/lib386/nt\clib3r.lib(init8087)
0040a4b4       __x87id
Module: D:\WATCOM/lib386/nt\flib7.lib(csetinfo.c)
00419720       _CharSetInfo
Module: D:\WATCOM/lib386/nt\flib7.lib(errmsg.c)
0040a820       _GroupTable
0040a8d0       _ErrWord
Module: D:\WATCOM/lib386/nt\clib3r.lib(hdlman.c)
00417c38+      ___NHandles
00417c3c+      ___OSHandles
00417c40+      ___FakeHandles
0040af00+      __growPOSIXHandles_
0040afa0       __allocPOSIXHandle_
0040b060       __freePOSIXHandle_
0040b080       __getOSHandle_
0040b090       __setOSHandle_
0040b0e0+      __NTGetFakeHandle_
0040b150       __initPOSIXHandles_
0040b230*      __set_handles_
0040b240*      _grow_handles_
Module: D:\WATCOM/lib386/nt\clib3r.lib(environ.c)
00419734       ___env_mask
00419738       _environ
0041973c       __wenviron
Module: D:\WATCOM/lib386/nt\clib3r.lib(getmodfn.c)
0040b280       __lib_GetModuleFileNameW_
Module: D:\WATCOM/lib386/nt\clib3r.lib(strdup.c)
0040b320       __clib_strdup_
Module: D:\WATCOM/lib386/nt\clib3r.lib(istable.c)
0040b360       __IsTable
Module: D:\WATCOM/lib386/nt\clib3r.lib(ustrdup.c)
0040b461       __clib_wcsdup_
Module: D:\WATCOM/lib386/nt\clib3r.lib(nfree.c)
0040b490       _nfree_
0040b490       free_
00419740       ___MiniHeapFreeRover
Module: D:\WATCOM/lib386/nt\clib3r.lib(excptwnt.c)
0040bc00+      ___ReportException@4
0040c050       __DefaultExceptionHandler_
0040c090+      ___ExceptionFilter
0040c2a0       __NewExceptionFilter_
0040c2d0       __DoneExceptionFilter_
00417c4c       ___oscode_check_func
00417c50       ___raise_func
00419744*      _sw
00419748       ___ExceptionHandled
00419749+      ___ReportInvoked
Module: D:\WATCOM/lib386/nt\clib3r.lib(stklmwnt.c)
0040c310       __init_stack_limits_
Module: D:\WATCOM/lib386/nt\clib3r.lib(getenv.c)
0040c380       getenv_
Module: D:\WATCOM/lib386/nt\clib3r.lib(ltoa.c)
0040c410       ultoa_
0040c460       ltoa_
Module: D:\WATCOM/lib386/nt\clib3r.lib(nmalloc.c)
0040c490       _nmalloc_
0040c490       malloc_
00417c68       ___nheapbeg
00417c6c       ___MiniHeapRover
00417c70       ___LargestSizeB4MiniHeapRover
Module: D:\WATCOM/lib386/nt\clib3r.lib(__stos)
0040c590       __STOSB
0040c5c7*      __STOSD
Module: D:\WATCOM/lib386/nt\clib3r.lib(setjmp)
0040c634       _setjmp_
0040c66d       longjmp_
Module: D:\WATCOM/lib386/nt\clib3r.lib(exit.c)
0040c6f5+      __null_int23_exit_
0040c6f6       exit_
0040c746*      _exit_
00417c74+      ___int23_exit
00417c78+      ___FPE_handler_exit
Module: D:\WATCOM/lib386/nt\clib3r.lib(memmove.c)
0040c760       memmove_
Module: D:\WATCOM/lib386/nt\clib3r.lib(itoa.c)
0040c7c0       utoa_
0040c810       itoa_
Module: D:\WATCOM/lib386/nt\clib3r.lib(fgtattr.c)
0040c840       __fixed_GetFileAttributesA_
Module: D:\WATCOM/lib386/nt\clib3r.lib(dosret.c)
0040c8e0*      _dosretax_
0040c8f0*      _dosret0_
0040c900       __set_errno_dos_
0040c930*      __set_errno_dos_reterr_
0040c940       __set_errno_nt_
0040c950*      __set_errno_nt_reterr_
Module: D:\WATCOM/lib386/nt\clib3r.lib(seterrno.c)
0040c964       __set_errno_
0040c972*      __set_EDOM_
0040c980       __set_ERANGE_
0040c98e*      __set_EINVAL_
0040c9a1       __set_doserrno_
Module: D:\WATCOM/lib386/nt\clib3r.lib(gtcwdwnt.c)
0040c9b0       getcwd_
Module: D:\WATCOM/lib386/nt\clib3r.lib(iomode.c)
0040ca40       __GetIOMode_
0040ca60       __SetIOMode_nogrow_
00417d80       ___NFiles
00417d84       ___init_mode
00417dd4       ___io_mode
Module: D:\WATCOM/lib386/nt\clib3r.lib(iomodtty.c)
0040ca80       __ChkTTYIOMode_
0040cac0       __IOMode_
Module: D:\WATCOM/lib386/nt\clib3r.lib(ntdirinf.c)
0040cae0       __MakeDOSDT_
0040cb10*      __FromDOSDT_
0040cb40*      __GetNTDirInfo_
0040cb80*      __NTFindNextFileWithAttr_
Module: D:\WATCOM/lib386/nt\clib3r.lib(d2ttime.c)
0040cbe0       _d2ttime_
Module: D:\WATCOM/lib386/nt\clib3r.lib(strerror.c)
0040cf80       strerror_
0040cfa0*      _strerror_
0040d070*      _doserror_
00417dd8+      __sys_errlist
00417e7c+      __sys_nerr
Module: D:\WATCOM/lib386/nt\clib3r.lib(_strcmp)
0040d0a0       strcmp_
Module: D:\WATCOM/lib386/nt\clib3r.lib(mbspbrk.c)
0040d1e0       _mbspbrk_
Module: D:\WATCOM/lib386/nt\clib3r.lib(mbsinc.c)
0040d230       _mbsinc_
Module: D:\WATCOM/lib386/nt\clib3r.lib(tolower.c)
0040d260       tolower_
Module: D:\WATCOM/lib386/nt\clib3r.lib(stiomode.c)
0040d270       __grow_iomode_
0040d340+      __shrink_iomode_
0040d380       __SetIOMode_
Module: D:\WATCOM/lib386/nt\clib3r.lib(close.c)
0040d3f0       close_
Module: D:\WATCOM/lib386/nt\clib3r.lib(openwnt.c)
0040d610*      open_
0040d630       sopen_
Module: D:\WATCOM/lib386/nt\clib3r.lib(lseek.c)
0040d660       lseek_
Module: D:\WATCOM/lib386/nt\flib7.lib(poscc.c)
0040d6b0*      __LineFeedWithFormFeed_
0040d6c0       FSetCC_
Module: D:\WATCOM/lib386/nt\clib3r.lib(unlnkwnt.c)
0040d720       unlink_
Module: D:\WATCOM/lib386/nt\clib3r.lib(chsizwnt.c)
0040d7a0       chsize_
Module: D:\WATCOM/lib386/nt\clib3r.lib(read.c)
0040d890       read_
Module: D:\WATCOM/lib386/nt\flib7.lib(rdutils.c)
0040da20       NextRec_
Module: D:\WATCOM/lib386/nt\flib7.lib(unfmtutl.c)
0040db30       _SizeVars
Module: D:\WATCOM/lib386/nt\clib3r.lib(toupper.c)
0040db40       toupper_
Module: D:\WATCOM/lib386/nt\flib7.lib(chrutils.c)
0040db50       JmpBlanks_
Module: D:\WATCOM/lib386/nt\flib7.lib(fmtcnvt.c)
0040db70       FmtS2I_
0040dca0       FmtS2F_
Module: D:\WATCOM/lib386/nt\clib3r.lib(signlwnt.c)
00417e88+      __SignalTable
0040e070+      __SetSignalFunc_
0040e0c0+      __GetSignalFunc_
0040e0f0+      __GetSignalOSCode_
0040e120+      __CheckSignalExCode_
0040e260+      __sigabort_
0040e270       __sigfpe_handler_
0040e2c0       signal_
0040e350+      raise_
0040e3c0+      __SigInit_
0040e410+      __SigFini_
0040e450+      __sig_init_
Module: D:\WATCOM/lib386/nt\flib7.lib(fptraps.c)
0040e530*      __MaskDefaultFPE_
0040e550       FPTrapInit_
0040e580       FPTrapFini_
Module: D:\WATCOM/lib386/nt\clib3r.lib(trdlist.c)
0040e5f0       __GetThreadData_
0040e640       __ReallocThreadData_
0040e730       __AddThreadData_
0040e7b0       __RemoveThreadData_
0040e810       __ResizeThreadDataList_
0040e840       __FreeThreadDataList_
0040e870*      __ActiveThreads_
Module: D:\WATCOM/lib386/nt\flib7.lib(errgrp.c)
0040e890       _GrpCodes
Module: D:\WATCOM/lib386/nt\clib3r.lib(initfile.c)
0040e950       __InitFiles_
Module: D:\WATCOM/lib386/nt\clib3r.lib(ioexit.c)
0040ea50*      fcloseall_
0040ea60       __full_io_exit_
Module: D:\WATCOM/lib386/nt\clib3r.lib(stackwnt.c)
0040ea70       stackavail_
Module: D:\WATCOM/lib386/nt\clib3r.lib(stk)
0040ea81*      __CHK
0040ea91*      __STK
0040eab0       __STKOVERFLOW_
0040eac0*      __GRO
0040eae0*      __alloca_probe
Module: D:\WATCOM/lib386/nt\flib7.lib(ifile.c)
0040eb00       SendIFBuff_
0040eb30       NextIFBuff_
Module: D:\WATCOM/lib386/nt\flib7.lib(cctrl.c)
0040eb60       CheckCCtrl_
Module: D:\WATCOM/lib386/nt\flib7.lib(undefcg.c)
0040ec60       OutLogCG_
0040ec70       OutIntCG_
0040ecb0+      FmtRealCG_
0040ece0+      FmtDoubleCG_
0040ed10+      FmtExtendedCG_
0040ed40+      UndefIntCG_
0040ed40+      UndefLogCG_
0040ed40+      UndefExtendedCG_
0040ed40+      UndefDoubleCG_
0040ed40+      UndefRealCG_
0040ed50+      GetRealCG_
00417f04       _FmtRealRtn
00417f08       _FmtDoubleRtn
00417f0c       _FmtExtendedRtn
00417f10       _SendStrRtn
00417f14       _UndefRealRtn
00417f18       _UndefDoubleRtn
00417f1c       _UndefExtendedRtn
00417f20       _UndefLogRtn
00417f24       _UndefIntRtn
00417f28       _GetRealRtn
Module: D:\WATCOM/lib386/nt\flib7.lib(rfmtlog.c)
0040ed70       R_FmtLog_
Module: D:\WATCOM/lib386/nt\flib7.lib(fmtrtns.c)
0040eda0       R_F2E_
0040ef10       R_F2F_
0040f0a0       SetMaxPrec_
Module: D:\WATCOM/lib386/nt\flib7.lib(flt86.c)
0040f0b0       _P1d100
0040f0b8       _P1d_99
Module: D:\WATCOM/lib386\math387r.lib(pow87)
0040f219*      pow_
0040f0c0       IF@DPOW
0040f0c0*      IF@POW
Module: D:\WATCOM/lib386/nt\flib7.lib(hexcnv.c)
0040f240       Hex_
0040f260*      HSToB_
0040f2d0       BToHS_
Module: D:\WATCOM/lib386/nt\clib3r.lib(strupr.c)
0040f320       strupr_
Module: D:\WATCOM/lib386/nt\clib3r.lib(cinit.c)
0040f340       __CommonInit_
Module: D:\WATCOM/lib386/nt\clib3r.lib(___argc.c)
00419854       ____Argc
00419858       ____Argv
Module: D:\WATCOM/lib386/nt\flib7.lib(rtmain.c)
0040f350       main_
Module: D:\WATCOM/lib386/nt\clib3r.lib(nrealloc.c)
0040f370*      _nrealloc_
0040f370       realloc_
Module: D:\WATCOM/lib386/nt\clib3r.lib(setenvp.c)
0040f3f0       __setenvp_
0040f4b0       __freeenvp_
Module: D:\WATCOM/lib386/nt\clib3r.lib(ustrlen.c)
0040f4fd       wcslen_
Module: D:\WATCOM/lib386/nt\clib3r.lib(memcpy.c)
0040f510       memcpy_
Module: D:\WATCOM/lib386/nt\clib3r.lib(mem.c)
0040f530       __MemAllocator
0040f5e0       __MemFree
Module: D:\WATCOM/lib386/nt\clib3r.lib(conutwnt.c)
0040f730*      __NTRealKey_
0040f7e0*      __NTConsoleInput_
0040f7f0       __NTConsoleOutput_
Module: D:\WATCOM/lib386/nt\clib3r.lib(fclex387.c)
0040f800       _ClearFPE_
Module: D:\WATCOM/lib386/nt\clib3r.lib(mbterm.c)
0040f810       _mbterm_
Module: D:\WATCOM/lib386/nt\clib3r.lib(mbsnextc.c)
0040f850       _mbsnextc_
Module: D:\WATCOM/lib386/nt\clib3r.lib(mbcupper.c)
0040f890       _mbctoupper_
Module: D:\WATCOM/lib386/nt\clib3r.lib(alphabet.c)
004170cc       ___Alphabet
Module: D:\WATCOM/lib386/nt\clib3r.lib(nmemneed.c)
0040f8c0       __nmemneed_
Module: D:\WATCOM/lib386/nt\clib3r.lib(grownear.c)
0040fa30       __ExpandDGROUP_
Module: D:\WATCOM/lib386/nt\clib3r.lib(ljmphdl.c)
00417f34       ___longjmp_handler
Module: D:\WATCOM/lib386/nt\clib3r.lib(isattwnt.c)
0040fa60       isatty_
Module: D:\WATCOM/lib386/nt\clib3r.lib(strncpy.c)
0040fa80       strncpy_
Module: D:\WATCOM/lib386/nt\clib3r.lib(mktime.c)
0040fac0       mktime_
Module: D:\WATCOM/lib386/nt\clib3r.lib(mbschr.c)
0040fb50       _mbschr_
Module: D:\WATCOM/lib386/nt\clib3r.lib(mbisdbcs.c)
00419860       ___IsDBCS
Module: D:\WATCOM/lib386/nt\clib3r.lib(mbislead.c)
0040fbb0*      _ismbblead_
00419864       ___MBCSIsTable
Module: D:\WATCOM/lib386/nt\clib3r.lib(_clsewnt.c)
0040fbd0       __close_
Module: D:\WATCOM/lib386/nt\clib3r.lib(ntfio.c)
0040fc30*      __GetNTCreateAttr_
0040fc70       __GetNTAccessAttr_
0040fca0       __GetNTShareAttr_
Module: D:\WATCOM/lib386/nt\clib3r.lib(umaskval.c)
00417f38       ___umaskval
Module: D:\WATCOM/lib386/nt\clib3r.lib(__lseek.c)
0040fd00       __lseek_
Module: D:\WATCOM/lib386/nt\flib7.lib(intarith.c)
0040fd40       AddIOFlo_
0040fd50*      SubIOFlo_
0040fd60       MulIOFlo_
Module: D:\WATCOM/lib386\math387r.lib(strtod.c)
00410283+      __Strtold_
004103ea       strtod_
Module: D:\WATCOM/lib386/nt\clib3r.lib(abort.c)
00410543*      abort_
00410555       __terminate_
00417f3c       ___abort
Module: D:\WATCOM/lib386/nt\clib3r.lib(cntrl87.c)
00410570       _control87_
Module: D:\WATCOM/lib386/nt\clib3r.lib(mthread.c)
00410750+      __CloseSemaphore_
00410790+      __AccessIOB_
004107a0+      __ReleaseIOB_
004107b0+      __AccessFileH_
004107c0+      __ReleaseFileH_
004107d0+      __AccessNHeap_
004107e0+      __ReleaseNHeap_
004107f0+      __AccessFHeap_
00410800+      __ReleaseFHeap_
00410810+      __AccessTDList_
00410820+      __ReleaseTDList_
00410830+      __AccessFList_
00410840+      __AccessSemaphore_
004108a0+      __ReleaseFList_
004108b0+      __ReleaseSemaphore_
004108e0+      __MultipleThread_
00410930+      __AllocInitThreadData_
00410980*      __FreeInitThreadData_
00410990       __NTThreadInit_
00410a00       __NTAddThread_
00410a50       __NTRemoveThread_
00410ae0       __InitMultipleThread_
00417f40+      ___AccessSema4
00417f44+      ___ReleaseSema4
00417f48+      ___CloseSema4
Module: D:\WATCOM/lib386/nt\clib3r.lib(xmsgwnt.c)
00410ca0+      __exit_with_msg_
00410d00       __fatal_runtime_error_
Module: D:\WATCOM/lib386/nt\clib3r.lib(calloc.c)
00410d20       calloc_
Module: D:\WATCOM/lib386/nt\clib3r.lib(register.c)
00410d50       __initthread_
00410d60*      _beginthread_
00410d70       _endthread_
00410d80*      __RegisterThreadData_
Module: D:\WATCOM/lib386/nt\clib3r.lib(fclose.c)
00410dd0+      __doclose_
00410e70       __shutdown_stream_
00410e90*      fclose_
0041a0d4+      ___RmTmpFileFn
Module: D:\WATCOM/lib386/nt\clib3r.lib(freefp.c)
00410ee0       __freefp_
00410f30       __purgefp_
Module: D:\WATCOM/lib386/nt\flib7.lib(expchk.c)
00410f60       ToFFormat_
Module: D:\WATCOM/lib386\math387r.lib(ldcvt.c)
00411087       _LDScale10x_
0041162e       __LDcvt_
Module: D:\WATCOM/lib386/nt\clib3r.lib(chipvar)
00418000       ___chipbug
00418000       __chipbug
Module: D:\WATCOM/lib386\math387r.lib(pow87e.c)
00411a7c       __pow87_err_
Module: D:\WATCOM/lib386\math387r.lib(exp87)
00411b6b*      exp_
00411b04*      __@DEXP1
00411b0c*      IF@EXP
00411b0c*      IF@DEXP
00411b0e       __@DEXP
Module: D:\WATCOM/lib386/nt\clib3r.lib(chipd32.asm)
00411c8f       __fdiv_fpr
00412151*      __fdiv_chk
00412164*      __fdiv_m32
004121b1*      __fdiv_m64
004121fe*      __fdiv_m32r
0041224b*      __fdiv_m64r
Module: D:\WATCOM/lib386/nt\clib3r.lib(argcv.c)
0041a0d8       __argc
0041a0dc       __argv
0041a0e0       ___argv
0041a0e4       ___argc
Module: D:\WATCOM/lib386/nt\clib3r.lib(nmsize.c)
004122a0       _nmsize_
004122a0*      _msize_
Module: D:\WATCOM/lib386/nt\clib3r.lib(nexpand.c)
004122b0       _nexpand_
004122b0*      _expand_
004122f0+      __HeapManager_expand_
Module: D:\WATCOM/lib386/nt\clib3r.lib(dofilstr.c)
004124d0       __ParsePosixHandleStr_
Module: D:\WATCOM/lib386/nt\clib3r.lib(clearenv.c)
004125f0       clearenv_
Module: D:\WATCOM/lib386/nt\clib3r.lib(mbconv.c)
00412680       _mbvtop_
Module: D:\WATCOM/lib386/nt\clib3r.lib(amblksiz.c)
00418014       __amblksiz
Module: D:\WATCOM/lib386/nt\clib3r.lib(heapen.c)
004126a0*      _heapenable_
00418018       ___heap_enabled
Module: D:\WATCOM/lib386/nt\clib3r.lib(nheapmin.c)
004126d0       _nheapshrink_
004126d0*      _nheapmin_
004126d0*      _heapmin_
004126d0       _heapshrink_
Module: D:\WATCOM/lib386/nt\clib3r.lib(locmktim.c)
004127c0       __local_mktime_
Module: D:\WATCOM/lib386/nt\clib3r.lib(gmtime.c)
00412940       __brktime_
00412a40+      _gmtime_
00412a60*      gmtime_
Module: D:\WATCOM/lib386/nt\clib3r.lib(tzset.c)
0041801c       ___start_dst
00418040       ___end_dst
00418168*      _tzname
00418170       _timezone
00418174       _daylight
00418178       ___dst_adjust
00412ad0*      __DontCacheOSTZ_
00412ae0*      __CacheOSTZ_
00412fc0+      __parse_tz_
004133b0       tzset_
Module: D:\WATCOM/lib386/nt\clib3r.lib(timeutil.c)
00413520       __isindst_
Module: D:\WATCOM/lib386/nt\clib3r.lib(mbclen.c)
00413850       _mbclen_
Module: D:\WATCOM/lib386/nt\clib3r.lib(mbccmp.c)
00413880       _mbccmp_
Module: D:\WATCOM/lib386/nt\clib3r.lib(mbinit.c)
004138f5       __mbinit_
00418180       ___MBCodePage
Module: D:\WATCOM/lib386\math387r.lib(bufld386)
004139e4       __ZBuf2LD
Module: D:\WATCOM/lib386\math387r.lib(inf_nan.c)
00413a87*      ___f_infinity
00413a8b*      ___f_posqnan
00413a8f       ___d_infinity
00413a97       ___d_posqnan
00413a9f*      ___ld_infinity
00413aa7*      ___ld_posqnan
Module: D:\WATCOM/lib386/nt\clib3r.lib(hugeval.c)
00413ab0       __HugeValue
Module: D:\WATCOM/lib386/nt\clib3r.lib(trdalloc.c)
00413ac0       __FiniThreadProcessing_
Module: D:\WATCOM/lib386/nt\clib3r.lib(thredwnt.c)
00413b80       __CBeginThread_
00413c20       __CEndThread_
Module: D:\WATCOM/lib386/nt\clib3r.lib(flush.c)
00413c60       __flush_
Module: D:\WATCOM/lib386\math387r.lib(ldclass.c)
00413d5c       __LDClass_
00413dac*      _FLClass_
Module: D:\WATCOM/lib386/nt\clib3r.lib(chipbug.c)
00413dc0       __verify_pentium_fdiv_bug_
Module: D:\WATCOM/lib386/nt\flib7.lib(_matherr.c)
00413e20*      __imath2err_
00413e60*      __amath1err_
00413e90*      __amath2err_
00413ec0       __math2err_
00413fd0       __math1err_
00413fe0*      __zmath2err_
00414040*      __qmath2err_
Module: D:\WATCOM/lib386\math387r.lib(math87e.c)
004140a6       __math87_err_
Module: D:\WATCOM/lib386/nt\clib3r.lib(initargv.c)
00414120       __Init_Argv_
00414170+      _getargv_
00414310       __Fini_Argv_
Module: D:\WATCOM/lib386/nt\clib3r.lib(strtol.c)
00414540*      strtoul_
00414550       strtol_
Module: D:\WATCOM/lib386/nt\clib3r.lib(putenv.c)
00414560       putenv_
004147f0       __putenv_
Module: D:\WATCOM/lib386/nt\clib3r.lib(leapyear.c)
00414960       __leapyear_
004170fc       ___diyr
00417116       ___dilyr
Module: D:\WATCOM/lib386/nt\clib3r.lib(wcstombs.c)
004149a0       wcstombs_
Module: D:\WATCOM/lib386/nt\clib3r.lib(fsync.c)
00414a40       fsync_
Module: D:\WATCOM/lib386/nt\clib3r.lib(qwrit.c)
00414a90       __qwrite_
Module: D:\WATCOM/lib386/nt\clib3r.lib(histsplt.c)
0041a0ec       ___historical_splitparms
Module: D:\WATCOM/lib386/nt\clib3r.lib(mbslen.c)
00414b70       _mbslen_
Module: D:\WATCOM/lib386/nt\clib3r.lib(mbstowcs.c)
00414ba0       mbstowcs_
Module: D:\WATCOM/lib386/nt\clib3r.lib(uputenv.c)
00414c20*      _wputenv_
00414e40       __wputenv_
Module: D:\WATCOM/lib386/nt\clib3r.lib(wctomb.c)
00414f40       wctomb_
Module: D:\WATCOM/lib386/nt\clib3r.lib(mbtowc.c)
00414f80       mbtowc_
Module: D:\WATCOM/lib386/nt\clib3r.lib(ustrchr.c)
00415010       wcschr_
Module: D:\WATCOM/lib386/nt\clib3r.lib(setenvar.c)
00415030       __lib_SetEnvironmentVariableW_
Module: D:\WATCOM/lib386/nt\clib3r.lib(crtwenv.c)
00415120       __create_wide_environment_
Module: D:\WATCOM/lib386/nt\clib3r.lib(utoupper.c)
00415188       towupper_


                        +----------------------+
                        |   Imported Symbols   |
                        +----------------------+

Symbol                              Module
======                              ======

_MessageBoxA@16                     USER32.DLL
_GetEnvironmentStringsA@0           KERNEL32.DLL
_GetVersion@0                       KERNEL32.DLL
_GetModuleFileNameA@12              KERNEL32.DLL
_GetCommandLineA@0                  KERNEL32.DLL
_GetCommandLineW@0                  KERNEL32.DLL
_FreeEnvironmentStringsA@4          KERNEL32.DLL
_GetModuleHandleA@4                 KERNEL32.DLL
_ExitProcess@4                      KERNEL32.DLL
_RtlUnwind@16                       KERNEL32.DLL
_GetFullPathNameA@16                KERNEL32.DLL
_GetFileType@4                      KERNEL32.DLL
_GetFileInformationByHandle@8       KERNEL32.DLL
_GetFileTime@16                     KERNEL32.DLL
_GetFileSize@8                      KERNEL32.DLL
_CreateFileA@28                     KERNEL32.DLL
_CloseHandle@4                      KERNEL32.DLL
_GetLastError@0                     KERNEL32.DLL
_GetDriveTypeA@4                    KERNEL32.DLL
_FindFirstFileA@8                   KERNEL32.DLL
_FindClose@4                        KERNEL32.DLL
_SetFilePointer@16                  KERNEL32.DLL
_WriteFile@20                       KERNEL32.DLL
_GetCurrentThreadId@0               KERNEL32.DLL
_SetStdHandle@8                     KERNEL32.DLL
_CreateEventA@16                    KERNEL32.DLL
_GetStdHandle@4                     KERNEL32.DLL
_GetModuleFileNameW@12              KERNEL32.DLL
_MultiByteToWideChar@24             KERNEL32.DLL
_LoadLibraryA@4                     KERNEL32.DLL
_GetProcAddress@8                   KERNEL32.DLL
_SetUnhandledExceptionFilter@4      KERNEL32.DLL
_UnhandledExceptionFilter@4         KERNEL32.DLL
_VirtualQuery@12                    KERNEL32.DLL
_GetFileAttributesA@4               KERNEL32.DLL
_GetCurrentDirectoryA@8             KERNEL32.DLL
_FileTimeToLocalFileTime@8          KERNEL32.DLL
_FileTimeToDosDateTime@12           KERNEL32.DLL
_DosDateTimeToFileTime@12           KERNEL32.DLL
_LocalFileTimeToFileTime@8          KERNEL32.DLL
_FindNextFileA@8                    KERNEL32.DLL
_FormatMessageA@28                  KERNEL32.DLL
_DeleteFileA@4                      KERNEL32.DLL
_SetEndOfFile@4                     KERNEL32.DLL
_ReadFile@20                        KERNEL32.DLL
_SetConsoleCtrlHandler@8            KERNEL32.DLL
_TlsGetValue@4                      KERNEL32.DLL
_TlsSetValue@8                      KERNEL32.DLL
_CharUpperA@4                       USER32.DLL
_VirtualAlloc@16                    KERNEL32.DLL
_InitializeCriticalSection@4        KERNEL32.DLL
_DeleteCriticalSection@4            KERNEL32.DLL
_LeaveCriticalSection@4             KERNEL32.DLL
_EnterCriticalSection@4             KERNEL32.DLL
_SetLastError@4                     KERNEL32.DLL
_TlsAlloc@0                         KERNEL32.DLL
_TlsFree@4                          KERNEL32.DLL
_VirtualFree@12                     KERNEL32.DLL
_GetTimeZoneInformation@4           KERNEL32.DLL
_GetACP@0                           KERNEL32.DLL
_GetOEMCP@0                         KERNEL32.DLL
_GetCPInfo@8                        KERNEL32.DLL
_CreateThread@24                    KERNEL32.DLL
_ResumeThread@4                     KERNEL32.DLL
_ExitThread@4                       KERNEL32.DLL
_SetEnvironmentVariableA@8          KERNEL32.DLL
_FlushFileBuffers@4                 KERNEL32.DLL
_WideCharToMultiByte@32             KERNEL32.DLL
_SetEnvironmentVariableW@8          KERNEL32.DLL


                        +--------------------+
                        |   Libraries Used   |
                        +--------------------+

D:\WATCOM/lib386/nt\kernel32.lib
D:\WATCOM/lib386/nt\user32.lib
D:\WATCOM/lib386/nt\flib7.lib
D:\WATCOM/lib386\math387r.lib
D:\WATCOM/lib386/nt\clib3r.lib
D:\WATCOM/lib386/nt\emu387.lib


                        +-----------------------+
                        |   Linker Statistics   |
                        +-----------------------+

Stack size:  00010000 (65536.)
Memory size:  001ae5ac (1762732.)
Entry point address: 00402396
Link time: 00:00.56
