Open Watcom Linker Version 1.9
Portions Copyright (c) 1985-2002 Sybase, Inc. All Rights Reserved.
Created on:       20/03/25 13:27:38
Executable Image: test.exe
creating a Windows NT character-mode executable


                        +------------+
                        |   Groups   |
                        +------------+

Group                           Address              Size
=====                           =======              ====

.idata                          00416000             00000786
DGROUP                          00417000             00013180



                        +--------------+
                        |   Segments   |
                        +--------------+

Segment                Class          Group          Address         Size
=======                =====          =====          =======         ====

BEGTEXT                CODE           AUTO           00401000        00000007
_TEXT                  CODE           AUTO           00401010        00014908
TRANSFER CODE          CODE           AUTO           00415918        0000019e
.idata                 .idata         .idata         00416000        00000786
_NULL                  BEGDATA        DGROUP         00417000        00000004
_AFTERNULL             BEGDATA        DGROUP         00417004        00000000
CONST                  DATA           DGROUP         00417010        00000278
_DATA                  DATA           DGROUP         00417290        000010e8
CONST2                 DATA           DGROUP         00418378        00000000
XIB                    DATA           DGROUP         00418378        00000000
XI                     DATA           DGROUP         00418378        0000004e
XIE                    DATA           DGROUP         004183c6        00000000
YIB                    DATA           DGROUP         004183c6        00000000
YI                     DATA           DGROUP         004183c6        00000030
YIE                    DATA           DGROUP         004183f6        00000000
DATA32                 DATA           DGROUP         004183f8        00000134
TIB                    DATA           DGROUP         0041852c        00000000
TI                     DATA           DGROUP         0041852c        00000000
TIE                    DATA           DGROUP         0041852c        00000000
DATA                   DATA           DGROUP         0041852c        00000000
STR                    STR            DGROUP         00419000        00000008
PAR                    PAR            DGROUP         00419010        00000018
VAR                    VAR            DGROUP         00419030        00000014
CONST32                CONST          DGROUP         00419044        00000000
_BSS                   BSS            DGROUP         00419050        000010f0
GDATA@0                BSS            DGROUP         0041a140        00000034
BSS32                  BSS            DGROUP         0041a174        00000000
STACK                  STACK          DGROUP         0041a180        00010000


                        +----------------+
                        |   Memory Map   |
                        +----------------+

* = unreferenced symbol
+ = symbol only referenced locally

Address        Symbol
=======        ======

Module: test.obj(C:\Users\angry\OneDrive\Desktop\ят2\test2\test.for)
00401010+      INPUT
004011b1+      FUNC
00401219+      INVSTEP
004012dc+      PROVERKA
0040141a+      STROKA
00401733       FMAIN
00419000+      STR
00419010+      PAR
00419030+      VAR
Module: D:\WATCOM/lib386/nt\flib7.lib(setunit.c)
00401c10       RT@SetUnit
Module: D:\WATCOM/lib386/nt\flib7.lib(setfile.c)
00401c50       RT@SetFile
Module: D:\WATCOM/lib386/nt\flib7.lib(exopen.c)
004023a0       RT@IOOpen
00417310+      _AccModTab
00417320+      _FormTab
0041732c+      _OpStatTab
00417340+      _BlnkTab
0041734c+      _RecFmTab
0041735c+      _CCtrlTab
00417368+      _ActionTab
00417378+      _ShareTab
Module: D:\WATCOM/lib386/nt\flib7.lib(seterr.c)
004023c0       RT@SetErr
Module: D:\WATCOM/lib386/nt\flib7.lib(setend.c)
004023d0       RT@SetEnd
Module: D:\WATCOM/lib386/nt\flib7.lib(coread)
004023df       RT@IORead
004023ee*      RT@InpLOG1
004023fd*      RT@InpLOG4
0040240c*      RT@InpINT1
0040241b*      RT@InpINT2
0040242a*      RT@InpINT4
00402439       RT@InpREAL
00402448*      RT@InpDBLE
00402457*      RT@InpXTND
00402466*      RT@InpCPLX
00402475*      RT@InpDBCX
00402484*      RT@InpXTCX
00402493*      RT@InpCHAR
00402498*      RT@InpSTR
0040249d*      RT@InpArr
004024a2*      RT@InpChArr
Module: D:\WATCOM/lib386/nt\flib7.lib(cortns)
00417390*      _FRT_SaveESP
004024b2*      SwitchToGen
004024d0       SwitchToRT
004024ee       RdWrCommon
00402592       IOType_
004025b0       IOChar
004025cb       IOStr
004025e0       IOArr
004025fb       IOChArr
0040261d       RT@EndIO
Module: D:\WATCOM/lib386/nt\flib7.lib(cowrite)
00402627       RT@IOWrite
00402636*      RT@OutLOG1
00402648*      RT@OutLOG4
00402656*      RT@OutINT1
00402668*      RT@OutINT2
00402678*      RT@OutINT4
00402687       RT@OutREAL
00402697*      RT@OutDBLE
004026a7*      RT@OutXTND
004026b7*      RT@OutCPLX
004026cd*      RT@OutDBCX
004026e3*      RT@OutXTCX
004026f9       RT@OutCHAR
004026fe*      RT@OutSTR
00402703*      RT@PrtArr
00402708*      RT@PrtChArr
Module: D:\WATCOM/lib386/nt\flib7.lib(pause.c)
00402720       RT@Pause
004173b0*      LG@PAUSE_HOOK
Module: D:\WATCOM/lib386/nt\flib7.lib(stop.c)
00402790       RT@Stop
004173b4+      LG@STOP_HOOK
Module: D:\WATCOM/lib386/nt\flib7.lib(exclose.c)
004028f0       RT@IOClose
Module: D:\WATCOM/lib386\math387r.lib(trig87)
00402955*      sin_
00402949*      cos_
00402976*      tan_
00402908       IF@COS
00402908*      IF@DCOS
00402912*      IF@SIN
00402912*      IF@DSIN
00402961       IF@TAN
00402961*      IF@DTAN
Module: D:\WATCOM/lib386/nt\flib7.lib(setintl.c)
00402990       RT@SetIntl
Module: D:\WATCOM/lib386/nt\flib7.lib(setfmt.c)
004029b0       RT@SetFmt
Module: D:\WATCOM/lib386/nt\flib7.lib(lexcmp.c)
004029f0+      LexStrCmp_
00402a50       RT@LexCmp
Module: D:\WATCOM/lib386/nt\clib3r.lib(cstrtwnt)
00402a64       _cstart_
00402a64*      mainCRTStartup
Module: D:\WATCOM/lib386/nt\clib3r.lib(_8087)
004173d4       __8087
004173d5       __real87
Module: D:\WATCOM/lib386/nt\emu387.lib(386)
00402ac0       __init_387_emulator
00402ac1*      __fini_387_emulator
Module: D:\WATCOM/lib386/nt\flib7.lib(initeng.c)
00419050       __init_english
Module: D:\WATCOM/lib386/nt\flib7.lib(initerr.c)
00419054       __init_error
Module: D:\WATCOM/lib386/nt\flib7.lib(setiocb.c)
00402ad0       RT@SetIOCB
Module: D:\WATCOM/lib386/nt\flib7.lib(rdata.c)
00419060       _IORslt
00419070       _FmtBuff
00419074*      _Fmt_revert
00419078*      _Fmt_start
0041907c*      _Fmt_paren_level
00419080*      _Fmt_charptr
00419084*      _FmtEmStruct
00419088       _IOTypeRtn
0041908c*      _Fmt_end
00419090*      _Fmt_rep_spec
00419094       _FmtRoutine
00419098       _IOCB
0041909c       _Files
004190a0*      _Fmt_delimited
Module: D:\WATCOM/lib386/nt\flib7.lib(rtutls.c)
00402b80       FindFtnFile_
00402c70       RChkAlloc_
00402ca0       F_Connect_
00402d20       ConnectFile_
00402d30       GetFileInfo_
00402e20       DiscoFile_
00402e90*      ChkFileName_
00402ec0+      ChkLogFile_
00402f00       ChkIOOperation_
00402f40       GetIOErr_
00402f50       ChkIOErr_
00402f70       ChkUnitId_
00402fb0*      ChkConnected_
00402fd0       SetEOF_
00403000       ClearEOF_
00403040       SysEOF_
00403070       IsFixed_
00403080       IsCarriage_
00403090*      ChkRecordStructure_
004030c0*      ChkSequential_
004030e0*      ChkExist_
00403110       StrItem_
Module: D:\WATCOM/lib386/nt\flib7.lib(exutil.c)
00403190       FindKWord_
00403220*      ClrBuff_
004173d8       _SpecId
Module: D:\WATCOM/lib386/nt\flib7.lib(ioerr.c)
00403270       IOErr_
Module: D:\WATCOM/lib386/nt\flib7.lib(rtsysutl.c)
00403300       GetSysIOInfo_
00403320       GetSysFileInfo_
00403350       IsDevice_
00403520       OpenAction_
00403560*      DfltRecType_
00403580+      _FileAttrs_
00403640       CloseFile_
004036b0       Scrtched_
004036d0       CloseDeleteFile_
00403720       Errf_
00403740       FPutBuff_
004037b0       FGetBuff_
00403800       SeekFile_
00403820       NoEOF_
00403830       SysClearEOF_
00403840       SameFile_
00403850*      Rewindf_
00403870       SysCreateFile_
004038b0       CheckLogicalRecord_
004038d0       SkipLogicalRecord_
004038f0*      BackSpacef_
00403920*      EndFilef_
00403960       GetIOErrMsg_
004039a0       ReportNExist_
004039c0       ReportEOF_
004039d0       WaitForEnter_
Module: D:\WATCOM/lib386/nt\flib7.lib(runmain.c)
004039e0*      __InitUnit6CC_
004039f0       __DevicesCC_
00403a00*      __InitAllowCommaSeparator_
00403a10       __AllowCommaSep_
00403a20+      _InitIO_
00403a90+      CloseAllFiles_
00403ad0*      _FiniEx_
00403ad0       RunExit_
00403b10       RunEntry_
Module: D:\WATCOM/lib386/nt\flib7.lib(rdwr.c)
00403b40       DoOpen_
00403b70+      _AllocBuffer_
00403bb0       IOPrologue_
00403df0       UpdateRecNum_
Module: D:\WATCOM/lib386/nt\flib7.lib(iomain.c)
00403e30       __ReleaseIOSys_
00403e50       IOMain_
Module: D:\WATCOM/lib386/nt\flib7.lib(exread.c)
00404080       DoRead_
Module: D:\WATCOM/lib386/nt\clib3r.lib(crwdata)
00417448       __osmajor
00417449       __osminor
0041744a       __osbuild
0041744c       __osver
00417450       __winmajor
00417454       __winminor
00417458       __winver
00417414       __LpDllName
00417418       __LpwCmdLine
0041741c       __LpwPgmName
00417420       __LpwDllName
0041740c       __LpCmdLine
00417410       __LpPgmName
00417404*      __dynend
00417408       __curbrk
00417424*      __STACKLOW
00417428       __STACKTOP
0041742c       __ASTACKSIZ
00417430       __ASTACKPTR
00417434*      __cbyte
00417438*      __cbyte2
0041743c*      __child
00417442       __Envptr
00417446*      __Envseg
00417440       __no87
0041745c       ___FPE_handler
Module: D:\WATCOM/lib386/nt\flib7.lib(thrdutil.c)
00404110*      __InitMultiThreadIO_
00417464       ___SwitchStkLow
Module: D:\WATCOM/lib386/nt\flib7.lib(exwrite.c)
00404190       DoWrite_
Module: D:\WATCOM/lib386/nt\flib7.lib(rtinit.c)
00417468       ___FAppType
0041746c       __ExceptionInit
00417470       __ExceptionFini
004041d0*      __InitFThreadData_
00404210+      RTSysFini_
00404220       RTSysInit_
00417478       __AccessFIO
0041747c       __ReleaseFIO
00417480       __PartialReleaseFIO
004190a8       ___FThreadDataOffset
00418396*      ___fthread_data_size
Module: D:\WATCOM/lib386/nt\flib7.lib(rterr.c)
00417484+      _TraceRoutine
004042a0       FlushStdUnit_
004042f0+      WriteErr_
004043c0       ErrHandler_
00404400       RTErr_
00417490+      LG@ERR_HOOK
Module: D:\WATCOM/lib386/nt\flib7.lib(stdio.c)
00404440       StdBuffer_
00404460       StdWrite_
00404540       StdFlush_
00404570       StdWriteNL_
Module: D:\WATCOM/lib386/nt\clib3r.lib(mainwnt.c)
0041789c       ___TlsIndex
004178a0       ___FirstThreadData
004178a4       ___GetThreadPtr
004178a8       __AccessFileH
004178ac       __ReleaseFileH
004178b0       __AccessIOB
004178b4       __ReleaseIOB
004178b8       __AccessNHeap
004178bc       __AccessFHeap
004178c0       __ReleaseNHeap
004045b0*      __threadid_
004045d0+      __sig_null_rtn_
004045e0+      __NTInit_
004047c0+      __NTFini_
00404820       __NTMainInit_
00404880       __exit_
004178c4       __ReleaseFHeap
004178c8       __AccessTDList
004178cc       __ReleaseTDList
004178d0       __AccessFList
004178d4       __ReleaseFList
004178d8       __ThreadExitRtn
004178dc       ___sig_init_rtn
004178e0       ___sig_fini_rtn
004178e4       ___process_fini
004190b8       ___Is_DLL
Module: D:\WATCOM/lib386/nt\flib7.lib(spawn.c)
004048d0       Spawn_
00404930       Suicide_
Module: D:\WATCOM/lib386/nt\clib3r.lib(chipvar)
004178e8       ___chipbug
004178e8       __chipbug
Module: D:\WATCOM/lib386/nt\clib3r.lib(chipt32.asm)
00404968       __fptan_chk
Module: D:\WATCOM/lib386/nt\flib7.lib(rfmtexec.c)
00405350       R_FExec_
Module: D:\WATCOM/lib386/nt\clib3r.lib(main2wnt.c)
00405380       __NTMain
Module: D:\WATCOM/lib386/nt\clib3r.lib(segdefns)
00401003       ___begtext
00417000*      __nullarea
00418378       __Start_XI
004183c6       __End_XI
004183c6       __Start_YI
004183f6       __End_YI
Module: D:\WATCOM/lib386/nt\clib3r.lib(chk8087.c)
00405400*      _fpreset_
00405440       __chk8087_
00405450*      __init_8087_
Module: D:\WATCOM/lib386/nt\flib7.lib(english.c)
004054a0       __UseEnglishCharSet_
Module: D:\WATCOM/lib386/nt\flib7.lib(errincl.c)
004055b0       __InitError_
004178ec+      _PGroupTable
004178f0+      _PErrWord
Module: D:\WATCOM/lib386/nt\flib7.lib(ioinit.c)
004055e0       IOSysInit_
Module: D:\WATCOM/lib386/nt\flib7.lib(fdutil.c)
00405610       LocFile_
00405620       LocUnit_
00405650       ExtractInfo_
Module: D:\WATCOM/lib386/nt\flib7.lib(rstdio.c)
00405780       _InitStandardInput_
004057b0       _InitStandardOutput_
Module: D:\WATCOM/lib386/nt\flib7.lib(rmemmgr.c)
004057e0       RMemAlloc_
004057f0       RMemFree_
Module: D:\WATCOM/lib386/nt\clib3r.lib(memset.c)
00405800       memset_
Module: D:\WATCOM/lib386/nt\flib7.lib(deffname.c)
004178f8       _DefFName
Module: D:\WATCOM/lib386/nt\flib7.lib(stracc.c)
00405820       TrimStr_
00405860       GetStr_
Module: D:\WATCOM/lib386/nt\clib3r.lib(memicmp.c)
00405890       memicmp_
Module: D:\WATCOM/lib386/nt\flib7.lib(blderr.c)
00405950       Substitute_
00405b10       ErrCodOrg_
Module: D:\WATCOM/lib386/nt\clib3r.lib(accsswnt.c)
00405b20       access_
Module: D:\WATCOM/lib386/nt\clib3r.lib(fullpath.c)
00405b60+      _sys_fullpath_
00405be0       _fullpath_
Module: D:\WATCOM/lib386/nt\clib3r.lib(fstatwnt.c)
00405c50       fstat_
Module: D:\WATCOM/lib386/nt\flib7.lib(poserr.c)
00405fb0       Errorf_
00405fd0*      EOFile_
00405ff0       ErrorMsg_
00406030       FSetTrunc_
00406040       FSetSysErr_
00406060       FSetErr_
00406080       FSetEof_
004060a0       IOOk_
Module: D:\WATCOM/lib386/nt\clib3r.lib(statwnt.c)
004061c5       stat_
Module: D:\WATCOM/lib386/nt\flib7.lib(posopen.c)
00406400       InitStd_
004064c0       SetIOBufferSize_
004064e0+      _AllocFile_
004065d0       Openf_
004066c0       Closef_
Module: D:\WATCOM/lib386/nt\flib7.lib(posdat.c)
00417ae8       _FStdIn
00417aec       _FStdOut
00417af0       _FStdErr
Module: D:\WATCOM/lib386/nt\flib7.lib(posflush.c)
00406740       FlushBuffer_
Module: D:\WATCOM/lib386/nt\flib7.lib(posdel.c)
004067f0       Scratchf_
Module: D:\WATCOM/lib386/nt\clib3r.lib(nodefwin.c)
00417af4*      __WindowsIsWindowedHandle
00417af8*      __WindowsRemoveWindowedHandle
00417afc*      __WindowsNewWindow
00417b00*      __WindowsCloseWindow
00417b04*      __WindowsSetAbout
00417b08*      __WindowsSetAppTitle
00417b0c*      __WindowsSetConTitle
00417b10*      __WindowsDestroyOnClose
00417b14*      __WindowsYieldControl
00417b18*      __WindowsShutDown
00417b1c*      __WindowsStdin
00417b20       __WindowsStdout
00417b24*      __WindowsKbhit
00417b28*      __WindowsGetch
00417b2c*      __WindowsGetche
00417b30*      __WindowsPutch
00406810*      _dwShutDown_
00406810*      _dwYield_
00406810*      _dwSetConTitle_
00406810*      _dwSetAppTitle_
00406810*      _dwSetAboutDlg_
00406810       _dwDeleteOnClose_
00417b34*      __WindowsExitRtn
004196d4*      __init_default_win
Module: D:\WATCOM/lib386/nt\flib7.lib(posput.c)
00406820       FPutRec_
00406860       ChopFile_
004068b0*      PutRec_
004069d0       writebytes_
00406a50       SysWrite_
Module: D:\WATCOM/lib386/nt\flib7.lib(posget.c)
00406b90       readbytes_
00406c60       SysRead_
004070d0       FGetRec_
00407100*      GetRec_
00407120       GetStdChar_
00407170       FCheckLogical_
004071f0       FSkipLogical_
004072c0*      FGetVarRecLen_
Module: D:\WATCOM/lib386/nt\flib7.lib(posseek.c)
004073b0       FSeekRec_
004073f0       CurrFileOffset_
004073f0       FGetFilePos_
00407410       SysSeek_
00407600*      FSeekAbs_
Module: D:\WATCOM/lib386/nt\clib3r.lib(stricmp.c)
00407610       stricmp_
Module: D:\WATCOM/lib386/nt\flib7.lib(posrew.c)
00407650       FRewind_
Module: D:\WATCOM/lib386/nt\flib7.lib(posback.c)
004076c0       FBackspace_
Module: D:\WATCOM/lib386/nt\flib7.lib(postrunc.c)
004077a0       FTruncate_
Module: D:\WATCOM/lib386/nt\clib3r.lib(errno.c)
004077c0       __get_errno_ptr_
004077d0*      __get_doserrno_ptr_
Module: D:\WATCOM/lib386/nt\flib7.lib(sdfile.c)
00417b38*      _FFCtrlSeq
00417b3a*      _SkipCtrlSeq
00417b3c       _NormalCtrlSeq
00417b3e       _SDTermIn
00417b42       _SDTermOut
00417b46*      _SDPrtName
Module: D:\WATCOM/lib386/nt\flib7.lib(unfmtin.c)
004077e0       UnFmtIn_
00407880+      NextUnFmtRec_
Module: D:\WATCOM/lib386/nt\flib7.lib(freein.c)
00407c60+      GetNum_
00407e60       FreeIn_
00407e70*      DoFreeIn_
00407ea0+      BumpComma_
00407ed0+      Blanks_
00407ef0+      CheckEor_
Module: D:\WATCOM/lib386/nt\flib7.lib(unfmtout.c)
004085e0       UnFmtOut_
Module: D:\WATCOM/lib386/nt\flib7.lib(freeout.c)
00408a30       FreeOut_
00417b4c+      _OutRtn
Module: D:\WATCOM/lib386/nt\flib7.lib(rttraps.c)
00408c00       __EnableF77RTExceptionHandling_
00408c10       R_TrapInit_
00408ca0       R_TrapFini_
00408cb0*      __InitExceptionVectors_
Module: D:\WATCOM/lib386/nt\flib7.lib(errrtns.c)
004196d8       ___ErrorFini
004196dc       ___ErrorInit
004196e0       ___BldErrMsg
Module: D:\WATCOM/lib386/nt\clib3r.lib(atexit.c)
00408cd0       atexit_
Module: D:\WATCOM/lib386/nt\clib3r.lib(regdata.c)
00408d30       __RegisterThreadDataSize_
Module: D:\WATCOM/lib386/nt\flib7.lib(errutil.c)
00408d60       BldErrCode_
00408dc0*      MsgFormat_
00408df0*      MsgBuffer_
00417b80+      _PGrpCodes
Module: D:\WATCOM/lib386/nt\clib3r.lib(enterdb.c)
00408e20       __EnterWVIDEO_
00417b84       ___WD_Present
Module: D:\WATCOM/lib386/nt\clib3r.lib(iob.c)
00417b88       ___iob
00417d90       __fmode
00419768       ___OpenStreams
0041976c       ___ClosedStreams
Module: D:\WATCOM/lib386/nt\clib3r.lib(setmd.c)
00408e50       setmode_
Module: D:\WATCOM/lib386/nt\clib3r.lib(write.c)
00409190       write_
Module: D:\WATCOM/lib386/nt\clib3r.lib(hdlman.c)
00417d94+      ___NHandles
00417d98+      ___OSHandles
00417d9c+      ___FakeHandles
004093f0+      __growPOSIXHandles_
00409490       __allocPOSIXHandle_
00409550       __freePOSIXHandle_
00409570       __getOSHandle_
00409580       __setOSHandle_
004095d0+      __NTGetFakeHandle_
00409640       __initPOSIXHandles_
00409720*      __set_handles_
00409730*      _grow_handles_
Module: D:\WATCOM/lib386/nt\clib3r.lib(environ.c)
00419770       ___env_mask
00419774       _environ
00419778       __wenviron
Module: D:\WATCOM/lib386/nt\clib3r.lib(getmodfn.c)
00409770       __lib_GetModuleFileNameW_
Module: D:\WATCOM/lib386/nt\clib3r.lib(strdup.c)
00409810       __clib_strdup_
Module: D:\WATCOM/lib386/nt\clib3r.lib(istable.c)
00409850       __IsTable
Module: D:\WATCOM/lib386/nt\clib3r.lib(ustrdup.c)
00409951       __clib_wcsdup_
Module: D:\WATCOM/lib386/nt\clib3r.lib(nfree.c)
00409980       _nfree_
00409980       free_
0041977c       ___MiniHeapFreeRover
Module: D:\WATCOM/lib386/nt\clib3r.lib(excptwnt.c)
0040a0f0+      ___ReportException@4
0040a540       __DefaultExceptionHandler_
0040a580+      ___ExceptionFilter
0040a790       __NewExceptionFilter_
0040a7c0       __DoneExceptionFilter_
00417da8       ___oscode_check_func
00417dac       ___raise_func
00419780*      _sw
00419784       ___ExceptionHandled
00419785+      ___ReportInvoked
Module: D:\WATCOM/lib386/nt\clib3r.lib(stklmwnt.c)
0040a800       __init_stack_limits_
Module: D:\WATCOM/lib386/nt\clib3r.lib(initrtns.c)
0040a880       __InitRtns
0040a8d0       __FiniRtns
Module: D:\WATCOM/lib386/nt\clib3r.lib(setjmp)
0040a924       _setjmp_
0040a95d       longjmp_
Module: D:\WATCOM/lib386/nt\clib3r.lib(exit.c)
0040a9e5+      __null_int23_exit_
0040a9e6       exit_
0040aa36*      _exit_
00417dc4+      ___int23_exit
00417dc8+      ___FPE_handler_exit
Module: D:\WATCOM/lib386/nt\clib3r.lib(chipbug.c)
0040aa50       __verify_pentium_fdiv_bug_
Module: D:\WATCOM/lib386/nt\flib7.lib(wrutils.c)
0040aab0       F_SendData_
0040ab10*      SendLine_
0040ab20       SendEOR_
0040abb0*      SendInt_
0040abe0       SendStr_
0040ac00+      SendWSLStr_
0040ac20       SendChar_
0040ac40       Drop_
0040ae00       IOItemResult_
Module: D:\WATCOM/lib386/nt\flib7.lib(rfmtutil.c)
0040aeb0       R_ChkType_
0040aee0       R_NewRec_
0040af20       R_ChkIType_
0040af50       R_ChkFType_
0040af80       R_ChkRecLen_
0040afa0+      GetLen_
0040afe0       R_FOStr_
0040aff0*      FOString_
0040b060       R_FIStr_
0040b120       R_FOLog_
0040b170       R_FILog_
0040b250       R_FIFloat_
0040b440       GetReal_
0040b550       R_FOF_
0040b5d0       R_FOE_
0040b710+      FmtH2B_
0040b800       R_FIHex_
0040b980       R_FOHex_
0040b990*      FOHex_
0040ba90       R_FIInt_
0040bba0       R_FOInt_
0040be00       R_FOG_
0040c080+      ChkBuffLen_
Module: D:\WATCOM/lib386/nt\flib7.lib(arrayio.c)
0040c140       ArrayIOType_
Module: D:\WATCOM/lib386/nt\clib3r.lib(mthrdini.c)
0040c1c0       __InitThreadData_
00417dcc       ___ThreadDataSize
Module: D:\WATCOM/lib386/nt\clib3r.lib(cmain386.c)
0040c1f0       __CMain
Module: D:\WATCOM/lib386/nt\clib3r.lib(dosseg)
00001234       __DOSseg__
Module: D:\WATCOM/lib386/nt\clib3r.lib(8087cw.c)
00417dd0       __8087cw
Module: D:\WATCOM/lib386/nt\clib3r.lib(save8087.c)
00417dd4       ___Save8087
00417dd8       ___Rest8087
Module: D:\WATCOM/lib386/nt\clib3r.lib(init8087)
0040c234       __x87id
Module: D:\WATCOM/lib386/nt\flib7.lib(csetinfo.c)
00419788       _CharSetInfo
Module: D:\WATCOM/lib386/nt\flib7.lib(errmsg.c)
0040c5a0       _GroupTable
0040c650       _ErrWord
Module: D:\WATCOM/lib386/nt\clib3r.lib(getenv.c)
0040cc80       getenv_
Module: D:\WATCOM/lib386/nt\clib3r.lib(ltoa.c)
0040cd10       ultoa_
0040cd60       ltoa_
Module: D:\WATCOM/lib386/nt\clib3r.lib(nmalloc.c)
0040cd90       _nmalloc_
0040cd90       malloc_
00417ddc       ___nheapbeg
00417de0       ___MiniHeapRover
00417de4       ___LargestSizeB4MiniHeapRover
Module: D:\WATCOM/lib386/nt\clib3r.lib(__stos)
0040ce90       __STOSB
0040cec7*      __STOSD
Module: D:\WATCOM/lib386/nt\clib3r.lib(memmove.c)
0040cf40       memmove_
Module: D:\WATCOM/lib386/nt\clib3r.lib(itoa.c)
0040cfa0       utoa_
0040cff0       itoa_
Module: D:\WATCOM/lib386/nt\clib3r.lib(fgtattr.c)
0040d020       __fixed_GetFileAttributesA_
Module: D:\WATCOM/lib386/nt\clib3r.lib(dosret.c)
0040d0c0*      _dosretax_
0040d0d0*      _dosret0_
0040d0e0       __set_errno_dos_
0040d110*      __set_errno_dos_reterr_
0040d120       __set_errno_nt_
0040d130*      __set_errno_nt_reterr_
Module: D:\WATCOM/lib386/nt\clib3r.lib(seterrno.c)
0040d144       __set_errno_
0040d152*      __set_EDOM_
0040d160       __set_ERANGE_
0040d16e*      __set_EINVAL_
0040d181       __set_doserrno_
Module: D:\WATCOM/lib386/nt\clib3r.lib(gtcwdwnt.c)
0040d190       getcwd_
Module: D:\WATCOM/lib386/nt\clib3r.lib(iomode.c)
0040d220       __GetIOMode_
0040d240       __SetIOMode_nogrow_
00417eec       ___NFiles
00417ef0       ___init_mode
00417f40       ___io_mode
Module: D:\WATCOM/lib386/nt\clib3r.lib(iomodtty.c)
0040d260       __ChkTTYIOMode_
0040d2a0       __IOMode_
Module: D:\WATCOM/lib386/nt\clib3r.lib(ntdirinf.c)
0040d2c0       __MakeDOSDT_
0040d2f0*      __FromDOSDT_
0040d320*      __GetNTDirInfo_
0040d360*      __NTFindNextFileWithAttr_
Module: D:\WATCOM/lib386/nt\clib3r.lib(d2ttime.c)
0040d3c0       _d2ttime_
Module: D:\WATCOM/lib386/nt\clib3r.lib(strerror.c)
0040d760       strerror_
0040d780*      _strerror_
0040d850*      _doserror_
00417f44+      __sys_errlist
00417fe8+      __sys_nerr
Module: D:\WATCOM/lib386/nt\clib3r.lib(_strcmp)
0040d880       strcmp_
Module: D:\WATCOM/lib386/nt\clib3r.lib(mbspbrk.c)
0040d9c0       _mbspbrk_
Module: D:\WATCOM/lib386/nt\clib3r.lib(mbsinc.c)
0040da10       _mbsinc_
Module: D:\WATCOM/lib386/nt\clib3r.lib(tolower.c)
0040da40       tolower_
Module: D:\WATCOM/lib386/nt\clib3r.lib(stiomode.c)
0040da50       __grow_iomode_
0040db20+      __shrink_iomode_
0040db60       __SetIOMode_
Module: D:\WATCOM/lib386/nt\clib3r.lib(close.c)
0040dbd0       close_
Module: D:\WATCOM/lib386/nt\clib3r.lib(openwnt.c)
0040ddf0*      open_
0040de10       sopen_
Module: D:\WATCOM/lib386/nt\clib3r.lib(lseek.c)
0040de40       lseek_
Module: D:\WATCOM/lib386/nt\flib7.lib(poscc.c)
0040de90*      __LineFeedWithFormFeed_
0040dea0       FSetCC_
Module: D:\WATCOM/lib386/nt\clib3r.lib(unlnkwnt.c)
0040df00       unlink_
Module: D:\WATCOM/lib386/nt\clib3r.lib(chsizwnt.c)
0040df80       chsize_
Module: D:\WATCOM/lib386/nt\clib3r.lib(read.c)
0040e070       read_
Module: D:\WATCOM/lib386/nt\flib7.lib(rdutils.c)
0040e200       NextRec_
Module: D:\WATCOM/lib386/nt\flib7.lib(unfmtutl.c)
0040e310       _SizeVars
Module: D:\WATCOM/lib386/nt\clib3r.lib(toupper.c)
0040e320       toupper_
Module: D:\WATCOM/lib386/nt\flib7.lib(chrutils.c)
0040e330       JmpBlanks_
Module: D:\WATCOM/lib386/nt\flib7.lib(fmtcnvt.c)
0040e350       FmtS2I_
0040e480       FmtS2F_
Module: D:\WATCOM/lib386/nt\flib7.lib(undefcg.c)
0040e8e0       OutLogCG_
0040e8f0       OutIntCG_
0040e930+      FmtRealCG_
0040e960+      FmtDoubleCG_
0040e990+      FmtExtendedCG_
0040e9c0+      UndefIntCG_
0040e9c0+      UndefLogCG_
0040e9c0+      UndefExtendedCG_
0040e9c0+      UndefDoubleCG_
0040e9c0+      UndefRealCG_
0040e9d0+      GetRealCG_
00417ff4       _FmtRealRtn
00417ff8       _FmtDoubleRtn
00417ffc       _FmtExtendedRtn
00418000       _SendStrRtn
00418004       _UndefRealRtn
00418008       _UndefDoubleRtn
0041800c       _UndefExtendedRtn
00418010       _UndefLogRtn
00418014       _UndefIntRtn
00418018       _GetRealRtn
Module: D:\WATCOM/lib386/nt\flib7.lib(cctrl.c)
0040e9e0       CheckCCtrl_
Module: D:\WATCOM/lib386/nt\clib3r.lib(signlwnt.c)
0041801c+      __SignalTable
0040ea50+      __SetSignalFunc_
0040eaa0+      __GetSignalFunc_
0040ead0+      __GetSignalOSCode_
0040eb00+      __CheckSignalExCode_
0040ec40+      __sigabort_
0040ec50       __sigfpe_handler_
0040eca0       signal_
0040ed30+      raise_
0040eda0+      __SigInit_
0040edf0+      __SigFini_
0040ee30+      __sig_init_
Module: D:\WATCOM/lib386/nt\flib7.lib(fptraps.c)
0040ef10*      __MaskDefaultFPE_
0040ef30       FPTrapInit_
0040ef60       FPTrapFini_
Module: D:\WATCOM/lib386/nt\clib3r.lib(trdlist.c)
0040efd0       __GetThreadData_
0040f020       __ReallocThreadData_
0040f110       __AddThreadData_
0040f190       __RemoveThreadData_
0040f1f0       __ResizeThreadDataList_
0040f220       __FreeThreadDataList_
0040f250*      __ActiveThreads_
Module: D:\WATCOM/lib386/nt\flib7.lib(errgrp.c)
0040f270       _GrpCodes
Module: D:\WATCOM/lib386/nt\clib3r.lib(initfile.c)
0040f330       __InitFiles_
Module: D:\WATCOM/lib386/nt\clib3r.lib(ioexit.c)
0040f430*      fcloseall_
0040f440       __full_io_exit_
Module: D:\WATCOM/lib386/nt\clib3r.lib(stackwnt.c)
0040f450       stackavail_
Module: D:\WATCOM/lib386/nt\clib3r.lib(stk)
0040f461*      __CHK
0040f471*      __STK
0040f490       __STKOVERFLOW_
0040f4a0*      __GRO
0040f4c0*      __alloca_probe
Module: D:\WATCOM/lib386/nt\clib3r.lib(nrealloc.c)
0040f4e0*      _nrealloc_
0040f4e0       realloc_
Module: D:\WATCOM/lib386/nt\clib3r.lib(setenvp.c)
0040f560       __setenvp_
0040f620       __freeenvp_
Module: D:\WATCOM/lib386/nt\clib3r.lib(ustrlen.c)
0040f66d       wcslen_
Module: D:\WATCOM/lib386/nt\clib3r.lib(memcpy.c)
0040f680       memcpy_
Module: D:\WATCOM/lib386/nt\clib3r.lib(mem.c)
0040f6a0       __MemAllocator
0040f750       __MemFree
Module: D:\WATCOM/lib386/nt\clib3r.lib(conutwnt.c)
0040f8a0*      __NTRealKey_
0040f950*      __NTConsoleInput_
0040f960       __NTConsoleOutput_
Module: D:\WATCOM/lib386/nt\clib3r.lib(fclex387.c)
0040f970       _ClearFPE_
Module: D:\WATCOM/lib386/nt\clib3r.lib(ljmphdl.c)
004180a0       ___longjmp_handler
Module: D:\WATCOM/lib386/nt\flib7.lib(ifile.c)
0040f990       SendIFBuff_
0040f9c0       NextIFBuff_
Module: D:\WATCOM/lib386/nt\flib7.lib(rfmtlog.c)
0040fa00       R_FmtLog_
Module: D:\WATCOM/lib386/nt\flib7.lib(fmtrtns.c)
0040fa30       R_F2E_
0040fba0       R_F2F_
0040fd30       SetMaxPrec_
Module: D:\WATCOM/lib386/nt\flib7.lib(flt86.c)
0040fd40       _P1d100
0040fd48       _P1d_99
Module: D:\WATCOM/lib386\math387r.lib(pow87)
0040fea9*      pow_
0040fd50       IF@DPOW
0040fd50*      IF@POW
Module: D:\WATCOM/lib386/nt\flib7.lib(hexcnv.c)
0040fed0       Hex_
0040fef0*      HSToB_
0040ff60       BToHS_
Module: D:\WATCOM/lib386/nt\clib3r.lib(strupr.c)
0040ffb0       strupr_
Module: D:\WATCOM/lib386/nt\clib3r.lib(cinit.c)
0040ffd0       __CommonInit_
Module: D:\WATCOM/lib386/nt\clib3r.lib(___argc.c)
004198a8       ____Argc
004198ac       ____Argv
Module: D:\WATCOM/lib386/nt\flib7.lib(rtmain.c)
0040ffe0       main_
Module: D:\WATCOM/lib386/nt\clib3r.lib(mbterm.c)
00410000       _mbterm_
Module: D:\WATCOM/lib386/nt\clib3r.lib(mbsnextc.c)
00410040       _mbsnextc_
Module: D:\WATCOM/lib386/nt\clib3r.lib(mbcupper.c)
00410080       _mbctoupper_
Module: D:\WATCOM/lib386/nt\clib3r.lib(alphabet.c)
0041722c       ___Alphabet
Module: D:\WATCOM/lib386/nt\clib3r.lib(nmemneed.c)
004100b0       __nmemneed_
Module: D:\WATCOM/lib386/nt\clib3r.lib(grownear.c)
00410220       __ExpandDGROUP_
Module: D:\WATCOM/lib386/nt\clib3r.lib(isattwnt.c)
00410240       isatty_
Module: D:\WATCOM/lib386/nt\clib3r.lib(strncpy.c)
00410260       strncpy_
Module: D:\WATCOM/lib386/nt\clib3r.lib(mktime.c)
004102a0       mktime_
Module: D:\WATCOM/lib386/nt\clib3r.lib(mbschr.c)
00410330       _mbschr_
Module: D:\WATCOM/lib386/nt\clib3r.lib(mbisdbcs.c)
004198b0       ___IsDBCS
Module: D:\WATCOM/lib386/nt\clib3r.lib(mbislead.c)
00410390*      _ismbblead_
004198b4       ___MBCSIsTable
Module: D:\WATCOM/lib386/nt\clib3r.lib(_clsewnt.c)
004103b0       __close_
Module: D:\WATCOM/lib386/nt\clib3r.lib(ntfio.c)
00410410*      __GetNTCreateAttr_
00410450       __GetNTAccessAttr_
00410480       __GetNTShareAttr_
Module: D:\WATCOM/lib386/nt\clib3r.lib(umaskval.c)
004180a4       ___umaskval
Module: D:\WATCOM/lib386/nt\clib3r.lib(__lseek.c)
004104e0       __lseek_
Module: D:\WATCOM/lib386/nt\flib7.lib(intarith.c)
00410520       AddIOFlo_
00410530*      SubIOFlo_
00410540       MulIOFlo_
Module: D:\WATCOM/lib386\math387r.lib(strtod.c)
00410a63+      __Strtold_
00410bca       strtod_
Module: D:\WATCOM/lib386/nt\flib7.lib(expchk.c)
00410d10       ToFFormat_
Module: D:\WATCOM/lib386/nt\clib3r.lib(abort.c)
00410d6d*      abort_
00410d7f       __terminate_
004180a8       ___abort
Module: D:\WATCOM/lib386/nt\clib3r.lib(cntrl87.c)
00410da0       _control87_
Module: D:\WATCOM/lib386/nt\clib3r.lib(mthread.c)
00410f80+      __CloseSemaphore_
00410fc0+      __AccessIOB_
00410fd0+      __ReleaseIOB_
00410fe0+      __AccessFileH_
00410ff0+      __ReleaseFileH_
00411000+      __AccessNHeap_
00411010+      __ReleaseNHeap_
00411020+      __AccessFHeap_
00411030+      __ReleaseFHeap_
00411040+      __AccessTDList_
00411050+      __ReleaseTDList_
00411060+      __AccessFList_
00411070+      __AccessSemaphore_
004110d0+      __ReleaseFList_
004110e0+      __ReleaseSemaphore_
00411110+      __MultipleThread_
00411160+      __AllocInitThreadData_
004111b0*      __FreeInitThreadData_
004111c0       __NTThreadInit_
00411230       __NTAddThread_
00411280       __NTRemoveThread_
00411310       __InitMultipleThread_
004180ac+      ___AccessSema4
004180b0+      ___ReleaseSema4
004180b4+      ___CloseSema4
Module: D:\WATCOM/lib386/nt\clib3r.lib(xmsgwnt.c)
004114d0+      __exit_with_msg_
00411530       __fatal_runtime_error_
Module: D:\WATCOM/lib386/nt\clib3r.lib(calloc.c)
00411550       calloc_
Module: D:\WATCOM/lib386/nt\clib3r.lib(register.c)
00411580       __initthread_
00411590*      _beginthread_
004115a0       _endthread_
004115b0*      __RegisterThreadData_
Module: D:\WATCOM/lib386/nt\clib3r.lib(fclose.c)
00411600+      __doclose_
004116a0       __shutdown_stream_
004116c0*      fclose_
0041a124+      ___RmTmpFileFn
Module: D:\WATCOM/lib386/nt\clib3r.lib(freefp.c)
00411710       __freefp_
00411760       __purgefp_
Module: D:\WATCOM/lib386/nt\clib3r.lib(nmsize.c)
00411790       _nmsize_
00411790*      _msize_
Module: D:\WATCOM/lib386/nt\clib3r.lib(nexpand.c)
004117a0       _nexpand_
004117a0*      _expand_
004117e0+      __HeapManager_expand_
Module: D:\WATCOM/lib386/nt\clib3r.lib(dofilstr.c)
004119c0       __ParsePosixHandleStr_
Module: D:\WATCOM/lib386/nt\clib3r.lib(clearenv.c)
00411ae0       clearenv_
Module: D:\WATCOM/lib386\math387r.lib(ldcvt.c)
00411c4f       _LDScale10x_
004121f6       __LDcvt_
Module: D:\WATCOM/lib386\math387r.lib(pow87e.c)
00412643       __pow87_err_
Module: D:\WATCOM/lib386\math387r.lib(exp87)
00412733*      exp_
004126cc*      __@DEXP1
004126d4*      IF@EXP
004126d4*      IF@DEXP
004126d6       __@DEXP
Module: D:\WATCOM/lib386/nt\clib3r.lib(chipd32.asm)
00412857       __fdiv_fpr
00412d19*      __fdiv_chk
00412d2c*      __fdiv_m32
00412d79*      __fdiv_m64
00412dc6*      __fdiv_m32r
00412e13*      __fdiv_m64r
Module: D:\WATCOM/lib386/nt\clib3r.lib(argcv.c)
0041a128       __argc
0041a12c       __argv
0041a130       ___argv
0041a134       ___argc
Module: D:\WATCOM/lib386/nt\clib3r.lib(mbconv.c)
00412e60       _mbvtop_
Module: D:\WATCOM/lib386/nt\clib3r.lib(amblksiz.c)
0041817c       __amblksiz
Module: D:\WATCOM/lib386/nt\clib3r.lib(heapen.c)
00412e80*      _heapenable_
00418180       ___heap_enabled
Module: D:\WATCOM/lib386/nt\clib3r.lib(nheapmin.c)
00412eb0       _nheapshrink_
00412eb0*      _nheapmin_
00412eb0*      _heapmin_
00412eb0       _heapshrink_
Module: D:\WATCOM/lib386/nt\clib3r.lib(locmktim.c)
00412fa0       __local_mktime_
Module: D:\WATCOM/lib386/nt\clib3r.lib(gmtime.c)
00413120       __brktime_
00413220+      _gmtime_
00413240*      gmtime_
Module: D:\WATCOM/lib386/nt\clib3r.lib(tzset.c)
00418184       ___start_dst
004181a8       ___end_dst
004182d0*      _tzname
004182d8       _timezone
004182dc       _daylight
004182e0       ___dst_adjust
004132b0*      __DontCacheOSTZ_
004132c0*      __CacheOSTZ_
004137a0+      __parse_tz_
00413b90       tzset_
Module: D:\WATCOM/lib386/nt\clib3r.lib(timeutil.c)
00413d00       __isindst_
Module: D:\WATCOM/lib386/nt\clib3r.lib(mbclen.c)
00414030       _mbclen_
Module: D:\WATCOM/lib386/nt\clib3r.lib(mbccmp.c)
00414060       _mbccmp_
Module: D:\WATCOM/lib386/nt\clib3r.lib(mbinit.c)
004140d5       __mbinit_
004182e8       ___MBCodePage
Module: D:\WATCOM/lib386\math387r.lib(bufld386)
004141c4       __ZBuf2LD
Module: D:\WATCOM/lib386\math387r.lib(inf_nan.c)
00414267*      ___f_infinity
0041426b*      ___f_posqnan
0041426f       ___d_infinity
00414277       ___d_posqnan
0041427f*      ___ld_infinity
00414287*      ___ld_posqnan
Module: D:\WATCOM/lib386/nt\clib3r.lib(hugeval.c)
00414290       __HugeValue
Module: D:\WATCOM/lib386/nt\clib3r.lib(trdalloc.c)
004142a0       __FiniThreadProcessing_
Module: D:\WATCOM/lib386/nt\clib3r.lib(thredwnt.c)
00414360       __CBeginThread_
00414400       __CEndThread_
Module: D:\WATCOM/lib386/nt\clib3r.lib(flush.c)
00414440       __flush_
Module: D:\WATCOM/lib386/nt\clib3r.lib(strtol.c)
00414760*      strtoul_
00414770       strtol_
Module: D:\WATCOM/lib386/nt\clib3r.lib(putenv.c)
00414780       putenv_
00414a10       __putenv_
Module: D:\WATCOM/lib386\math387r.lib(ldclass.c)
00414b79       __LDClass_
00414bc9*      _FLClass_
Module: D:\WATCOM/lib386/nt\flib7.lib(_matherr.c)
00414be0*      __imath2err_
00414c20*      __amath1err_
00414c50*      __amath2err_
00414c80       __math2err_
00414d90       __math1err_
00414da0*      __zmath2err_
00414e00*      __qmath2err_
Module: D:\WATCOM/lib386\math387r.lib(math87e.c)
00414e66       __math87_err_
Module: D:\WATCOM/lib386/nt\clib3r.lib(initargv.c)
00414ee0       __Init_Argv_
00414f30+      _getargv_
004150d0       __Fini_Argv_
Module: D:\WATCOM/lib386/nt\clib3r.lib(leapyear.c)
004150e0       __leapyear_
00417254       ___diyr
0041726e       ___dilyr
Module: D:\WATCOM/lib386/nt\clib3r.lib(wcstombs.c)
00415120       wcstombs_
Module: D:\WATCOM/lib386/nt\clib3r.lib(fsync.c)
004151c0       fsync_
Module: D:\WATCOM/lib386/nt\clib3r.lib(qwrit.c)
00415210       __qwrite_
Module: D:\WATCOM/lib386/nt\clib3r.lib(mbslen.c)
004152f0       _mbslen_
Module: D:\WATCOM/lib386/nt\clib3r.lib(mbstowcs.c)
00415320       mbstowcs_
Module: D:\WATCOM/lib386/nt\clib3r.lib(uputenv.c)
004153a0*      _wputenv_
004155c0       __wputenv_
Module: D:\WATCOM/lib386/nt\clib3r.lib(histsplt.c)
0041a13c       ___historical_splitparms
Module: D:\WATCOM/lib386/nt\clib3r.lib(wctomb.c)
004156c0       wctomb_
Module: D:\WATCOM/lib386/nt\clib3r.lib(mbtowc.c)
00415700       mbtowc_
Module: D:\WATCOM/lib386/nt\clib3r.lib(ustrchr.c)
00415790       wcschr_
Module: D:\WATCOM/lib386/nt\clib3r.lib(setenvar.c)
004157b0       __lib_SetEnvironmentVariableW_
Module: D:\WATCOM/lib386/nt\clib3r.lib(crtwenv.c)
004158a0       __create_wide_environment_
Module: D:\WATCOM/lib386/nt\clib3r.lib(utoupper.c)
00415908       towupper_


                        +----------------------+
                        |   Imported Symbols   |
                        +----------------------+

Symbol                              Module
======                              ======

_MessageBoxA@16                     USER32.DLL
_GetEnvironmentStringsA@0           KERNEL32.DLL
_GetVersion@0                       KERNEL32.DLL
_GetModuleFileNameA@12              KERNEL32.DLL
_GetCommandLineA@0                  KERNEL32.DLL
_GetCommandLineW@0                  KERNEL32.DLL
_FreeEnvironmentStringsA@4          KERNEL32.DLL
_GetModuleHandleA@4                 KERNEL32.DLL
_ExitProcess@4                      KERNEL32.DLL
_RtlUnwind@16                       KERNEL32.DLL
_GetFullPathNameA@16                KERNEL32.DLL
_GetFileType@4                      KERNEL32.DLL
_GetFileInformationByHandle@8       KERNEL32.DLL
_GetFileTime@16                     KERNEL32.DLL
_GetFileSize@8                      KERNEL32.DLL
_CreateFileA@28                     KERNEL32.DLL
_CloseHandle@4                      KERNEL32.DLL
_GetLastError@0                     KERNEL32.DLL
_GetDriveTypeA@4                    KERNEL32.DLL
_FindFirstFileA@8                   KERNEL32.DLL
_FindClose@4                        KERNEL32.DLL
_SetFilePointer@16                  KERNEL32.DLL
_WriteFile@20                       KERNEL32.DLL
_SetStdHandle@8                     KERNEL32.DLL
_CreateEventA@16                    KERNEL32.DLL
_GetStdHandle@4                     KERNEL32.DLL
_GetModuleFileNameW@12              KERNEL32.DLL
_MultiByteToWideChar@24             KERNEL32.DLL
_LoadLibraryA@4                     KERNEL32.DLL
_GetProcAddress@8                   KERNEL32.DLL
_SetUnhandledExceptionFilter@4      KERNEL32.DLL
_UnhandledExceptionFilter@4         KERNEL32.DLL
_VirtualQuery@12                    KERNEL32.DLL
_GetCurrentThreadId@0               KERNEL32.DLL
_GetFileAttributesA@4               KERNEL32.DLL
_GetCurrentDirectoryA@8             KERNEL32.DLL
_FileTimeToLocalFileTime@8          KERNEL32.DLL
_FileTimeToDosDateTime@12           KERNEL32.DLL
_DosDateTimeToFileTime@12           KERNEL32.DLL
_LocalFileTimeToFileTime@8          KERNEL32.DLL
_FindNextFileA@8                    KERNEL32.DLL
_FormatMessageA@28                  KERNEL32.DLL
_DeleteFileA@4                      KERNEL32.DLL
_SetEndOfFile@4                     KERNEL32.DLL
_ReadFile@20                        KERNEL32.DLL
_SetConsoleCtrlHandler@8            KERNEL32.DLL
_TlsGetValue@4                      KERNEL32.DLL
_TlsSetValue@8                      KERNEL32.DLL
_CharUpperA@4                       USER32.DLL
_VirtualAlloc@16                    KERNEL32.DLL
_InitializeCriticalSection@4        KERNEL32.DLL
_DeleteCriticalSection@4            KERNEL32.DLL
_LeaveCriticalSection@4             KERNEL32.DLL
_EnterCriticalSection@4             KERNEL32.DLL
_SetLastError@4                     KERNEL32.DLL
_TlsAlloc@0                         KERNEL32.DLL
_TlsFree@4                          KERNEL32.DLL
_VirtualFree@12                     KERNEL32.DLL
_GetTimeZoneInformation@4           KERNEL32.DLL
_GetACP@0                           KERNEL32.DLL
_GetOEMCP@0                         KERNEL32.DLL
_GetCPInfo@8                        KERNEL32.DLL
_CreateThread@24                    KERNEL32.DLL
_ResumeThread@4                     KERNEL32.DLL
_ExitThread@4                       KERNEL32.DLL
_SetEnvironmentVariableA@8          KERNEL32.DLL
_FlushFileBuffers@4                 KERNEL32.DLL
_WideCharToMultiByte@32             KERNEL32.DLL
_SetEnvironmentVariableW@8          KERNEL32.DLL


                        +--------------------+
                        |   Libraries Used   |
                        +--------------------+

D:\WATCOM/lib386/nt\kernel32.lib
D:\WATCOM/lib386/nt\user32.lib
D:\WATCOM/lib386/nt\flib7.lib
D:\WATCOM/lib386\math387r.lib
D:\WATCOM/lib386/nt\clib3r.lib
D:\WATCOM/lib386/nt\emu387.lib


                        +-----------------------+
                        |   Linker Statistics   |
                        +-----------------------+

Stack size:  00010000 (65536.)
Memory size:  000283bc (164796.)
Entry point address: 00402a64
Link time: 00:01.59
