Open Watcom Linker Version 1.9
Portions Copyright (c) 1985-2002 Sybase, Inc. All Rights Reserved.
Created on:       20/04/27 12:57:53
Executable Image: laba3.exe
creating a Windows NT character-mode executable


                        +------------+
                        |   Groups   |
                        +------------+

Group                           Address              Size
=====                           =======              ====

.idata                          00415000             00000786
DGROUP                          00416000             0becf2f0



                        +--------------+
                        |   Segments   |
                        +--------------+

Segment                Class          Group          Address         Size
=======                =====          =====          =======         ====

BEGTEXT                CODE           AUTO           00401000        00000007
_TEXT                  CODE           AUTO           00401010        000139f8
TRANSFER CODE          CODE           AUTO           00414a08        0000019e
.idata                 .idata         .idata         00415000        00000786
_NULL                  BEGDATA        DGROUP         00416000        00000004
_AFTERNULL             BEGDATA        DGROUP         00416004        00000000
CONST                  DATA           DGROUP         00416010        00000110
_DATA                  DATA           DGROUP         00416120        00001120
CONST2                 DATA           DGROUP         00417240        00000000
XIB                    DATA           DGROUP         00417240        00000000
XI                     DATA           DGROUP         00417240        0000004e
XIE                    DATA           DGROUP         0041728e        00000000
YIB                    DATA           DGROUP         0041728e        00000000
YI                     DATA           DGROUP         0041728e        00000030
YIE                    DATA           DGROUP         004172be        00000000
TIB                    DATA           DGROUP         004172be        00000000
TI                     DATA           DGROUP         004172be        00000000
TIE                    DATA           DGROUP         004172be        00000000
DATA                   DATA           DGROUP         004172be        00000000
DATA32                 DATA           DGROUP         004172c0        0000011c
CONST32                CONST          DGROUP         00418000        00000000
_BSS                   BSS            DGROUP         00418000        000010f0
GDATA@0                BSS            DGROUP         004190f0        0bebc200
BSS32                  BSS            DGROUP         0c2d52f0        00000000
STACK                  STACK          DGROUP         0c2d52f0        00010000


                        +----------------+
                        |   Memory Map   |
                        +----------------+

* = unreferenced symbol
+ = symbol only referenced locally

Address        Symbol
=======        ======

Module: laba3.obj(D:\WATCOM\lb3\mult\laba3.for)
00401010       FMAIN
0040115a+      READIA
0040126b+      READOTHER
004015da+      MULT
Module: D:\WATCOM/lib386/nt\flib7.lib(setunit.c)
00401830       RT@SetUnit
Module: D:\WATCOM/lib386/nt\flib7.lib(setfile.c)
00401870       RT@SetFile
Module: D:\WATCOM/lib386/nt\flib7.lib(exopen.c)
00401fc0       RT@IOOpen
004161e8+      _AccModTab
004161f8+      _FormTab
00416204+      _OpStatTab
00416218+      _BlnkTab
00416224+      _RecFmTab
00416234+      _CCtrlTab
00416240+      _ActionTab
00416250+      _ShareTab
Module: D:\WATCOM/lib386/nt\flib7.lib(coread)
00401fd6       RT@IORead
00401fe5*      RT@InpLOG1
00401ff4*      RT@InpLOG4
00402003*      RT@InpINT1
00402012*      RT@InpINT2
00402021       RT@InpINT4
00402030       RT@InpREAL
0040203f*      RT@InpDBLE
0040204e*      RT@InpXTND
0040205d*      RT@InpCPLX
0040206c*      RT@InpDBCX
0040207b*      RT@InpXTCX
0040208a*      RT@InpCHAR
0040208f*      RT@InpSTR
00402094*      RT@InpArr
00402099*      RT@InpChArr
Module: D:\WATCOM/lib386/nt\flib7.lib(cortns)
00416268*      _FRT_SaveESP
004020a9*      SwitchToGen
004020c7       SwitchToRT
004020e5       RdWrCommon
00402189       IOType_
004021a7       IOChar
004021c2       IOStr
004021d7       IOArr
004021f2       IOChArr
00402214       RT@EndIO
Module: D:\WATCOM/lib386/nt\flib7.lib(exclose.c)
00402310       RT@IOClose
Module: D:\WATCOM/lib386/nt\flib7.lib(setform.c)
00402330       RT@SetForm
Module: D:\WATCOM/lib386/nt\flib7.lib(setacc.c)
00402350       RT@SetAcc
Module: D:\WATCOM/lib386/nt\flib7.lib(setrecl.c)
00402370       RT@SetRecl
Module: D:\WATCOM/lib386/nt\flib7.lib(seterr.c)
004023b0       RT@SetErr
Module: D:\WATCOM/lib386/nt\flib7.lib(setrec.c)
004023c0       RT@SetRec
Module: D:\WATCOM/lib386/nt\flib7.lib(setnofmt.c)
00402400       RT@SetNoFmt
Module: D:\WATCOM/lib386/nt\flib7.lib(pause.c)
00402430       RT@Pause
00416298*      LG@PAUSE_HOOK
Module: D:\WATCOM/lib386/nt\flib7.lib(cowrite)
00402474       RT@IOWrite
00402483*      RT@OutLOG1
00402495*      RT@OutLOG4
004024a3*      RT@OutINT1
004024b5*      RT@OutINT2
004024c5*      RT@OutINT4
004024d4       RT@OutREAL
004024e4*      RT@OutDBLE
004024f4*      RT@OutXTND
00402504*      RT@OutCPLX
0040251a*      RT@OutDBCX
00402530*      RT@OutXTCX
00402546       RT@OutCHAR
0040254b*      RT@OutSTR
00402550*      RT@PrtArr
00402555*      RT@PrtChArr
Module: D:\WATCOM/lib386/nt\clib3r.lib(cstrtwnt)
0040255a       _cstart_
0040255a*      mainCRTStartup
Module: D:\WATCOM/lib386/nt\clib3r.lib(_8087)
0041629c       __8087
0041629d       __real87
Module: D:\WATCOM/lib386/nt\emu387.lib(386)
004025b8       __init_387_emulator
004025b9*      __fini_387_emulator
Module: D:\WATCOM/lib386/nt\flib7.lib(initeng.c)
00418000       __init_english
Module: D:\WATCOM/lib386/nt\flib7.lib(initerr.c)
00418004       __init_error
Module: D:\WATCOM/lib386/nt\flib7.lib(setiocb.c)
004025c0       RT@SetIOCB
Module: D:\WATCOM/lib386/nt\flib7.lib(rdata.c)
00418010       _IORslt
00418020       _FmtBuff
00418024*      _Fmt_revert
00418028*      _Fmt_start
0041802c*      _Fmt_paren_level
00418030*      _Fmt_charptr
00418034*      _FmtEmStruct
00418038       _IOTypeRtn
0041803c*      _Fmt_end
00418040*      _Fmt_rep_spec
00418044       _FmtRoutine
00418048       _IOCB
0041804c       _Files
00418050*      _Fmt_delimited
Module: D:\WATCOM/lib386/nt\flib7.lib(rtutls.c)
00402670       FindFtnFile_
00402760       RChkAlloc_
00402790       F_Connect_
00402810       ConnectFile_
00402820       GetFileInfo_
00402910       DiscoFile_
00402980*      ChkFileName_
004029b0+      ChkLogFile_
004029f0       ChkIOOperation_
00402a30       GetIOErr_
00402a40       ChkIOErr_
00402a60       ChkUnitId_
00402aa0*      ChkConnected_
00402ac0       SetEOF_
00402af0       ClearEOF_
00402b30       SysEOF_
00402b60       IsFixed_
00402b70       IsCarriage_
00402b80*      ChkRecordStructure_
00402bb0*      ChkSequential_
00402bd0*      ChkExist_
00402c00       StrItem_
Module: D:\WATCOM/lib386/nt\flib7.lib(exutil.c)
00402c80       FindKWord_
00402d10*      ClrBuff_
004162a0       _SpecId
Module: D:\WATCOM/lib386/nt\flib7.lib(ioerr.c)
00402d60       IOErr_
Module: D:\WATCOM/lib386/nt\flib7.lib(rtsysutl.c)
00402df0       GetSysIOInfo_
00402e10       GetSysFileInfo_
00402e40       IsDevice_
00403010       OpenAction_
00403050*      DfltRecType_
00403070+      _FileAttrs_
00403130       CloseFile_
004031a0       Scrtched_
004031c0       CloseDeleteFile_
00403210       Errf_
00403230       FPutBuff_
004032a0       FGetBuff_
004032f0       SeekFile_
00403310       NoEOF_
00403320       SysClearEOF_
00403330       SameFile_
00403340*      Rewindf_
00403360       SysCreateFile_
004033a0       CheckLogicalRecord_
004033c0       SkipLogicalRecord_
004033e0*      BackSpacef_
00403410*      EndFilef_
00403450       GetIOErrMsg_
00403490       ReportNExist_
004034b0       ReportEOF_
004034c0       WaitForEnter_
Module: D:\WATCOM/lib386/nt\flib7.lib(runmain.c)
004034d0*      __InitUnit6CC_
004034e0       __DevicesCC_
004034f0*      __InitAllowCommaSeparator_
00403500       __AllowCommaSep_
00403510+      _InitIO_
00403580+      CloseAllFiles_
004035c0*      _FiniEx_
004035c0       RunExit_
00403600       RunEntry_
Module: D:\WATCOM/lib386/nt\flib7.lib(rdwr.c)
00403630       DoOpen_
00403660+      _AllocBuffer_
004036a0       IOPrologue_
004038e0       UpdateRecNum_
Module: D:\WATCOM/lib386/nt\flib7.lib(iomain.c)
00403920       __ReleaseIOSys_
00403940       IOMain_
Module: D:\WATCOM/lib386/nt\flib7.lib(exread.c)
00403b70       DoRead_
Module: D:\WATCOM/lib386/nt\clib3r.lib(crwdata)
00416310       __osmajor
00416311       __osminor
00416312       __osbuild
00416314       __osver
00416318       __winmajor
0041631c       __winminor
00416320       __winver
004162dc       __LpDllName
004162e0       __LpwCmdLine
004162e4       __LpwPgmName
004162e8       __LpwDllName
004162d4       __LpCmdLine
004162d8       __LpPgmName
004162cc*      __dynend
004162d0       __curbrk
004162ec*      __STACKLOW
004162f0       __STACKTOP
004162f4       __ASTACKSIZ
004162f8       __ASTACKPTR
004162fc*      __cbyte
00416300*      __cbyte2
00416304*      __child
0041630a       __Envptr
0041630e*      __Envseg
00416308       __no87
00416324       ___FPE_handler
Module: D:\WATCOM/lib386/nt\flib7.lib(thrdutil.c)
00403c00*      __InitMultiThreadIO_
0041632c       ___SwitchStkLow
Module: D:\WATCOM/lib386/nt\flib7.lib(rtinit.c)
00416330       ___FAppType
00416334       __ExceptionInit
00416338       __ExceptionFini
00403c20*      __InitFThreadData_
00403c60+      RTSysFini_
00403c70       RTSysInit_
00416340       __AccessFIO
00416344       __ReleaseFIO
00416348       __PartialReleaseFIO
00418058       ___FThreadDataOffset
0041725e*      ___fthread_data_size
Module: D:\WATCOM/lib386/nt\flib7.lib(rterr.c)
0041634c+      _TraceRoutine
00403cf0       FlushStdUnit_
00403d40+      WriteErr_
00403e10       ErrHandler_
00403e50       RTErr_
00416358+      LG@ERR_HOOK
Module: D:\WATCOM/lib386/nt\flib7.lib(stdio.c)
00403e90       StdBuffer_
00403eb0       StdWrite_
00403f90       StdFlush_
00403fc0       StdWriteNL_
Module: D:\WATCOM/lib386/nt\flib7.lib(exwrite.c)
00404060       DoWrite_
Module: D:\WATCOM/lib386/nt\clib3r.lib(main2wnt.c)
00404090       __NTMain
Module: D:\WATCOM/lib386/nt\clib3r.lib(segdefns)
00401003       ___begtext
00416000*      __nullarea
00417240       __Start_XI
0041728e       __End_XI
0041728e       __Start_YI
004172be       __End_YI
Module: D:\WATCOM/lib386/nt\clib3r.lib(chk8087.c)
00404110*      _fpreset_
00404150       __chk8087_
00404160*      __init_8087_
Module: D:\WATCOM/lib386/nt\flib7.lib(english.c)
004041b0       __UseEnglishCharSet_
Module: D:\WATCOM/lib386/nt\flib7.lib(errincl.c)
004042c0       __InitError_
00416764+      _PGroupTable
00416768+      _PErrWord
Module: D:\WATCOM/lib386/nt\clib3r.lib(mainwnt.c)
0041676c       ___TlsIndex
00416770       ___FirstThreadData
00416774       ___GetThreadPtr
00416778       __AccessFileH
0041677c       __ReleaseFileH
00416780       __AccessIOB
00416784       __ReleaseIOB
00416788       __AccessNHeap
0041678c       __AccessFHeap
00416790       __ReleaseNHeap
004042f0*      __threadid_
00404310+      __sig_null_rtn_
00404320+      __NTInit_
00404500+      __NTFini_
00404560       __NTMainInit_
004045c0       __exit_
00416794       __ReleaseFHeap
00416798       __AccessTDList
0041679c       __ReleaseTDList
004167a0       __AccessFList
004167a4       __ReleaseFList
004167a8       __ThreadExitRtn
004167ac       ___sig_init_rtn
004167b0       ___sig_fini_rtn
004167b4       ___process_fini
00418068       ___Is_DLL
Module: D:\WATCOM/lib386/nt\flib7.lib(ioinit.c)
00404620       IOSysInit_
Module: D:\WATCOM/lib386/nt\flib7.lib(fdutil.c)
00404650       LocFile_
00404660       LocUnit_
00404690       ExtractInfo_
Module: D:\WATCOM/lib386/nt\flib7.lib(rstdio.c)
004047c0       _InitStandardInput_
004047f0       _InitStandardOutput_
Module: D:\WATCOM/lib386/nt\flib7.lib(rmemmgr.c)
00404820       RMemAlloc_
00404830       RMemFree_
Module: D:\WATCOM/lib386/nt\clib3r.lib(memset.c)
00404840       memset_
Module: D:\WATCOM/lib386/nt\flib7.lib(deffname.c)
004167bc       _DefFName
Module: D:\WATCOM/lib386/nt\flib7.lib(stracc.c)
00404860       TrimStr_
004048a0       GetStr_
Module: D:\WATCOM/lib386/nt\flib7.lib(spawn.c)
004048d0       Spawn_
00404930       Suicide_
Module: D:\WATCOM/lib386/nt\clib3r.lib(memicmp.c)
00404970       memicmp_
Module: D:\WATCOM/lib386/nt\flib7.lib(blderr.c)
00404a30       Substitute_
00404bf0       ErrCodOrg_
Module: D:\WATCOM/lib386/nt\clib3r.lib(accsswnt.c)
00404c00       access_
Module: D:\WATCOM/lib386/nt\clib3r.lib(fullpath.c)
00404c40+      _sys_fullpath_
00404cc0       _fullpath_
Module: D:\WATCOM/lib386/nt\clib3r.lib(fstatwnt.c)
00404d30       fstat_
Module: D:\WATCOM/lib386/nt\flib7.lib(poserr.c)
00405090       Errorf_
004050b0*      EOFile_
004050d0       ErrorMsg_
00405110       FSetTrunc_
00405120       FSetSysErr_
00405140       FSetErr_
00405160       FSetEof_
00405180       IOOk_
Module: D:\WATCOM/lib386/nt\clib3r.lib(statwnt.c)
004052a5       stat_
Module: D:\WATCOM/lib386/nt\flib7.lib(posopen.c)
004054e0       InitStd_
004055a0       SetIOBufferSize_
004055c0+      _AllocFile_
004056b0       Openf_
004057a0       Closef_
Module: D:\WATCOM/lib386/nt\flib7.lib(posdat.c)
004169ac       _FStdIn
004169b0       _FStdOut
004169b4       _FStdErr
Module: D:\WATCOM/lib386/nt\flib7.lib(posflush.c)
00405820       FlushBuffer_
Module: D:\WATCOM/lib386/nt\flib7.lib(posdel.c)
004058d0       Scratchf_
Module: D:\WATCOM/lib386/nt\clib3r.lib(nodefwin.c)
004169b8*      __WindowsIsWindowedHandle
004169bc*      __WindowsRemoveWindowedHandle
004169c0*      __WindowsNewWindow
004169c4*      __WindowsCloseWindow
004169c8*      __WindowsSetAbout
004169cc*      __WindowsSetAppTitle
004169d0*      __WindowsSetConTitle
004169d4*      __WindowsDestroyOnClose
004169d8*      __WindowsYieldControl
004169dc*      __WindowsShutDown
004169e0*      __WindowsStdin
004169e4       __WindowsStdout
004169e8*      __WindowsKbhit
004169ec*      __WindowsGetch
004169f0*      __WindowsGetche
004169f4*      __WindowsPutch
004058f0*      _dwShutDown_
004058f0*      _dwYield_
004058f0*      _dwSetConTitle_
004058f0*      _dwSetAppTitle_
004058f0*      _dwSetAboutDlg_
004058f0       _dwDeleteOnClose_
004169f8*      __WindowsExitRtn
00418684*      __init_default_win
Module: D:\WATCOM/lib386/nt\flib7.lib(posput.c)
00405900       FPutRec_
00405940       ChopFile_
00405990*      PutRec_
00405ab0       writebytes_
00405b30       SysWrite_
Module: D:\WATCOM/lib386/nt\flib7.lib(posget.c)
00405c70       readbytes_
00405d40       SysRead_
004061b0       FGetRec_
004061e0*      GetRec_
00406200       GetStdChar_
00406250       FCheckLogical_
004062d0       FSkipLogical_
004063a0*      FGetVarRecLen_
Module: D:\WATCOM/lib386/nt\flib7.lib(posseek.c)
00406490       FSeekRec_
004064d0       CurrFileOffset_
004064d0       FGetFilePos_
004064f0       SysSeek_
004066e0*      FSeekAbs_
Module: D:\WATCOM/lib386/nt\clib3r.lib(stricmp.c)
004066f0       stricmp_
Module: D:\WATCOM/lib386/nt\flib7.lib(posrew.c)
00406730       FRewind_
Module: D:\WATCOM/lib386/nt\flib7.lib(posback.c)
004067a0       FBackspace_
Module: D:\WATCOM/lib386/nt\flib7.lib(postrunc.c)
00406880       FTruncate_
Module: D:\WATCOM/lib386/nt\clib3r.lib(errno.c)
004068a0       __get_errno_ptr_
004068b0*      __get_doserrno_ptr_
Module: D:\WATCOM/lib386/nt\flib7.lib(sdfile.c)
004169fc*      _FFCtrlSeq
004169fe*      _SkipCtrlSeq
00416a00       _NormalCtrlSeq
00416a02       _SDTermIn
00416a06       _SDTermOut
00416a0a*      _SDPrtName
Module: D:\WATCOM/lib386/nt\flib7.lib(unfmtin.c)
004068c0       UnFmtIn_
00406960+      NextUnFmtRec_
Module: D:\WATCOM/lib386/nt\flib7.lib(freein.c)
00406d40+      GetNum_
00406f40       FreeIn_
00406f50*      DoFreeIn_
00406f80+      BumpComma_
00406fb0+      Blanks_
00406fd0+      CheckEor_
Module: D:\WATCOM/lib386/nt\flib7.lib(rttraps.c)
004076d0       __EnableF77RTExceptionHandling_
004076e0       R_TrapInit_
00407770       R_TrapFini_
00407780*      __InitExceptionVectors_
Module: D:\WATCOM/lib386/nt\flib7.lib(errrtns.c)
00418688       ___ErrorFini
0041868c       ___ErrorInit
00418690       ___BldErrMsg
Module: D:\WATCOM/lib386/nt\clib3r.lib(atexit.c)
004077a0       atexit_
Module: D:\WATCOM/lib386/nt\clib3r.lib(regdata.c)
00407800       __RegisterThreadDataSize_
Module: D:\WATCOM/lib386/nt\flib7.lib(errutil.c)
00407830       BldErrCode_
00407890*      MsgFormat_
004078c0*      MsgBuffer_
00416a10+      _PGrpCodes
Module: D:\WATCOM/lib386/nt\clib3r.lib(enterdb.c)
004078f0       __EnterWVIDEO_
00416a14       ___WD_Present
Module: D:\WATCOM/lib386/nt\clib3r.lib(iob.c)
00416a18       ___iob
00416c20       __fmode
00418718       ___OpenStreams
0041871c       ___ClosedStreams
Module: D:\WATCOM/lib386/nt\clib3r.lib(setmd.c)
00407920       setmode_
Module: D:\WATCOM/lib386/nt\clib3r.lib(write.c)
00407c60       write_
Module: D:\WATCOM/lib386/nt\flib7.lib(unfmtout.c)
00407fa0       UnFmtOut_
Module: D:\WATCOM/lib386/nt\flib7.lib(freeout.c)
004083f0       FreeOut_
00416c24+      _OutRtn
Module: D:\WATCOM/lib386/nt\clib3r.lib(initrtns.c)
004084e0       __InitRtns
00408530       __FiniRtns
Module: D:\WATCOM/lib386/nt\clib3r.lib(mthrdini.c)
00408590       __InitThreadData_
00416c58       ___ThreadDataSize
Module: D:\WATCOM/lib386/nt\clib3r.lib(cmain386.c)
004085c0       __CMain
Module: D:\WATCOM/lib386/nt\clib3r.lib(dosseg)
00001234       __DOSseg__
Module: D:\WATCOM/lib386/nt\clib3r.lib(8087cw.c)
00416c5c       __8087cw
Module: D:\WATCOM/lib386/nt\clib3r.lib(save8087.c)
00416c60       ___Save8087
00416c64       ___Rest8087
Module: D:\WATCOM/lib386/nt\clib3r.lib(init8087)
00408604       __x87id
Module: D:\WATCOM/lib386/nt\flib7.lib(csetinfo.c)
00418720       _CharSetInfo
Module: D:\WATCOM/lib386/nt\flib7.lib(errmsg.c)
00408970       _GroupTable
00408a20       _ErrWord
Module: D:\WATCOM/lib386/nt\clib3r.lib(hdlman.c)
00416c68+      ___NHandles
00416c6c+      ___OSHandles
00416c70+      ___FakeHandles
00409050+      __growPOSIXHandles_
004090f0       __allocPOSIXHandle_
004091b0       __freePOSIXHandle_
004091d0       __getOSHandle_
004091e0       __setOSHandle_
00409230+      __NTGetFakeHandle_
004092a0       __initPOSIXHandles_
00409380*      __set_handles_
00409390*      _grow_handles_
Module: D:\WATCOM/lib386/nt\clib3r.lib(environ.c)
00418734       ___env_mask
00418738       _environ
0041873c       __wenviron
Module: D:\WATCOM/lib386/nt\clib3r.lib(getmodfn.c)
004093d0       __lib_GetModuleFileNameW_
Module: D:\WATCOM/lib386/nt\clib3r.lib(strdup.c)
00409470       __clib_strdup_
Module: D:\WATCOM/lib386/nt\clib3r.lib(istable.c)
004094b0       __IsTable
Module: D:\WATCOM/lib386/nt\clib3r.lib(ustrdup.c)
004095b1       __clib_wcsdup_
Module: D:\WATCOM/lib386/nt\clib3r.lib(nfree.c)
004095e0       _nfree_
004095e0       free_
00418740       ___MiniHeapFreeRover
Module: D:\WATCOM/lib386/nt\clib3r.lib(excptwnt.c)
00409d50+      ___ReportException@4
0040a1a0       __DefaultExceptionHandler_
0040a1e0+      ___ExceptionFilter
0040a3f0       __NewExceptionFilter_
0040a420       __DoneExceptionFilter_
00416c7c       ___oscode_check_func
00416c80       ___raise_func
00418744*      _sw
00418748       ___ExceptionHandled
00418749+      ___ReportInvoked
Module: D:\WATCOM/lib386/nt\clib3r.lib(stklmwnt.c)
0040a460       __init_stack_limits_
Module: D:\WATCOM/lib386/nt\clib3r.lib(getenv.c)
0040a4d0       getenv_
Module: D:\WATCOM/lib386/nt\clib3r.lib(ltoa.c)
0040a560       ultoa_
0040a5b0       ltoa_
Module: D:\WATCOM/lib386/nt\clib3r.lib(nmalloc.c)
0040a5e0       _nmalloc_
0040a5e0       malloc_
00416c98       ___nheapbeg
00416c9c       ___MiniHeapRover
00416ca0       ___LargestSizeB4MiniHeapRover
Module: D:\WATCOM/lib386/nt\clib3r.lib(__stos)
0040a6e0       __STOSB
0040a717*      __STOSD
Module: D:\WATCOM/lib386/nt\clib3r.lib(setjmp)
0040a784       _setjmp_
0040a7bd       longjmp_
Module: D:\WATCOM/lib386/nt\clib3r.lib(exit.c)
0040a845+      __null_int23_exit_
0040a846       exit_
0040a896*      _exit_
00416ca4+      ___int23_exit
00416ca8+      ___FPE_handler_exit
Module: D:\WATCOM/lib386/nt\clib3r.lib(memmove.c)
0040a8b0       memmove_
Module: D:\WATCOM/lib386/nt\clib3r.lib(itoa.c)
0040a910       utoa_
0040a960       itoa_
Module: D:\WATCOM/lib386/nt\clib3r.lib(fgtattr.c)
0040a990       __fixed_GetFileAttributesA_
Module: D:\WATCOM/lib386/nt\clib3r.lib(dosret.c)
0040aa30*      _dosretax_
0040aa40*      _dosret0_
0040aa50       __set_errno_dos_
0040aa80*      __set_errno_dos_reterr_
0040aa90       __set_errno_nt_
0040aaa0*      __set_errno_nt_reterr_
Module: D:\WATCOM/lib386/nt\clib3r.lib(seterrno.c)
0040aab4       __set_errno_
0040aac2*      __set_EDOM_
0040aad0       __set_ERANGE_
0040aade*      __set_EINVAL_
0040aaf1       __set_doserrno_
Module: D:\WATCOM/lib386/nt\clib3r.lib(gtcwdwnt.c)
0040ab00       getcwd_
Module: D:\WATCOM/lib386/nt\clib3r.lib(iomode.c)
0040ab90       __GetIOMode_
0040abb0       __SetIOMode_nogrow_
00416db0       ___NFiles
00416db4       ___init_mode
00416e04       ___io_mode
Module: D:\WATCOM/lib386/nt\clib3r.lib(iomodtty.c)
0040abd0       __ChkTTYIOMode_
0040ac10       __IOMode_
Module: D:\WATCOM/lib386/nt\clib3r.lib(ntdirinf.c)
0040ac30       __MakeDOSDT_
0040ac60*      __FromDOSDT_
0040ac90*      __GetNTDirInfo_
0040acd0*      __NTFindNextFileWithAttr_
Module: D:\WATCOM/lib386/nt\clib3r.lib(d2ttime.c)
0040ad30       _d2ttime_
Module: D:\WATCOM/lib386/nt\clib3r.lib(strerror.c)
0040b0d0       strerror_
0040b0f0*      _strerror_
0040b1c0*      _doserror_
00416e08+      __sys_errlist
00416eac+      __sys_nerr
Module: D:\WATCOM/lib386/nt\clib3r.lib(_strcmp)
0040b1f0       strcmp_
Module: D:\WATCOM/lib386/nt\clib3r.lib(mbspbrk.c)
0040b330       _mbspbrk_
Module: D:\WATCOM/lib386/nt\clib3r.lib(mbsinc.c)
0040b380       _mbsinc_
Module: D:\WATCOM/lib386/nt\clib3r.lib(tolower.c)
0040b3b0       tolower_
Module: D:\WATCOM/lib386/nt\clib3r.lib(stiomode.c)
0040b3c0       __grow_iomode_
0040b490+      __shrink_iomode_
0040b4d0       __SetIOMode_
Module: D:\WATCOM/lib386/nt\clib3r.lib(close.c)
0040b540       close_
Module: D:\WATCOM/lib386/nt\clib3r.lib(openwnt.c)
0040b760*      open_
0040b780       sopen_
Module: D:\WATCOM/lib386/nt\clib3r.lib(lseek.c)
0040b7b0       lseek_
Module: D:\WATCOM/lib386/nt\flib7.lib(poscc.c)
0040b800*      __LineFeedWithFormFeed_
0040b810       FSetCC_
Module: D:\WATCOM/lib386/nt\clib3r.lib(unlnkwnt.c)
0040b870       unlink_
Module: D:\WATCOM/lib386/nt\clib3r.lib(chsizwnt.c)
0040b8f0       chsize_
Module: D:\WATCOM/lib386/nt\clib3r.lib(read.c)
0040b9e0       read_
Module: D:\WATCOM/lib386/nt\flib7.lib(rdutils.c)
0040bb70       NextRec_
Module: D:\WATCOM/lib386/nt\flib7.lib(unfmtutl.c)
0040bc80       _SizeVars
Module: D:\WATCOM/lib386/nt\flib7.lib(arrayio.c)
0040bd20       ArrayIOType_
Module: D:\WATCOM/lib386/nt\clib3r.lib(toupper.c)
0040bda0       toupper_
Module: D:\WATCOM/lib386/nt\flib7.lib(chrutils.c)
0040bdb0       JmpBlanks_
Module: D:\WATCOM/lib386/nt\flib7.lib(fmtcnvt.c)
0040bdd0       FmtS2I_
0040bf00       FmtS2F_
Module: D:\WATCOM/lib386/nt\clib3r.lib(signlwnt.c)
00416eb8+      __SignalTable
0040c2d0+      __SetSignalFunc_
0040c320+      __GetSignalFunc_
0040c350+      __GetSignalOSCode_
0040c380+      __CheckSignalExCode_
0040c4c0+      __sigabort_
0040c4d0       __sigfpe_handler_
0040c520       signal_
0040c5b0+      raise_
0040c620+      __SigInit_
0040c670+      __SigFini_
0040c6b0+      __sig_init_
Module: D:\WATCOM/lib386/nt\flib7.lib(fptraps.c)
0040c790*      __MaskDefaultFPE_
0040c7b0       FPTrapInit_
0040c7e0       FPTrapFini_
Module: D:\WATCOM/lib386/nt\clib3r.lib(trdlist.c)
0040c850       __GetThreadData_
0040c8a0       __ReallocThreadData_
0040c990       __AddThreadData_
0040ca10       __RemoveThreadData_
0040ca70       __ResizeThreadDataList_
0040caa0       __FreeThreadDataList_
0040cad0*      __ActiveThreads_
Module: D:\WATCOM/lib386/nt\flib7.lib(errgrp.c)
0040caf0       _GrpCodes
Module: D:\WATCOM/lib386/nt\clib3r.lib(initfile.c)
0040cbb0       __InitFiles_
Module: D:\WATCOM/lib386/nt\clib3r.lib(ioexit.c)
0040ccb0*      fcloseall_
0040ccc0       __full_io_exit_
Module: D:\WATCOM/lib386/nt\clib3r.lib(stackwnt.c)
0040ccd0       stackavail_
Module: D:\WATCOM/lib386/nt\clib3r.lib(stk)
0040cce1*      __CHK
0040ccf1*      __STK
0040cd10       __STKOVERFLOW_
0040cd20*      __GRO
0040cd40*      __alloca_probe
Module: D:\WATCOM/lib386/nt\flib7.lib(wrutils.c)
0040cd60       F_SendData_
0040cdc0*      SendLine_
0040cdd0       SendEOR_
0040ce60*      SendInt_
0040ce90       SendStr_
0040ceb0+      SendWSLStr_
0040ced0       SendChar_
0040cef0       Drop_
0040d0b0       IOItemResult_
Module: D:\WATCOM/lib386/nt\flib7.lib(undefcg.c)
0040d1c0       OutLogCG_
0040d1d0       OutIntCG_
0040d210+      FmtRealCG_
0040d240+      FmtDoubleCG_
0040d270+      FmtExtendedCG_
0040d2a0+      UndefIntCG_
0040d2a0+      UndefLogCG_
0040d2a0+      UndefExtendedCG_
0040d2a0+      UndefDoubleCG_
0040d2a0+      UndefRealCG_
0040d2b0+      GetRealCG_
00416f34       _FmtRealRtn
00416f38       _FmtDoubleRtn
00416f3c       _FmtExtendedRtn
00416f40       _SendStrRtn
00416f44       _UndefRealRtn
00416f48       _UndefDoubleRtn
00416f4c       _UndefExtendedRtn
00416f50       _UndefLogRtn
00416f54       _UndefIntRtn
00416f58       _GetRealRtn
Module: D:\WATCOM/lib386/nt\flib7.lib(cctrl.c)
0040d2c0       CheckCCtrl_
Module: D:\WATCOM/lib386/nt\clib3r.lib(cinit.c)
0040d330       __CommonInit_
Module: D:\WATCOM/lib386/nt\clib3r.lib(___argc.c)
00418854       ____Argc
00418858       ____Argv
Module: D:\WATCOM/lib386/nt\flib7.lib(rtmain.c)
0040d340       main_
Module: D:\WATCOM/lib386/nt\clib3r.lib(nrealloc.c)
0040d360*      _nrealloc_
0040d360       realloc_
Module: D:\WATCOM/lib386/nt\clib3r.lib(setenvp.c)
0040d3e0       __setenvp_
0040d4a0       __freeenvp_
Module: D:\WATCOM/lib386/nt\clib3r.lib(ustrlen.c)
0040d4ed       wcslen_
Module: D:\WATCOM/lib386/nt\clib3r.lib(memcpy.c)
0040d500       memcpy_
Module: D:\WATCOM/lib386/nt\clib3r.lib(mem.c)
0040d520       __MemAllocator
0040d5d0       __MemFree
Module: D:\WATCOM/lib386/nt\clib3r.lib(conutwnt.c)
0040d720*      __NTRealKey_
0040d7d0*      __NTConsoleInput_
0040d7e0       __NTConsoleOutput_
Module: D:\WATCOM/lib386/nt\clib3r.lib(fclex387.c)
0040d7f0       _ClearFPE_
Module: D:\WATCOM/lib386/nt\clib3r.lib(mbterm.c)
0040d800       _mbterm_
Module: D:\WATCOM/lib386/nt\clib3r.lib(mbsnextc.c)
0040d840       _mbsnextc_
Module: D:\WATCOM/lib386/nt\clib3r.lib(mbcupper.c)
0040d880       _mbctoupper_
Module: D:\WATCOM/lib386/nt\clib3r.lib(alphabet.c)
00416084       ___Alphabet
Module: D:\WATCOM/lib386/nt\clib3r.lib(nmemneed.c)
0040d8b0       __nmemneed_
Module: D:\WATCOM/lib386/nt\clib3r.lib(grownear.c)
0040da20       __ExpandDGROUP_
Module: D:\WATCOM/lib386/nt\clib3r.lib(ljmphdl.c)
00416f64       ___longjmp_handler
Module: D:\WATCOM/lib386/nt\clib3r.lib(isattwnt.c)
0040da50       isatty_
Module: D:\WATCOM/lib386/nt\clib3r.lib(strncpy.c)
0040da70       strncpy_
Module: D:\WATCOM/lib386/nt\clib3r.lib(mktime.c)
0040dab0       mktime_
Module: D:\WATCOM/lib386/nt\clib3r.lib(mbschr.c)
0040db40       _mbschr_
Module: D:\WATCOM/lib386/nt\clib3r.lib(mbisdbcs.c)
00418860       ___IsDBCS
Module: D:\WATCOM/lib386/nt\clib3r.lib(mbislead.c)
0040dba0*      _ismbblead_
00418864       ___MBCSIsTable
Module: D:\WATCOM/lib386/nt\clib3r.lib(_clsewnt.c)
0040dbc0       __close_
Module: D:\WATCOM/lib386/nt\clib3r.lib(ntfio.c)
0040dc20*      __GetNTCreateAttr_
0040dc60       __GetNTAccessAttr_
0040dc90       __GetNTShareAttr_
Module: D:\WATCOM/lib386/nt\clib3r.lib(umaskval.c)
00416f68       ___umaskval
Module: D:\WATCOM/lib386/nt\clib3r.lib(__lseek.c)
0040dcf0       __lseek_
Module: D:\WATCOM/lib386/nt\flib7.lib(ifile.c)
0040dd30       SendIFBuff_
0040dd60       NextIFBuff_
Module: D:\WATCOM/lib386/nt\flib7.lib(intarith.c)
0040dd90       AddIOFlo_
0040dda0*      SubIOFlo_
0040ddb0       MulIOFlo_
Module: D:\WATCOM/lib386\math387r.lib(strtod.c)
0040e2d3+      __Strtold_
0040e43a       strtod_
Module: D:\WATCOM/lib386/nt\clib3r.lib(abort.c)
0040e593*      abort_
0040e5a5       __terminate_
00416f6c       ___abort
Module: D:\WATCOM/lib386/nt\clib3r.lib(cntrl87.c)
0040e5c0       _control87_
Module: D:\WATCOM/lib386/nt\clib3r.lib(mthread.c)
0040e7a0+      __CloseSemaphore_
0040e7e0+      __AccessIOB_
0040e7f0+      __ReleaseIOB_
0040e800+      __AccessFileH_
0040e810+      __ReleaseFileH_
0040e820+      __AccessNHeap_
0040e830+      __ReleaseNHeap_
0040e840+      __AccessFHeap_
0040e850+      __ReleaseFHeap_
0040e860+      __AccessTDList_
0040e870+      __ReleaseTDList_
0040e880+      __AccessFList_
0040e890+      __AccessSemaphore_
0040e8f0+      __ReleaseFList_
0040e900+      __ReleaseSemaphore_
0040e930+      __MultipleThread_
0040e980+      __AllocInitThreadData_
0040e9d0*      __FreeInitThreadData_
0040e9e0       __NTThreadInit_
0040ea50       __NTAddThread_
0040eaa0       __NTRemoveThread_
0040eb30       __InitMultipleThread_
00416f70+      ___AccessSema4
00416f74+      ___ReleaseSema4
00416f78+      ___CloseSema4
Module: D:\WATCOM/lib386/nt\clib3r.lib(xmsgwnt.c)
0040ecf0+      __exit_with_msg_
0040ed50       __fatal_runtime_error_
Module: D:\WATCOM/lib386/nt\clib3r.lib(calloc.c)
0040ed70       calloc_
Module: D:\WATCOM/lib386/nt\clib3r.lib(register.c)
0040eda0       __initthread_
0040edb0*      _beginthread_
0040edc0       _endthread_
0040edd0*      __RegisterThreadData_
Module: D:\WATCOM/lib386/nt\clib3r.lib(fclose.c)
0040ee20+      __doclose_
0040eec0       __shutdown_stream_
0040eee0*      fclose_
004190d4+      ___RmTmpFileFn
Module: D:\WATCOM/lib386/nt\clib3r.lib(freefp.c)
0040ef30       __freefp_
0040ef80       __purgefp_
Module: D:\WATCOM/lib386/nt\flib7.lib(expchk.c)
0040efb0       ToFFormat_
Module: D:\WATCOM/lib386/nt\flib7.lib(fmtrtns.c)
0040f000       R_F2E_
0040f170       R_F2F_
0040f300       SetMaxPrec_
Module: D:\WATCOM/lib386/nt\flib7.lib(rfmtlog.c)
0040f320       R_FmtLog_
Module: D:\WATCOM/lib386/nt\flib7.lib(rfmtutil.c)
0040f380+      R_ChkType_
0040f3b0*      R_NewRec_
0040f3f0*      R_ChkIType_
0040f420*      R_ChkFType_
0040f450*      R_ChkRecLen_
0040f470+      GetLen_
0040f4b0*      R_FOStr_
0040f4c0*      FOString_
0040f530*      R_FIStr_
0040f5f0+      R_FOLog_
0040f640*      R_FILog_
0040f720*      R_FIFloat_
0040f910       GetReal_
0040fa20*      R_FOF_
0040faa0*      R_FOE_
0040fbe0+      FmtH2B_
0040fcd0*      R_FIHex_
0040fe50*      R_FOHex_
0040fe60*      FOHex_
0040ff60*      R_FIInt_
00410070*      R_FOInt_
004102d0*      R_FOG_
00410550+      ChkBuffLen_
Module: D:\WATCOM/lib386/nt\clib3r.lib(argcv.c)
004190d8       __argc
004190dc       __argv
004190e0       ___argv
004190e4       ___argc
Module: D:\WATCOM/lib386/nt\clib3r.lib(nmsize.c)
00410580       _nmsize_
00410580*      _msize_
Module: D:\WATCOM/lib386/nt\clib3r.lib(nexpand.c)
00410590       _nexpand_
00410590*      _expand_
004105d0+      __HeapManager_expand_
Module: D:\WATCOM/lib386/nt\clib3r.lib(dofilstr.c)
004107b0       __ParsePosixHandleStr_
Module: D:\WATCOM/lib386/nt\clib3r.lib(clearenv.c)
004108d0       clearenv_
Module: D:\WATCOM/lib386/nt\clib3r.lib(mbconv.c)
00410960       _mbvtop_
Module: D:\WATCOM/lib386/nt\clib3r.lib(amblksiz.c)
00416f88       __amblksiz
Module: D:\WATCOM/lib386/nt\clib3r.lib(heapen.c)
00410980*      _heapenable_
00416f8c       ___heap_enabled
Module: D:\WATCOM/lib386/nt\clib3r.lib(nheapmin.c)
004109b0       _nheapshrink_
004109b0*      _nheapmin_
004109b0*      _heapmin_
004109b0       _heapshrink_
Module: D:\WATCOM/lib386/nt\clib3r.lib(locmktim.c)
00410aa0       __local_mktime_
Module: D:\WATCOM/lib386/nt\clib3r.lib(gmtime.c)
00410c20       __brktime_
00410d20+      _gmtime_
00410d40*      gmtime_
Module: D:\WATCOM/lib386/nt\clib3r.lib(tzset.c)
00416f90       ___start_dst
00416fb4       ___end_dst
004170dc*      _tzname
004170e4       _timezone
004170e8       _daylight
004170ec       ___dst_adjust
00410db0*      __DontCacheOSTZ_
00410dc0*      __CacheOSTZ_
004112a0+      __parse_tz_
00411690       tzset_
Module: D:\WATCOM/lib386/nt\clib3r.lib(timeutil.c)
00411800       __isindst_
Module: D:\WATCOM/lib386/nt\clib3r.lib(mbclen.c)
00411b30       _mbclen_
Module: D:\WATCOM/lib386/nt\clib3r.lib(mbccmp.c)
00411b60       _mbccmp_
Module: D:\WATCOM/lib386/nt\clib3r.lib(mbinit.c)
00411bd5       __mbinit_
004170f4       ___MBCodePage
Module: D:\WATCOM/lib386\math387r.lib(bufld386)
00411cc4       __ZBuf2LD
Module: D:\WATCOM/lib386\math387r.lib(ldcvt.c)
00411e46       _LDScale10x_
004123ed       __LDcvt_
Module: D:\WATCOM/lib386\math387r.lib(inf_nan.c)
0041283a*      ___f_infinity
0041283e*      ___f_posqnan
00412842       ___d_infinity
0041284a       ___d_posqnan
00412852*      ___ld_infinity
0041285a*      ___ld_posqnan
Module: D:\WATCOM/lib386/nt\clib3r.lib(hugeval.c)
00412870       __HugeValue
Module: D:\WATCOM/lib386/nt\clib3r.lib(trdalloc.c)
00412880       __FiniThreadProcessing_
Module: D:\WATCOM/lib386/nt\clib3r.lib(thredwnt.c)
00412940       __CBeginThread_
004129e0       __CEndThread_
Module: D:\WATCOM/lib386/nt\clib3r.lib(flush.c)
00412a20       __flush_
Module: D:\WATCOM/lib386/nt\flib7.lib(flt86.c)
00412b20       _P1d100
00412b28       _P1d_99
Module: D:\WATCOM/lib386\math387r.lib(pow87)
00412c89*      pow_
00412b30       IF@DPOW
00412b30*      IF@POW
Module: D:\WATCOM/lib386/nt\flib7.lib(hexcnv.c)
00412cb0       Hex_
00412cd0*      HSToB_
00412d40       BToHS_
Module: D:\WATCOM/lib386/nt\clib3r.lib(strupr.c)
00412d90       strupr_
Module: D:\WATCOM/lib386/nt\clib3r.lib(initargv.c)
00412db0       __Init_Argv_
00412e00+      _getargv_
00412fa0       __Fini_Argv_
Module: D:\WATCOM/lib386/nt\clib3r.lib(strtol.c)
004131d0*      strtoul_
004131e0       strtol_
Module: D:\WATCOM/lib386/nt\clib3r.lib(putenv.c)
004131f0       putenv_
00413480       __putenv_
Module: D:\WATCOM/lib386/nt\clib3r.lib(leapyear.c)
004135f0       __leapyear_
004160e4       ___diyr
004160fe       ___dilyr
Module: D:\WATCOM/lib386/nt\clib3r.lib(wcstombs.c)
00413630       wcstombs_
Module: D:\WATCOM/lib386\math387r.lib(ldclass.c)
004136cf       __LDClass_
0041371f*      _FLClass_
Module: D:\WATCOM/lib386/nt\clib3r.lib(fsync.c)
00413730       fsync_
Module: D:\WATCOM/lib386/nt\clib3r.lib(qwrit.c)
00413780       __qwrite_
Module: D:\WATCOM/lib386/nt\clib3r.lib(chipvar)
0041722c       ___chipbug
0041722c       __chipbug
Module: D:\WATCOM/lib386\math387r.lib(pow87e.c)
00413860       __pow87_err_
Module: D:\WATCOM/lib386\math387r.lib(exp87)
0041394f*      exp_
004138e8*      __@DEXP1
004138f0*      IF@EXP
004138f0*      IF@DEXP
004138f2       __@DEXP
Module: D:\WATCOM/lib386/nt\clib3r.lib(chipd32.asm)
00413a73       __fdiv_fpr
00413f35*      __fdiv_chk
00413f48*      __fdiv_m32
00413f95*      __fdiv_m64
00413fe2*      __fdiv_m32r
0041402f*      __fdiv_m64r
Module: D:\WATCOM/lib386/nt\clib3r.lib(histsplt.c)
004190ec       ___historical_splitparms
Module: D:\WATCOM/lib386/nt\clib3r.lib(mbslen.c)
00414080       _mbslen_
Module: D:\WATCOM/lib386/nt\clib3r.lib(mbstowcs.c)
004140b0       mbstowcs_
Module: D:\WATCOM/lib386/nt\clib3r.lib(uputenv.c)
00414130*      _wputenv_
00414350       __wputenv_
Module: D:\WATCOM/lib386/nt\clib3r.lib(wctomb.c)
00414450       wctomb_
Module: D:\WATCOM/lib386/nt\clib3r.lib(chipbug.c)
00414490       __verify_pentium_fdiv_bug_
Module: D:\WATCOM/lib386/nt\flib7.lib(_matherr.c)
004144f0*      __imath2err_
00414530*      __amath1err_
00414560*      __amath2err_
00414590       __math2err_
004146a0       __math1err_
004146b0*      __zmath2err_
00414710*      __qmath2err_
Module: D:\WATCOM/lib386\math387r.lib(math87e.c)
00414776       __math87_err_
Module: D:\WATCOM/lib386/nt\clib3r.lib(mbtowc.c)
004147f0       mbtowc_
Module: D:\WATCOM/lib386/nt\clib3r.lib(ustrchr.c)
00414880       wcschr_
Module: D:\WATCOM/lib386/nt\clib3r.lib(setenvar.c)
004148a0       __lib_SetEnvironmentVariableW_
Module: D:\WATCOM/lib386/nt\clib3r.lib(crtwenv.c)
00414990       __create_wide_environment_
Module: D:\WATCOM/lib386/nt\clib3r.lib(utoupper.c)
004149f8       towupper_


                        +----------------------+
                        |   Imported Symbols   |
                        +----------------------+

Symbol                              Module
======                              ======

_MessageBoxA@16                     USER32.DLL
_GetEnvironmentStringsA@0           KERNEL32.DLL
_GetVersion@0                       KERNEL32.DLL
_GetModuleFileNameA@12              KERNEL32.DLL
_GetCommandLineA@0                  KERNEL32.DLL
_GetCommandLineW@0                  KERNEL32.DLL
_FreeEnvironmentStringsA@4          KERNEL32.DLL
_GetModuleHandleA@4                 KERNEL32.DLL
_ExitProcess@4                      KERNEL32.DLL
_RtlUnwind@16                       KERNEL32.DLL
_GetFullPathNameA@16                KERNEL32.DLL
_GetFileType@4                      KERNEL32.DLL
_GetFileInformationByHandle@8       KERNEL32.DLL
_GetFileTime@16                     KERNEL32.DLL
_GetFileSize@8                      KERNEL32.DLL
_CreateFileA@28                     KERNEL32.DLL
_CloseHandle@4                      KERNEL32.DLL
_GetLastError@0                     KERNEL32.DLL
_GetDriveTypeA@4                    KERNEL32.DLL
_FindFirstFileA@8                   KERNEL32.DLL
_FindClose@4                        KERNEL32.DLL
_SetFilePointer@16                  KERNEL32.DLL
_WriteFile@20                       KERNEL32.DLL
_GetCurrentThreadId@0               KERNEL32.DLL
_SetStdHandle@8                     KERNEL32.DLL
_CreateEventA@16                    KERNEL32.DLL
_GetStdHandle@4                     KERNEL32.DLL
_GetModuleFileNameW@12              KERNEL32.DLL
_MultiByteToWideChar@24             KERNEL32.DLL
_LoadLibraryA@4                     KERNEL32.DLL
_GetProcAddress@8                   KERNEL32.DLL
_SetUnhandledExceptionFilter@4      KERNEL32.DLL
_UnhandledExceptionFilter@4         KERNEL32.DLL
_VirtualQuery@12                    KERNEL32.DLL
_GetFileAttributesA@4               KERNEL32.DLL
_GetCurrentDirectoryA@8             KERNEL32.DLL
_FileTimeToLocalFileTime@8          KERNEL32.DLL
_FileTimeToDosDateTime@12           KERNEL32.DLL
_DosDateTimeToFileTime@12           KERNEL32.DLL
_LocalFileTimeToFileTime@8          KERNEL32.DLL
_FindNextFileA@8                    KERNEL32.DLL
_FormatMessageA@28                  KERNEL32.DLL
_DeleteFileA@4                      KERNEL32.DLL
_SetEndOfFile@4                     KERNEL32.DLL
_ReadFile@20                        KERNEL32.DLL
_SetConsoleCtrlHandler@8            KERNEL32.DLL
_TlsGetValue@4                      KERNEL32.DLL
_TlsSetValue@8                      KERNEL32.DLL
_CharUpperA@4                       USER32.DLL
_VirtualAlloc@16                    KERNEL32.DLL
_InitializeCriticalSection@4        KERNEL32.DLL
_DeleteCriticalSection@4            KERNEL32.DLL
_LeaveCriticalSection@4             KERNEL32.DLL
_EnterCriticalSection@4             KERNEL32.DLL
_SetLastError@4                     KERNEL32.DLL
_TlsAlloc@0                         KERNEL32.DLL
_TlsFree@4                          KERNEL32.DLL
_VirtualFree@12                     KERNEL32.DLL
_GetTimeZoneInformation@4           KERNEL32.DLL
_GetACP@0                           KERNEL32.DLL
_GetOEMCP@0                         KERNEL32.DLL
_GetCPInfo@8                        KERNEL32.DLL
_CreateThread@24                    KERNEL32.DLL
_ResumeThread@4                     KERNEL32.DLL
_ExitThread@4                       KERNEL32.DLL
_SetEnvironmentVariableA@8          KERNEL32.DLL
_FlushFileBuffers@4                 KERNEL32.DLL
_WideCharToMultiByte@32             KERNEL32.DLL
_SetEnvironmentVariableW@8          KERNEL32.DLL


                        +--------------------+
                        |   Libraries Used   |
                        +--------------------+

D:\WATCOM/lib386/nt\kernel32.lib
D:\WATCOM/lib386/nt\user32.lib
D:\WATCOM/lib386/nt\flib7.lib
D:\WATCOM/lib386\math387r.lib
D:\WATCOM/lib386/nt\clib3r.lib
D:\WATCOM/lib386/nt\emu387.lib


                        +-----------------------+
                        |   Linker Statistics   |
                        +-----------------------+

Stack size:  00010000 (65536.)
Memory size:  0bee361c (200160796.)
Entry point address: 0040255a
Link time: 00:00.50
